openai openai: generation/openai/unary generation/openai/streaming token_count/openai/unary generation/anthropic/unary generation/anthropic/streaming token_count/anthropic/unary generation/gemini/unary generation/gemini/streaming token_count/gemini/unary embeddings/openai/unary moderation/openai/unary translation/openai/unary image_generation/openai/unary image_generation/openai/streaming image_edit/openai/unary image_edit/openai/streaming speech/openai/unary speech/openai/streaming transcription/openai/unary transcription/openai/streaming image_variation/openai/unary video_list/openai/unary video_get/openai/unary video_content/openai/unary video_delete/openai/unary video_create/openai/async batch/openai/unary realtime/openai/realtime
openai_compatible openai_compatible: generation/openai/unary generation/openai/streaming token_count/openai/unary embeddings/openai/unary moderation/openai/unary
openai_compatible groq: generation/openai/unary generation/openai/streaming
openai_compatible mistral: generation/openai/unary generation/openai/streaming embeddings/openai/unary
openai_compatible openrouter: generation/openai/unary generation/openai/streaming
openai_compatible together: generation/openai/unary generation/openai/streaming embeddings/openai/unary
openai_compatible vllm: generation/openai/unary generation/openai/streaming embeddings/openai/unary
openai_compatible deepseek: generation/openai/unary generation/openai/streaming
openai_compatible fireworks: generation/openai/unary generation/openai/streaming
openai_compatible deepinfra: generation/openai/unary generation/openai/streaming
openai_compatible huggingface: generation/openai/unary generation/openai/streaming
openai_compatible perplexity: generation/openai/unary generation/openai/streaming
openai_compatible cohere: generation/openai/unary generation/openai/streaming embeddings/openai/unary rerank/openai/unary
openai_compatible cohere-native-v2: embeddings/openai/unary rerank/openai/unary
openai_compatible voyage: embeddings/openai/unary rerank/openai/unary
anthropic anthropic: generation/openai/unary generation/openai/streaming token_count/openai/unary generation/anthropic/unary generation/anthropic/streaming token_count/anthropic/unary generation/gemini/unary generation/gemini/streaming token_count/gemini/unary
gemini google: generation/openai/unary generation/openai/streaming token_count/openai/unary generation/anthropic/unary generation/anthropic/streaming token_count/anthropic/unary generation/gemini/unary generation/gemini/streaming token_count/gemini/unary embeddings/openai/unary
azure_openai azure: generation/openai/unary generation/openai/streaming token_count/openai/unary generation/anthropic/unary generation/anthropic/streaming token_count/anthropic/unary generation/gemini/unary generation/gemini/streaming token_count/gemini/unary embeddings/openai/unary moderation/openai/unary batch/openai/unary realtime/openai/realtime
vertex_ai google-vertex: generation/openai/unary generation/openai/streaming token_count/openai/unary generation/anthropic/unary generation/anthropic/streaming token_count/anthropic/unary generation/gemini/unary generation/gemini/streaming token_count/gemini/unary embeddings/openai/unary image_generation/openai/unary
bedrock amazon-bedrock: generation/openai/unary generation/openai/streaming token_count/openai/unary generation/anthropic/unary generation/anthropic/streaming token_count/anthropic/unary generation/gemini/unary generation/gemini/streaming token_count/gemini/unary embeddings/openai/unary image_generation/openai/unary generation/bedrock/unary generation/bedrock/streaming bedrock_invoke/bedrock/unary bedrock_invoke/bedrock/streaming
plugin plugin: generation/openai/unary generation/openai/streaming generation/anthropic/unary generation/anthropic/streaming generation/gemini/unary generation/gemini/streaming
