openai "": generation/openai/unary generation/openai/streaming generation/anthropic/unary generation/anthropic/streaming generation/gemini/unary generation/gemini/streaming token_count/openai/unary token_count/anthropic/unary token_count/gemini/unary embeddings/openai/unary moderation/openai/unary batch/openai/unary realtime/openai/realtime image_generation/openai/unary image_generation/openai/streaming image_edit/openai/unary image_edit/openai/streaming image_variation/openai/unary speech/openai/unary speech/openai/streaming transcription/openai/unary transcription/openai/streaming translation/openai/unary video_create/openai/async video_list/openai/unary video_get/openai/unary video_content/openai/unary video_delete/openai/unary
openai "unreviewed": generation/openai/unary generation/openai/streaming generation/anthropic/unary generation/anthropic/streaming generation/gemini/unary generation/gemini/streaming token_count/openai/unary token_count/anthropic/unary token_count/gemini/unary embeddings/openai/unary moderation/openai/unary batch/openai/unary realtime/openai/realtime image_generation/openai/unary image_generation/openai/streaming image_edit/openai/unary image_edit/openai/streaming image_variation/openai/unary speech/openai/unary speech/openai/streaming transcription/openai/unary transcription/openai/streaming translation/openai/unary video_create/openai/async video_list/openai/unary video_get/openai/unary video_content/openai/unary video_delete/openai/unary
openai "openai": generation/openai/unary generation/openai/streaming generation/anthropic/unary generation/anthropic/streaming generation/gemini/unary generation/gemini/streaming token_count/openai/unary token_count/anthropic/unary token_count/gemini/unary embeddings/openai/unary moderation/openai/unary batch/openai/unary realtime/openai/realtime image_generation/openai/unary image_generation/openai/streaming image_edit/openai/unary image_edit/openai/streaming image_variation/openai/unary speech/openai/unary speech/openai/streaming transcription/openai/unary transcription/openai/streaming translation/openai/unary video_create/openai/async video_list/openai/unary video_get/openai/unary video_content/openai/unary video_delete/openai/unary
openai "openai_compatible": generation/openai/unary generation/openai/streaming generation/anthropic/unary generation/anthropic/streaming generation/gemini/unary generation/gemini/streaming token_count/openai/unary token_count/anthropic/unary token_count/gemini/unary embeddings/openai/unary moderation/openai/unary image_generation/openai/unary image_generation/openai/streaming image_edit/openai/unary image_edit/openai/streaming image_variation/openai/unary speech/openai/unary speech/openai/streaming transcription/openai/unary transcription/openai/streaming translation/openai/unary video_create/openai/async video_list/openai/unary video_get/openai/unary video_content/openai/unary video_delete/openai/unary
openai "anthropic": generation/openai/unary generation/openai/streaming generation/anthropic/unary generation/anthropic/streaming generation/gemini/unary generation/gemini/streaming token_count/openai/unary token_count/anthropic/unary token_count/gemini/unary
openai "google": generation/openai/unary generation/openai/streaming generation/anthropic/unary generation/anthropic/streaming generation/gemini/unary generation/gemini/streaming token_count/openai/unary token_count/anthropic/unary token_count/gemini/unary embeddings/openai/unary
openai "google-vertex": generation/openai/unary generation/openai/streaming generation/anthropic/unary generation/anthropic/streaming generation/gemini/unary generation/gemini/streaming token_count/openai/unary token_count/anthropic/unary token_count/gemini/unary embeddings/openai/unary image_generation/openai/unary image_generation/openai/streaming
openai "amazon-bedrock": generation/openai/unary generation/openai/streaming generation/anthropic/unary generation/anthropic/streaming generation/gemini/unary generation/gemini/streaming token_count/openai/unary token_count/anthropic/unary token_count/gemini/unary embeddings/openai/unary image_generation/openai/unary image_generation/openai/streaming
openai "amazon-sagemaker": generation/openai/unary generation/openai/streaming generation/anthropic/unary generation/anthropic/streaming generation/gemini/unary generation/gemini/streaming
openai "ibm-watsonx": generation/openai/unary generation/openai/streaming generation/anthropic/unary generation/anthropic/streaming generation/gemini/unary generation/gemini/streaming
openai "azure": generation/openai/unary generation/openai/streaming generation/anthropic/unary generation/anthropic/streaming generation/gemini/unary generation/gemini/streaming token_count/openai/unary token_count/anthropic/unary token_count/gemini/unary embeddings/openai/unary moderation/openai/unary batch/openai/unary realtime/openai/realtime image_generation/openai/unary image_generation/openai/streaming image_edit/openai/unary image_edit/openai/streaming image_variation/openai/unary speech/openai/unary speech/openai/streaming transcription/openai/unary transcription/openai/streaming translation/openai/unary video_create/openai/async video_list/openai/unary video_get/openai/unary video_content/openai/unary video_delete/openai/unary
openai "groq": generation/openai/unary generation/openai/streaming generation/anthropic/unary generation/anthropic/streaming generation/gemini/unary generation/gemini/streaming
openai "mistral": generation/openai/unary generation/openai/streaming generation/anthropic/unary generation/anthropic/streaming generation/gemini/unary generation/gemini/streaming embeddings/openai/unary
openai "openrouter": generation/openai/unary generation/openai/streaming generation/anthropic/unary generation/anthropic/streaming generation/gemini/unary generation/gemini/streaming embeddings/openai/unary
openai "together": generation/openai/unary generation/openai/streaming generation/anthropic/unary generation/anthropic/streaming generation/gemini/unary generation/gemini/streaming embeddings/openai/unary
openai "vllm": generation/openai/unary generation/openai/streaming generation/anthropic/unary generation/anthropic/streaming generation/gemini/unary generation/gemini/streaming embeddings/openai/unary
openai "deepseek": generation/openai/unary generation/openai/streaming generation/anthropic/unary generation/anthropic/streaming generation/gemini/unary generation/gemini/streaming
openai "fireworks": generation/openai/unary generation/openai/streaming generation/anthropic/unary generation/anthropic/streaming generation/gemini/unary generation/gemini/streaming embeddings/openai/unary
openai "deepinfra": generation/openai/unary generation/openai/streaming generation/anthropic/unary generation/anthropic/streaming generation/gemini/unary generation/gemini/streaming embeddings/openai/unary
openai "huggingface": generation/openai/unary generation/openai/streaming generation/anthropic/unary generation/anthropic/streaming generation/gemini/unary generation/gemini/streaming
openai "cohere": generation/openai/unary generation/openai/streaming generation/anthropic/unary generation/anthropic/streaming generation/gemini/unary generation/gemini/streaming embeddings/openai/unary
openai "cohere-native-v2": generation/openai/unary generation/openai/streaming generation/anthropic/unary generation/anthropic/streaming generation/gemini/unary generation/gemini/streaming embeddings/openai/unary
openai "voyage": embeddings/openai/unary
openai_compatible "": generation/openai/unary generation/openai/streaming token_count/openai/unary embeddings/openai/unary moderation/openai/unary image_generation/openai/unary image_generation/openai/streaming image_edit/openai/unary image_edit/openai/streaming image_variation/openai/unary speech/openai/unary speech/openai/streaming transcription/openai/unary transcription/openai/streaming translation/openai/unary video_create/openai/async video_list/openai/unary video_get/openai/unary video_content/openai/unary video_delete/openai/unary
openai_compatible "unreviewed": generation/openai/unary generation/openai/streaming token_count/openai/unary embeddings/openai/unary moderation/openai/unary image_generation/openai/unary image_generation/openai/streaming image_edit/openai/unary image_edit/openai/streaming image_variation/openai/unary speech/openai/unary speech/openai/streaming transcription/openai/unary transcription/openai/streaming translation/openai/unary video_create/openai/async video_list/openai/unary video_get/openai/unary video_content/openai/unary video_delete/openai/unary
openai_compatible "openai": generation/openai/unary generation/openai/streaming token_count/openai/unary embeddings/openai/unary moderation/openai/unary image_generation/openai/unary image_generation/openai/streaming image_edit/openai/unary image_edit/openai/streaming image_variation/openai/unary speech/openai/unary speech/openai/streaming transcription/openai/unary transcription/openai/streaming translation/openai/unary video_create/openai/async video_list/openai/unary video_get/openai/unary video_content/openai/unary video_delete/openai/unary
openai_compatible "openai_compatible": generation/openai/unary generation/openai/streaming token_count/openai/unary embeddings/openai/unary moderation/openai/unary image_generation/openai/unary image_generation/openai/streaming image_edit/openai/unary image_edit/openai/streaming image_variation/openai/unary speech/openai/unary speech/openai/streaming transcription/openai/unary transcription/openai/streaming translation/openai/unary video_create/openai/async video_list/openai/unary video_get/openai/unary video_content/openai/unary video_delete/openai/unary
openai_compatible "anthropic": token_count/openai/unary
openai_compatible "google": token_count/openai/unary embeddings/openai/unary
openai_compatible "google-vertex": generation/openai/unary generation/openai/streaming token_count/openai/unary embeddings/openai/unary image_generation/openai/unary image_generation/openai/streaming
openai_compatible "amazon-bedrock": token_count/openai/unary embeddings/openai/unary image_generation/openai/unary image_generation/openai/streaming
openai_compatible "amazon-sagemaker": generation/openai/unary generation/openai/streaming
openai_compatible "ibm-watsonx": generation/openai/unary generation/openai/streaming
openai_compatible "azure": generation/openai/unary generation/openai/streaming token_count/openai/unary embeddings/openai/unary moderation/openai/unary image_generation/openai/unary image_generation/openai/streaming image_edit/openai/unary image_edit/openai/streaming image_variation/openai/unary speech/openai/unary speech/openai/streaming transcription/openai/unary transcription/openai/streaming translation/openai/unary video_create/openai/async video_list/openai/unary video_get/openai/unary video_content/openai/unary video_delete/openai/unary
openai_compatible "groq": generation/openai/unary generation/openai/streaming
openai_compatible "mistral": generation/openai/unary generation/openai/streaming embeddings/openai/unary
openai_compatible "openrouter": generation/openai/unary generation/openai/streaming embeddings/openai/unary
openai_compatible "together": generation/openai/unary generation/openai/streaming embeddings/openai/unary
openai_compatible "vllm": generation/openai/unary generation/openai/streaming embeddings/openai/unary
openai_compatible "deepseek": generation/openai/unary generation/openai/streaming
openai_compatible "fireworks": generation/openai/unary generation/openai/streaming embeddings/openai/unary
openai_compatible "deepinfra": generation/openai/unary generation/openai/streaming embeddings/openai/unary
openai_compatible "huggingface": generation/openai/unary generation/openai/streaming
openai_compatible "cohere": generation/openai/unary generation/openai/streaming embeddings/openai/unary rerank/openai/unary
openai_compatible "cohere-native-v2": embeddings/openai/unary rerank/openai/unary
openai_compatible "voyage": embeddings/openai/unary rerank/openai/unary
anthropic "": generation/openai/unary generation/openai/streaming generation/anthropic/unary generation/anthropic/streaming generation/gemini/unary generation/gemini/streaming token_count/openai/unary token_count/anthropic/unary token_count/gemini/unary
anthropic "unreviewed": generation/openai/unary generation/openai/streaming generation/anthropic/unary generation/anthropic/streaming generation/gemini/unary generation/gemini/streaming token_count/openai/unary token_count/anthropic/unary token_count/gemini/unary
anthropic "openai": generation/openai/unary generation/openai/streaming generation/anthropic/unary generation/anthropic/streaming generation/gemini/unary generation/gemini/streaming token_count/openai/unary token_count/anthropic/unary token_count/gemini/unary
anthropic "openai_compatible": generation/openai/unary generation/openai/streaming generation/anthropic/unary generation/anthropic/streaming generation/gemini/unary generation/gemini/streaming token_count/openai/unary token_count/anthropic/unary token_count/gemini/unary
anthropic "anthropic": generation/openai/unary generation/openai/streaming generation/anthropic/unary generation/anthropic/streaming generation/gemini/unary generation/gemini/streaming token_count/openai/unary token_count/anthropic/unary token_count/gemini/unary
anthropic "google": generation/openai/unary generation/openai/streaming generation/anthropic/unary generation/anthropic/streaming generation/gemini/unary generation/gemini/streaming token_count/openai/unary token_count/anthropic/unary token_count/gemini/unary
anthropic "google-vertex": generation/openai/unary generation/openai/streaming generation/anthropic/unary generation/anthropic/streaming generation/gemini/unary generation/gemini/streaming token_count/openai/unary token_count/anthropic/unary token_count/gemini/unary
anthropic "amazon-bedrock": generation/openai/unary generation/openai/streaming generation/anthropic/unary generation/anthropic/streaming generation/gemini/unary generation/gemini/streaming token_count/openai/unary token_count/anthropic/unary token_count/gemini/unary
anthropic "amazon-sagemaker": generation/openai/unary generation/openai/streaming generation/anthropic/unary generation/anthropic/streaming generation/gemini/unary generation/gemini/streaming
anthropic "ibm-watsonx": generation/openai/unary generation/openai/streaming generation/anthropic/unary generation/anthropic/streaming generation/gemini/unary generation/gemini/streaming
anthropic "azure": generation/openai/unary generation/openai/streaming generation/anthropic/unary generation/anthropic/streaming generation/gemini/unary generation/gemini/streaming token_count/openai/unary token_count/anthropic/unary token_count/gemini/unary
anthropic "groq": generation/openai/unary generation/openai/streaming generation/anthropic/unary generation/anthropic/streaming generation/gemini/unary generation/gemini/streaming
anthropic "mistral": generation/openai/unary generation/openai/streaming generation/anthropic/unary generation/anthropic/streaming generation/gemini/unary generation/gemini/streaming
anthropic "openrouter": generation/openai/unary generation/openai/streaming generation/anthropic/unary generation/anthropic/streaming generation/gemini/unary generation/gemini/streaming
anthropic "together": generation/openai/unary generation/openai/streaming generation/anthropic/unary generation/anthropic/streaming generation/gemini/unary generation/gemini/streaming
anthropic "vllm": generation/openai/unary generation/openai/streaming generation/anthropic/unary generation/anthropic/streaming generation/gemini/unary generation/gemini/streaming
anthropic "deepseek": generation/openai/unary generation/openai/streaming generation/anthropic/unary generation/anthropic/streaming generation/gemini/unary generation/gemini/streaming
anthropic "fireworks": generation/openai/unary generation/openai/streaming generation/anthropic/unary generation/anthropic/streaming generation/gemini/unary generation/gemini/streaming
anthropic "deepinfra": generation/openai/unary generation/openai/streaming generation/anthropic/unary generation/anthropic/streaming generation/gemini/unary generation/gemini/streaming
anthropic "huggingface": generation/openai/unary generation/openai/streaming generation/anthropic/unary generation/anthropic/streaming generation/gemini/unary generation/gemini/streaming
anthropic "cohere": generation/openai/unary generation/openai/streaming generation/anthropic/unary generation/anthropic/streaming generation/gemini/unary generation/gemini/streaming
anthropic "cohere-native-v2": generation/openai/unary generation/openai/streaming generation/anthropic/unary generation/anthropic/streaming generation/gemini/unary generation/gemini/streaming
anthropic "voyage": 
gemini "": generation/openai/unary generation/openai/streaming generation/anthropic/unary generation/anthropic/streaming generation/gemini/unary generation/gemini/streaming token_count/openai/unary token_count/anthropic/unary token_count/gemini/unary embeddings/openai/unary
gemini "unreviewed": generation/openai/unary generation/openai/streaming generation/anthropic/unary generation/anthropic/streaming generation/gemini/unary generation/gemini/streaming token_count/openai/unary token_count/anthropic/unary token_count/gemini/unary embeddings/openai/unary
gemini "openai": generation/openai/unary generation/openai/streaming generation/anthropic/unary generation/anthropic/streaming generation/gemini/unary generation/gemini/streaming token_count/openai/unary token_count/anthropic/unary token_count/gemini/unary embeddings/openai/unary
gemini "openai_compatible": generation/openai/unary generation/openai/streaming generation/anthropic/unary generation/anthropic/streaming generation/gemini/unary generation/gemini/streaming token_count/openai/unary token_count/anthropic/unary token_count/gemini/unary embeddings/openai/unary
gemini "anthropic": generation/openai/unary generation/openai/streaming generation/anthropic/unary generation/anthropic/streaming generation/gemini/unary generation/gemini/streaming token_count/openai/unary token_count/anthropic/unary token_count/gemini/unary
gemini "google": generation/openai/unary generation/openai/streaming generation/anthropic/unary generation/anthropic/streaming generation/gemini/unary generation/gemini/streaming token_count/openai/unary token_count/anthropic/unary token_count/gemini/unary embeddings/openai/unary
gemini "google-vertex": generation/openai/unary generation/openai/streaming generation/anthropic/unary generation/anthropic/streaming generation/gemini/unary generation/gemini/streaming token_count/openai/unary token_count/anthropic/unary token_count/gemini/unary embeddings/openai/unary
gemini "amazon-bedrock": generation/openai/unary generation/openai/streaming generation/anthropic/unary generation/anthropic/streaming generation/gemini/unary generation/gemini/streaming token_count/openai/unary token_count/anthropic/unary token_count/gemini/unary embeddings/openai/unary
gemini "amazon-sagemaker": generation/openai/unary generation/openai/streaming generation/anthropic/unary generation/anthropic/streaming generation/gemini/unary generation/gemini/streaming
gemini "ibm-watsonx": generation/openai/unary generation/openai/streaming generation/anthropic/unary generation/anthropic/streaming generation/gemini/unary generation/gemini/streaming
gemini "azure": generation/openai/unary generation/openai/streaming generation/anthropic/unary generation/anthropic/streaming generation/gemini/unary generation/gemini/streaming token_count/openai/unary token_count/anthropic/unary token_count/gemini/unary embeddings/openai/unary
gemini "groq": generation/openai/unary generation/openai/streaming generation/anthropic/unary generation/anthropic/streaming generation/gemini/unary generation/gemini/streaming
gemini "mistral": generation/openai/unary generation/openai/streaming generation/anthropic/unary generation/anthropic/streaming generation/gemini/unary generation/gemini/streaming embeddings/openai/unary
gemini "openrouter": generation/openai/unary generation/openai/streaming generation/anthropic/unary generation/anthropic/streaming generation/gemini/unary generation/gemini/streaming embeddings/openai/unary
gemini "together": generation/openai/unary generation/openai/streaming generation/anthropic/unary generation/anthropic/streaming generation/gemini/unary generation/gemini/streaming embeddings/openai/unary
gemini "vllm": generation/openai/unary generation/openai/streaming generation/anthropic/unary generation/anthropic/streaming generation/gemini/unary generation/gemini/streaming embeddings/openai/unary
gemini "deepseek": generation/openai/unary generation/openai/streaming generation/anthropic/unary generation/anthropic/streaming generation/gemini/unary generation/gemini/streaming
gemini "fireworks": generation/openai/unary generation/openai/streaming generation/anthropic/unary generation/anthropic/streaming generation/gemini/unary generation/gemini/streaming embeddings/openai/unary
gemini "deepinfra": generation/openai/unary generation/openai/streaming generation/anthropic/unary generation/anthropic/streaming generation/gemini/unary generation/gemini/streaming embeddings/openai/unary
gemini "huggingface": generation/openai/unary generation/openai/streaming generation/anthropic/unary generation/anthropic/streaming generation/gemini/unary generation/gemini/streaming
gemini "cohere": generation/openai/unary generation/openai/streaming generation/anthropic/unary generation/anthropic/streaming generation/gemini/unary generation/gemini/streaming embeddings/openai/unary
gemini "cohere-native-v2": generation/openai/unary generation/openai/streaming generation/anthropic/unary generation/anthropic/streaming generation/gemini/unary generation/gemini/streaming embeddings/openai/unary
gemini "voyage": embeddings/openai/unary
azure_openai "": generation/openai/unary generation/openai/streaming generation/anthropic/unary generation/anthropic/streaming generation/gemini/unary generation/gemini/streaming token_count/openai/unary token_count/anthropic/unary token_count/gemini/unary embeddings/openai/unary moderation/openai/unary batch/openai/unary realtime/openai/realtime image_generation/openai/unary image_generation/openai/streaming image_edit/openai/unary image_edit/openai/streaming image_variation/openai/unary speech/openai/unary speech/openai/streaming transcription/openai/unary transcription/openai/streaming translation/openai/unary video_create/openai/async video_list/openai/unary video_get/openai/unary video_content/openai/unary video_delete/openai/unary
azure_openai "unreviewed": generation/openai/unary generation/openai/streaming generation/anthropic/unary generation/anthropic/streaming generation/gemini/unary generation/gemini/streaming token_count/openai/unary token_count/anthropic/unary token_count/gemini/unary embeddings/openai/unary moderation/openai/unary batch/openai/unary realtime/openai/realtime image_generation/openai/unary image_generation/openai/streaming image_edit/openai/unary image_edit/openai/streaming image_variation/openai/unary speech/openai/unary speech/openai/streaming transcription/openai/unary transcription/openai/streaming translation/openai/unary video_create/openai/async video_list/openai/unary video_get/openai/unary video_content/openai/unary video_delete/openai/unary
azure_openai "openai": generation/openai/unary generation/openai/streaming generation/anthropic/unary generation/anthropic/streaming generation/gemini/unary generation/gemini/streaming token_count/openai/unary token_count/anthropic/unary token_count/gemini/unary embeddings/openai/unary moderation/openai/unary batch/openai/unary realtime/openai/realtime image_generation/openai/unary image_generation/openai/streaming image_edit/openai/unary image_edit/openai/streaming image_variation/openai/unary speech/openai/unary speech/openai/streaming transcription/openai/unary transcription/openai/streaming translation/openai/unary video_create/openai/async video_list/openai/unary video_get/openai/unary video_content/openai/unary video_delete/openai/unary
azure_openai "openai_compatible": generation/openai/unary generation/openai/streaming generation/anthropic/unary generation/anthropic/streaming generation/gemini/unary generation/gemini/streaming token_count/openai/unary token_count/anthropic/unary token_count/gemini/unary embeddings/openai/unary moderation/openai/unary image_generation/openai/unary image_generation/openai/streaming image_edit/openai/unary image_edit/openai/streaming image_variation/openai/unary speech/openai/unary speech/openai/streaming transcription/openai/unary transcription/openai/streaming translation/openai/unary video_create/openai/async video_list/openai/unary video_get/openai/unary video_content/openai/unary video_delete/openai/unary
azure_openai "anthropic": generation/openai/unary generation/openai/streaming generation/anthropic/unary generation/anthropic/streaming generation/gemini/unary generation/gemini/streaming token_count/openai/unary token_count/anthropic/unary token_count/gemini/unary
azure_openai "google": generation/openai/unary generation/openai/streaming generation/anthropic/unary generation/anthropic/streaming generation/gemini/unary generation/gemini/streaming token_count/openai/unary token_count/anthropic/unary token_count/gemini/unary embeddings/openai/unary
azure_openai "google-vertex": generation/openai/unary generation/openai/streaming generation/anthropic/unary generation/anthropic/streaming generation/gemini/unary generation/gemini/streaming token_count/openai/unary token_count/anthropic/unary token_count/gemini/unary embeddings/openai/unary image_generation/openai/unary image_generation/openai/streaming
azure_openai "amazon-bedrock": generation/openai/unary generation/openai/streaming generation/anthropic/unary generation/anthropic/streaming generation/gemini/unary generation/gemini/streaming token_count/openai/unary token_count/anthropic/unary token_count/gemini/unary embeddings/openai/unary image_generation/openai/unary image_generation/openai/streaming
azure_openai "amazon-sagemaker": generation/openai/unary generation/openai/streaming generation/anthropic/unary generation/anthropic/streaming generation/gemini/unary generation/gemini/streaming
azure_openai "ibm-watsonx": generation/openai/unary generation/openai/streaming generation/anthropic/unary generation/anthropic/streaming generation/gemini/unary generation/gemini/streaming
azure_openai "azure": generation/openai/unary generation/openai/streaming generation/anthropic/unary generation/anthropic/streaming generation/gemini/unary generation/gemini/streaming token_count/openai/unary token_count/anthropic/unary token_count/gemini/unary embeddings/openai/unary moderation/openai/unary batch/openai/unary realtime/openai/realtime image_generation/openai/unary image_generation/openai/streaming image_edit/openai/unary image_edit/openai/streaming image_variation/openai/unary speech/openai/unary speech/openai/streaming transcription/openai/unary transcription/openai/streaming translation/openai/unary video_create/openai/async video_list/openai/unary video_get/openai/unary video_content/openai/unary video_delete/openai/unary
azure_openai "groq": generation/openai/unary generation/openai/streaming generation/anthropic/unary generation/anthropic/streaming generation/gemini/unary generation/gemini/streaming
azure_openai "mistral": generation/openai/unary generation/openai/streaming generation/anthropic/unary generation/anthropic/streaming generation/gemini/unary generation/gemini/streaming embeddings/openai/unary
azure_openai "openrouter": generation/openai/unary generation/openai/streaming generation/anthropic/unary generation/anthropic/streaming generation/gemini/unary generation/gemini/streaming embeddings/openai/unary
azure_openai "together": generation/openai/unary generation/openai/streaming generation/anthropic/unary generation/anthropic/streaming generation/gemini/unary generation/gemini/streaming embeddings/openai/unary
azure_openai "vllm": generation/openai/unary generation/openai/streaming generation/anthropic/unary generation/anthropic/streaming generation/gemini/unary generation/gemini/streaming embeddings/openai/unary
azure_openai "deepseek": generation/openai/unary generation/openai/streaming generation/anthropic/unary generation/anthropic/streaming generation/gemini/unary generation/gemini/streaming
azure_openai "fireworks": generation/openai/unary generation/openai/streaming generation/anthropic/unary generation/anthropic/streaming generation/gemini/unary generation/gemini/streaming embeddings/openai/unary
azure_openai "deepinfra": generation/openai/unary generation/openai/streaming generation/anthropic/unary generation/anthropic/streaming generation/gemini/unary generation/gemini/streaming embeddings/openai/unary
azure_openai "huggingface": generation/openai/unary generation/openai/streaming generation/anthropic/unary generation/anthropic/streaming generation/gemini/unary generation/gemini/streaming
azure_openai "cohere": generation/openai/unary generation/openai/streaming generation/anthropic/unary generation/anthropic/streaming generation/gemini/unary generation/gemini/streaming embeddings/openai/unary
azure_openai "cohere-native-v2": generation/openai/unary generation/openai/streaming generation/anthropic/unary generation/anthropic/streaming generation/gemini/unary generation/gemini/streaming embeddings/openai/unary
azure_openai "voyage": embeddings/openai/unary
vertex_ai "": generation/openai/unary generation/openai/streaming generation/anthropic/unary generation/anthropic/streaming generation/gemini/unary generation/gemini/streaming token_count/openai/unary token_count/anthropic/unary token_count/gemini/unary embeddings/openai/unary image_generation/openai/unary
vertex_ai "unreviewed": generation/openai/unary generation/openai/streaming generation/anthropic/unary generation/anthropic/streaming generation/gemini/unary generation/gemini/streaming token_count/openai/unary token_count/anthropic/unary token_count/gemini/unary embeddings/openai/unary image_generation/openai/unary
vertex_ai "openai": generation/openai/unary generation/openai/streaming generation/anthropic/unary generation/anthropic/streaming generation/gemini/unary generation/gemini/streaming token_count/openai/unary token_count/anthropic/unary token_count/gemini/unary embeddings/openai/unary image_generation/openai/unary
vertex_ai "openai_compatible": generation/openai/unary generation/openai/streaming generation/anthropic/unary generation/anthropic/streaming generation/gemini/unary generation/gemini/streaming token_count/openai/unary token_count/anthropic/unary token_count/gemini/unary embeddings/openai/unary image_generation/openai/unary
vertex_ai "anthropic": generation/openai/unary generation/openai/streaming generation/anthropic/unary generation/anthropic/streaming generation/gemini/unary generation/gemini/streaming token_count/openai/unary token_count/anthropic/unary token_count/gemini/unary
vertex_ai "google": generation/openai/unary generation/openai/streaming generation/anthropic/unary generation/anthropic/streaming generation/gemini/unary generation/gemini/streaming token_count/openai/unary token_count/anthropic/unary token_count/gemini/unary embeddings/openai/unary
vertex_ai "google-vertex": generation/openai/unary generation/openai/streaming generation/anthropic/unary generation/anthropic/streaming generation/gemini/unary generation/gemini/streaming token_count/openai/unary token_count/anthropic/unary token_count/gemini/unary embeddings/openai/unary image_generation/openai/unary
vertex_ai "amazon-bedrock": generation/openai/unary generation/openai/streaming generation/anthropic/unary generation/anthropic/streaming generation/gemini/unary generation/gemini/streaming token_count/openai/unary token_count/anthropic/unary token_count/gemini/unary embeddings/openai/unary image_generation/openai/unary
vertex_ai "amazon-sagemaker": generation/openai/unary generation/openai/streaming generation/anthropic/unary generation/anthropic/streaming generation/gemini/unary generation/gemini/streaming
vertex_ai "ibm-watsonx": generation/openai/unary generation/openai/streaming generation/anthropic/unary generation/anthropic/streaming generation/gemini/unary generation/gemini/streaming
vertex_ai "azure": generation/openai/unary generation/openai/streaming generation/anthropic/unary generation/anthropic/streaming generation/gemini/unary generation/gemini/streaming token_count/openai/unary token_count/anthropic/unary token_count/gemini/unary embeddings/openai/unary image_generation/openai/unary
vertex_ai "groq": generation/openai/unary generation/openai/streaming generation/anthropic/unary generation/anthropic/streaming generation/gemini/unary generation/gemini/streaming
vertex_ai "mistral": generation/openai/unary generation/openai/streaming generation/anthropic/unary generation/anthropic/streaming generation/gemini/unary generation/gemini/streaming embeddings/openai/unary
vertex_ai "openrouter": generation/openai/unary generation/openai/streaming generation/anthropic/unary generation/anthropic/streaming generation/gemini/unary generation/gemini/streaming embeddings/openai/unary
vertex_ai "together": generation/openai/unary generation/openai/streaming generation/anthropic/unary generation/anthropic/streaming generation/gemini/unary generation/gemini/streaming embeddings/openai/unary
vertex_ai "vllm": generation/openai/unary generation/openai/streaming generation/anthropic/unary generation/anthropic/streaming generation/gemini/unary generation/gemini/streaming embeddings/openai/unary
vertex_ai "deepseek": generation/openai/unary generation/openai/streaming generation/anthropic/unary generation/anthropic/streaming generation/gemini/unary generation/gemini/streaming
vertex_ai "fireworks": generation/openai/unary generation/openai/streaming generation/anthropic/unary generation/anthropic/streaming generation/gemini/unary generation/gemini/streaming embeddings/openai/unary
vertex_ai "deepinfra": generation/openai/unary generation/openai/streaming generation/anthropic/unary generation/anthropic/streaming generation/gemini/unary generation/gemini/streaming embeddings/openai/unary
vertex_ai "huggingface": generation/openai/unary generation/openai/streaming generation/anthropic/unary generation/anthropic/streaming generation/gemini/unary generation/gemini/streaming
vertex_ai "cohere": generation/openai/unary generation/openai/streaming generation/anthropic/unary generation/anthropic/streaming generation/gemini/unary generation/gemini/streaming embeddings/openai/unary
vertex_ai "cohere-native-v2": generation/openai/unary generation/openai/streaming generation/anthropic/unary generation/anthropic/streaming generation/gemini/unary generation/gemini/streaming embeddings/openai/unary
vertex_ai "voyage": embeddings/openai/unary
bedrock "": generation/openai/unary generation/openai/streaming generation/anthropic/unary generation/anthropic/streaming generation/gemini/unary generation/gemini/streaming generation/bedrock/unary generation/bedrock/streaming token_count/openai/unary token_count/anthropic/unary token_count/gemini/unary token_count/bedrock/unary embeddings/openai/unary bedrock_invoke/bedrock/unary bedrock_invoke/bedrock/streaming image_generation/openai/unary
bedrock "unreviewed": generation/openai/unary generation/openai/streaming generation/anthropic/unary generation/anthropic/streaming generation/gemini/unary generation/gemini/streaming generation/bedrock/unary generation/bedrock/streaming token_count/openai/unary token_count/anthropic/unary token_count/gemini/unary token_count/bedrock/unary embeddings/openai/unary bedrock_invoke/bedrock/unary bedrock_invoke/bedrock/streaming image_generation/openai/unary
bedrock "openai": generation/openai/unary generation/openai/streaming generation/anthropic/unary generation/anthropic/streaming generation/gemini/unary generation/gemini/streaming generation/bedrock/unary generation/bedrock/streaming token_count/openai/unary token_count/anthropic/unary token_count/gemini/unary token_count/bedrock/unary embeddings/openai/unary image_generation/openai/unary
bedrock "openai_compatible": generation/openai/unary generation/openai/streaming generation/anthropic/unary generation/anthropic/streaming generation/gemini/unary generation/gemini/streaming generation/bedrock/unary generation/bedrock/streaming token_count/openai/unary token_count/anthropic/unary token_count/gemini/unary token_count/bedrock/unary embeddings/openai/unary image_generation/openai/unary
bedrock "anthropic": generation/openai/unary generation/openai/streaming generation/anthropic/unary generation/anthropic/streaming generation/gemini/unary generation/gemini/streaming generation/bedrock/unary generation/bedrock/streaming token_count/openai/unary token_count/anthropic/unary token_count/gemini/unary token_count/bedrock/unary
bedrock "google": generation/openai/unary generation/openai/streaming generation/anthropic/unary generation/anthropic/streaming generation/gemini/unary generation/gemini/streaming generation/bedrock/unary generation/bedrock/streaming token_count/openai/unary token_count/anthropic/unary token_count/gemini/unary token_count/bedrock/unary embeddings/openai/unary
bedrock "google-vertex": generation/openai/unary generation/openai/streaming generation/anthropic/unary generation/anthropic/streaming generation/gemini/unary generation/gemini/streaming generation/bedrock/unary generation/bedrock/streaming token_count/openai/unary token_count/anthropic/unary token_count/gemini/unary token_count/bedrock/unary embeddings/openai/unary image_generation/openai/unary
bedrock "amazon-bedrock": generation/openai/unary generation/openai/streaming generation/anthropic/unary generation/anthropic/streaming generation/gemini/unary generation/gemini/streaming generation/bedrock/unary generation/bedrock/streaming token_count/openai/unary token_count/anthropic/unary token_count/gemini/unary token_count/bedrock/unary embeddings/openai/unary rerank/openai/unary bedrock_invoke/bedrock/unary bedrock_invoke/bedrock/streaming image_generation/openai/unary
bedrock "amazon-sagemaker": generation/openai/unary generation/openai/streaming generation/anthropic/unary generation/anthropic/streaming generation/gemini/unary generation/gemini/streaming generation/bedrock/unary generation/bedrock/streaming
bedrock "ibm-watsonx": generation/openai/unary generation/openai/streaming generation/anthropic/unary generation/anthropic/streaming generation/gemini/unary generation/gemini/streaming generation/bedrock/unary generation/bedrock/streaming
bedrock "azure": generation/openai/unary generation/openai/streaming generation/anthropic/unary generation/anthropic/streaming generation/gemini/unary generation/gemini/streaming generation/bedrock/unary generation/bedrock/streaming token_count/openai/unary token_count/anthropic/unary token_count/gemini/unary token_count/bedrock/unary embeddings/openai/unary image_generation/openai/unary
bedrock "groq": generation/openai/unary generation/openai/streaming generation/anthropic/unary generation/anthropic/streaming generation/gemini/unary generation/gemini/streaming generation/bedrock/unary generation/bedrock/streaming
bedrock "mistral": generation/openai/unary generation/openai/streaming generation/anthropic/unary generation/anthropic/streaming generation/gemini/unary generation/gemini/streaming generation/bedrock/unary generation/bedrock/streaming embeddings/openai/unary
bedrock "openrouter": generation/openai/unary generation/openai/streaming generation/anthropic/unary generation/anthropic/streaming generation/gemini/unary generation/gemini/streaming generation/bedrock/unary generation/bedrock/streaming embeddings/openai/unary
bedrock "together": generation/openai/unary generation/openai/streaming generation/anthropic/unary generation/anthropic/streaming generation/gemini/unary generation/gemini/streaming generation/bedrock/unary generation/bedrock/streaming embeddings/openai/unary
bedrock "vllm": generation/openai/unary generation/openai/streaming generation/anthropic/unary generation/anthropic/streaming generation/gemini/unary generation/gemini/streaming generation/bedrock/unary generation/bedrock/streaming embeddings/openai/unary
bedrock "deepseek": generation/openai/unary generation/openai/streaming generation/anthropic/unary generation/anthropic/streaming generation/gemini/unary generation/gemini/streaming generation/bedrock/unary generation/bedrock/streaming
bedrock "fireworks": generation/openai/unary generation/openai/streaming generation/anthropic/unary generation/anthropic/streaming generation/gemini/unary generation/gemini/streaming generation/bedrock/unary generation/bedrock/streaming embeddings/openai/unary
bedrock "deepinfra": generation/openai/unary generation/openai/streaming generation/anthropic/unary generation/anthropic/streaming generation/gemini/unary generation/gemini/streaming generation/bedrock/unary generation/bedrock/streaming embeddings/openai/unary
bedrock "huggingface": generation/openai/unary generation/openai/streaming generation/anthropic/unary generation/anthropic/streaming generation/gemini/unary generation/gemini/streaming generation/bedrock/unary generation/bedrock/streaming
bedrock "cohere": generation/openai/unary generation/openai/streaming generation/anthropic/unary generation/anthropic/streaming generation/gemini/unary generation/gemini/streaming generation/bedrock/unary generation/bedrock/streaming embeddings/openai/unary
bedrock "cohere-native-v2": generation/openai/unary generation/openai/streaming generation/anthropic/unary generation/anthropic/streaming generation/gemini/unary generation/gemini/streaming generation/bedrock/unary generation/bedrock/streaming embeddings/openai/unary
bedrock "voyage": embeddings/openai/unary
sagemaker "": generation/openai/unary generation/openai/streaming
sagemaker "unreviewed": generation/openai/unary generation/openai/streaming
sagemaker "openai": generation/openai/unary generation/openai/streaming
sagemaker "openai_compatible": generation/openai/unary generation/openai/streaming
sagemaker "anthropic": generation/openai/unary generation/openai/streaming
sagemaker "google": generation/openai/unary generation/openai/streaming
sagemaker "google-vertex": generation/openai/unary generation/openai/streaming
sagemaker "amazon-bedrock": generation/openai/unary generation/openai/streaming
sagemaker "amazon-sagemaker": generation/openai/unary generation/openai/streaming
sagemaker "ibm-watsonx": generation/openai/unary generation/openai/streaming
sagemaker "azure": generation/openai/unary generation/openai/streaming
sagemaker "groq": generation/openai/unary generation/openai/streaming
sagemaker "mistral": generation/openai/unary generation/openai/streaming
sagemaker "openrouter": generation/openai/unary generation/openai/streaming
sagemaker "together": generation/openai/unary generation/openai/streaming
sagemaker "vllm": generation/openai/unary generation/openai/streaming
sagemaker "deepseek": generation/openai/unary generation/openai/streaming
sagemaker "fireworks": generation/openai/unary generation/openai/streaming
sagemaker "deepinfra": generation/openai/unary generation/openai/streaming
sagemaker "huggingface": generation/openai/unary generation/openai/streaming
sagemaker "cohere": generation/openai/unary generation/openai/streaming
sagemaker "cohere-native-v2": generation/openai/unary generation/openai/streaming
sagemaker "voyage": 
watsonx "": generation/openai/unary generation/openai/streaming generation/anthropic/unary generation/anthropic/streaming generation/gemini/unary generation/gemini/streaming
watsonx "unreviewed": generation/openai/unary generation/openai/streaming generation/anthropic/unary generation/anthropic/streaming generation/gemini/unary generation/gemini/streaming
watsonx "openai": generation/openai/unary generation/openai/streaming generation/anthropic/unary generation/anthropic/streaming generation/gemini/unary generation/gemini/streaming
watsonx "openai_compatible": generation/openai/unary generation/openai/streaming generation/anthropic/unary generation/anthropic/streaming generation/gemini/unary generation/gemini/streaming
watsonx "anthropic": generation/openai/unary generation/openai/streaming generation/anthropic/unary generation/anthropic/streaming generation/gemini/unary generation/gemini/streaming
watsonx "google": generation/openai/unary generation/openai/streaming generation/anthropic/unary generation/anthropic/streaming generation/gemini/unary generation/gemini/streaming
watsonx "google-vertex": generation/openai/unary generation/openai/streaming generation/anthropic/unary generation/anthropic/streaming generation/gemini/unary generation/gemini/streaming
watsonx "amazon-bedrock": generation/openai/unary generation/openai/streaming generation/anthropic/unary generation/anthropic/streaming generation/gemini/unary generation/gemini/streaming
watsonx "amazon-sagemaker": generation/openai/unary generation/openai/streaming generation/anthropic/unary generation/anthropic/streaming generation/gemini/unary generation/gemini/streaming
watsonx "ibm-watsonx": generation/openai/unary generation/openai/streaming generation/anthropic/unary generation/anthropic/streaming generation/gemini/unary generation/gemini/streaming
watsonx "azure": generation/openai/unary generation/openai/streaming generation/anthropic/unary generation/anthropic/streaming generation/gemini/unary generation/gemini/streaming
watsonx "groq": generation/openai/unary generation/openai/streaming generation/anthropic/unary generation/anthropic/streaming generation/gemini/unary generation/gemini/streaming
watsonx "mistral": generation/openai/unary generation/openai/streaming generation/anthropic/unary generation/anthropic/streaming generation/gemini/unary generation/gemini/streaming
watsonx "openrouter": generation/openai/unary generation/openai/streaming generation/anthropic/unary generation/anthropic/streaming generation/gemini/unary generation/gemini/streaming
watsonx "together": generation/openai/unary generation/openai/streaming generation/anthropic/unary generation/anthropic/streaming generation/gemini/unary generation/gemini/streaming
watsonx "vllm": generation/openai/unary generation/openai/streaming generation/anthropic/unary generation/anthropic/streaming generation/gemini/unary generation/gemini/streaming
watsonx "deepseek": generation/openai/unary generation/openai/streaming generation/anthropic/unary generation/anthropic/streaming generation/gemini/unary generation/gemini/streaming
watsonx "fireworks": generation/openai/unary generation/openai/streaming generation/anthropic/unary generation/anthropic/streaming generation/gemini/unary generation/gemini/streaming
watsonx "deepinfra": generation/openai/unary generation/openai/streaming generation/anthropic/unary generation/anthropic/streaming generation/gemini/unary generation/gemini/streaming
watsonx "huggingface": generation/openai/unary generation/openai/streaming generation/anthropic/unary generation/anthropic/streaming generation/gemini/unary generation/gemini/streaming
watsonx "cohere": generation/openai/unary generation/openai/streaming generation/anthropic/unary generation/anthropic/streaming generation/gemini/unary generation/gemini/streaming
watsonx "cohere-native-v2": generation/openai/unary generation/openai/streaming generation/anthropic/unary generation/anthropic/streaming generation/gemini/unary generation/gemini/streaming
watsonx "voyage": 
plugin "": generation/openai/unary generation/openai/streaming generation/anthropic/unary generation/anthropic/streaming generation/gemini/unary generation/gemini/streaming
plugin "unreviewed": generation/openai/unary generation/openai/streaming generation/anthropic/unary generation/anthropic/streaming generation/gemini/unary generation/gemini/streaming
plugin "openai": generation/openai/unary generation/openai/streaming generation/anthropic/unary generation/anthropic/streaming generation/gemini/unary generation/gemini/streaming
plugin "openai_compatible": generation/openai/unary generation/openai/streaming generation/anthropic/unary generation/anthropic/streaming generation/gemini/unary generation/gemini/streaming
plugin "anthropic": generation/openai/unary generation/openai/streaming generation/anthropic/unary generation/anthropic/streaming generation/gemini/unary generation/gemini/streaming
plugin "google": generation/openai/unary generation/openai/streaming generation/anthropic/unary generation/anthropic/streaming generation/gemini/unary generation/gemini/streaming
plugin "google-vertex": generation/openai/unary generation/openai/streaming generation/anthropic/unary generation/anthropic/streaming generation/gemini/unary generation/gemini/streaming
plugin "amazon-bedrock": generation/openai/unary generation/openai/streaming generation/anthropic/unary generation/anthropic/streaming generation/gemini/unary generation/gemini/streaming
plugin "amazon-sagemaker": generation/openai/unary generation/openai/streaming generation/anthropic/unary generation/anthropic/streaming generation/gemini/unary generation/gemini/streaming
plugin "ibm-watsonx": generation/openai/unary generation/openai/streaming generation/anthropic/unary generation/anthropic/streaming generation/gemini/unary generation/gemini/streaming
plugin "azure": generation/openai/unary generation/openai/streaming generation/anthropic/unary generation/anthropic/streaming generation/gemini/unary generation/gemini/streaming
plugin "groq": generation/openai/unary generation/openai/streaming generation/anthropic/unary generation/anthropic/streaming generation/gemini/unary generation/gemini/streaming
plugin "mistral": generation/openai/unary generation/openai/streaming generation/anthropic/unary generation/anthropic/streaming generation/gemini/unary generation/gemini/streaming
plugin "openrouter": generation/openai/unary generation/openai/streaming generation/anthropic/unary generation/anthropic/streaming generation/gemini/unary generation/gemini/streaming
plugin "together": generation/openai/unary generation/openai/streaming generation/anthropic/unary generation/anthropic/streaming generation/gemini/unary generation/gemini/streaming
plugin "vllm": generation/openai/unary generation/openai/streaming generation/anthropic/unary generation/anthropic/streaming generation/gemini/unary generation/gemini/streaming
plugin "deepseek": generation/openai/unary generation/openai/streaming generation/anthropic/unary generation/anthropic/streaming generation/gemini/unary generation/gemini/streaming
plugin "fireworks": generation/openai/unary generation/openai/streaming generation/anthropic/unary generation/anthropic/streaming generation/gemini/unary generation/gemini/streaming
plugin "deepinfra": generation/openai/unary generation/openai/streaming generation/anthropic/unary generation/anthropic/streaming generation/gemini/unary generation/gemini/streaming
plugin "huggingface": generation/openai/unary generation/openai/streaming generation/anthropic/unary generation/anthropic/streaming generation/gemini/unary generation/gemini/streaming
plugin "cohere": generation/openai/unary generation/openai/streaming generation/anthropic/unary generation/anthropic/streaming generation/gemini/unary generation/gemini/streaming
plugin "cohere-native-v2": generation/openai/unary generation/openai/streaming generation/anthropic/unary generation/anthropic/streaming generation/gemini/unary generation/gemini/streaming
plugin "voyage": generation/openai/unary generation/openai/streaming generation/anthropic/unary generation/anthropic/streaming generation/gemini/unary generation/gemini/streaming
