#0 building with "default" instance using docker driver

#1 [internal] load build definition from Dockerfile
#1 transferring dockerfile: 2.89kB done
#1 DONE 0.0s

#2 [auth] docker/dockerfile:pull token for registry-1.docker.io
#2 DONE 0.0s

#3 resolve image config for docker-image://docker.io/docker/dockerfile:1
#3 DONE 0.6s

#4 docker-image://docker.io/docker/dockerfile:1@sha256:ecfaec9ed6d810b56388c508f4121597bfbba70d41a6dfeee4d8cad5f295fc32
#4 resolve docker.io/docker/dockerfile:1@sha256:ecfaec9ed6d810b56388c508f4121597bfbba70d41a6dfeee4d8cad5f295fc32 done
#4 sha256:c3b66a665852ac170efea25a37f23deb86c2decda65806441a2aa1fe31700135 1.13kB / 1.13kB done
#4 sha256:4f7d231ef9845e002d072420e08ed772ab2a505c50fc284fdc900c9a35669ff2 1.33kB / 1.33kB done
#4 sha256:48ca54f0226d3b90064659efd4391d107ad948df73aed877309530e6f3ef19df 0B / 13.01MB 0.1s
#4 sha256:ecfaec9ed6d810b56388c508f4121597bfbba70d41a6dfeee4d8cad5f295fc32 9.08kB / 9.08kB done
#4 sha256:48ca54f0226d3b90064659efd4391d107ad948df73aed877309530e6f3ef19df 10.49MB / 13.01MB 0.2s
#4 extracting sha256:48ca54f0226d3b90064659efd4391d107ad948df73aed877309530e6f3ef19df
#4 sha256:48ca54f0226d3b90064659efd4391d107ad948df73aed877309530e6f3ef19df 13.01MB / 13.01MB 0.3s done
#4 extracting sha256:48ca54f0226d3b90064659efd4391d107ad948df73aed877309530e6f3ef19df 0.1s done
#4 DONE 0.4s

#5 [internal] load metadata for docker.io/library/node:26.8.2-alpine@sha256:ef24c5053d50fdc3e4e56eb4e7ddb7861874ab0fdc797046ba897581deb8e868
#5 ...

#6 [auth] library/golang:pull token for registry-1.docker.io
#6 DONE 0.0s

#7 [auth] library/node:pull token for registry-1.docker.io
#7 DONE 0.0s

#8 [internal] load metadata for docker.io/library/golang:1.27.1-trixie@sha256:9baa6b4187bbb98d240372a8a235ac0bb6b5ddd52bba1431dc2f7c0705862728
#8 ...

#9 [internal] load metadata for gcr.io/distroless/cc-debian13:nonroot@sha256:c31ff9abcb1910f3ab25c7957bdaf0bfe12a01eb546e8df2282f1c8f682b606c
#9 DONE 0.4s

#5 [internal] load metadata for docker.io/library/node:26.8.2-alpine@sha256:ef24c5053d50fdc3e4e56eb4e7ddb7861874ab0fdc797046ba897581deb8e868
#5 DONE 0.5s

#8 [internal] load metadata for docker.io/library/golang:1.27.1-trixie@sha256:9baa6b4187bbb98d240372a8a235ac0bb6b5ddd52bba1431dc2f7c0705862728
#8 DONE 0.5s

#10 [internal] load .dockerignore
#10 transferring context: 968B done
#10 DONE 0.0s

#11 [console-build  1/10] FROM docker.io/library/node:26.8.2-alpine@sha256:ef24c5053d50fdc3e4e56eb4e7ddb7861874ab0fdc797046ba897581deb8e868
#11 resolve docker.io/library/node:26.8.2-alpine@sha256:ef24c5053d50fdc3e4e56eb4e7ddb7861874ab0fdc797046ba897581deb8e868 0.0s done
#11 ...

#12 [internal] load build context
#12 transferring context: 4.15MB 0.1s done
#12 DONE 0.1s

#11 [console-build  1/10] FROM docker.io/library/node:26.8.2-alpine@sha256:ef24c5053d50fdc3e4e56eb4e7ddb7861874ab0fdc797046ba897581deb8e868
#11 sha256:632ed9fcdefea7d90ef46dbd31817f83516326c508537e9b140bbb6475bbbb5d 1.53kB / 1.53kB done
#11 sha256:88c7de9410a06c959c3e16d01e2f15b4d632f1702eb5b880dd3082917a2ea9da 4.81kB / 4.81kB done
#11 sha256:ef24c5053d50fdc3e4e56eb4e7ddb7861874ab0fdc797046ba897581deb8e868 2.61kB / 2.61kB done
#11 sha256:b889385041489c0a2d0daa3aa13a0409b10f442c156cc8a5bf68e8c735c3d498 0B / 59.93MB 3.2s
#11 sha256:5f62d82620f3d1d19e492af6e43a8c2acd11e4a6c8fde6622d818d56aed139c5 446B / 446B 3.1s done
#11 sha256:b889385041489c0a2d0daa3aa13a0409b10f442c156cc8a5bf68e8c735c3d498 5.24MB / 59.93MB 3.3s
#11 sha256:b889385041489c0a2d0daa3aa13a0409b10f442c156cc8a5bf68e8c735c3d498 34.60MB / 59.93MB 3.4s
#11 sha256:b889385041489c0a2d0daa3aa13a0409b10f442c156cc8a5bf68e8c735c3d498 59.93MB / 59.93MB 3.5s
#11 sha256:b889385041489c0a2d0daa3aa13a0409b10f442c156cc8a5bf68e8c735c3d498 59.93MB / 59.93MB 3.7s done
#11 extracting sha256:b889385041489c0a2d0daa3aa13a0409b10f442c156cc8a5bf68e8c735c3d498
#11 ...

#13 [stage-2 1/6] FROM gcr.io/distroless/cc-debian13:nonroot@sha256:c31ff9abcb1910f3ab25c7957bdaf0bfe12a01eb546e8df2282f1c8f682b606c
#13 resolve gcr.io/distroless/cc-debian13:nonroot@sha256:c31ff9abcb1910f3ab25c7957bdaf0bfe12a01eb546e8df2282f1c8f682b606c 0.0s done
#13 sha256:c31ff9abcb1910f3ab25c7957bdaf0bfe12a01eb546e8df2282f1c8f682b606c 1.79kB / 1.79kB done
#13 sha256:f80223ec87492ae8c651d0d966ecf19af48faff2e7b31814eecddc4db8c9c3e6 4.39kB / 4.39kB done
#13 sha256:b0da58c8fb5e7a5743c0a34f527c2b00ca7da4c56291178087f02d330ac9be9e 4.61kB / 4.61kB done
#13 sha256:7e92c448ce8a15b2a7ca2f4abe26bfc62bd92ec29916a52e28fbbe9a739f5c04 85.83kB / 85.83kB 0.2s done
#13 sha256:99515e7b4d35e0652d3b0fde571b6ec269222ecacc506f026e1758d6261e9109 288.54kB / 288.54kB 0.3s done
#13 sha256:c172f21841dff4c8cf45cde46589c1c2616cefe7e819965e92e6d3475c428aa0 12.68kB / 12.68kB 0.2s done
#13 extracting sha256:7e92c448ce8a15b2a7ca2f4abe26bfc62bd92ec29916a52e28fbbe9a739f5c04 done
#13 extracting sha256:c172f21841dff4c8cf45cde46589c1c2616cefe7e819965e92e6d3475c428aa0 done
#13 sha256:d6b1b89eccacc15c2420b2776d72c1dae334a00805ed9af54bf2f71e4d536f28 32.09kB / 32.09kB 0.4s done
#13 sha256:99ba982a9142213c751a1709dcf088e63d8601f03b3f211bae037be698fef270 254.45kB / 254.45kB 0.4s done
#13 extracting sha256:99515e7b4d35e0652d3b0fde571b6ec269222ecacc506f026e1758d6261e9109 0.0s done
#13 sha256:2780920e5dbfbe103d03a583ed75345306e572ec5a48cb10361f046767d9f29a 67B / 67B 0.4s done
#13 sha256:7c12895b777bcaa8ccae0605b4de635b68fc32d60fa08f421dc3818bf55ee212 188B / 188B 0.5s done
#13 extracting sha256:99ba982a9142213c751a1709dcf088e63d8601f03b3f211bae037be698fef270 0.0s done
#13 sha256:52630fc75a18675c530ed9eba5f55eca09b03e91bd5bc15307918bbc1a7e7296 162B / 162B 0.5s done
#13 sha256:3214acf345c0cc6bbdb56b698a41ccdefc624a09d6beb0d38b5de0b2303ecaf4 123B / 123B 0.5s done
#13 extracting sha256:d6b1b89eccacc15c2420b2776d72c1dae334a00805ed9af54bf2f71e4d536f28 done
#13 extracting sha256:2780920e5dbfbe103d03a583ed75345306e572ec5a48cb10361f046767d9f29a done
#13 extracting sha256:7c12895b777bcaa8ccae0605b4de635b68fc32d60fa08f421dc3818bf55ee212 done
#13 sha256:ebddc55facdc6b1f7e0f30816a5fc7cc62f38abdf76c0a8b0a0ce52085754795 311B / 311B 0.7s done
#13 sha256:b839dfae01f66e15c6a8b63520557ed315bdfe036342fa7a0c537259f10d7a9a 351B / 351B 0.6s done
#13 sha256:dd64bf2dd177757451a98fcdc999a339c35dee5d9872d8f4dc69c8f3c4dd0112 80B / 80B 0.6s done
#13 extracting sha256:3214acf345c0cc6bbdb56b698a41ccdefc624a09d6beb0d38b5de0b2303ecaf4 done
#13 extracting sha256:52630fc75a18675c530ed9eba5f55eca09b03e91bd5bc15307918bbc1a7e7296 done
#13 extracting sha256:dd64bf2dd177757451a98fcdc999a339c35dee5d9872d8f4dc69c8f3c4dd0112 done
#13 extracting sha256:b839dfae01f66e15c6a8b63520557ed315bdfe036342fa7a0c537259f10d7a9a done
#13 extracting sha256:ebddc55facdc6b1f7e0f30816a5fc7cc62f38abdf76c0a8b0a0ce52085754795 done
#13 sha256:97c08299c7625b0d2269970fdd56cd5a0b9557b02f2b999294737864c0d82b8b 5.14MB / 5.14MB 1.1s done
#13 sha256:d858c35c6c86469ec02d00cf6788b2ca345955df22b2cb081f40212857ae7fd4 3.42MB / 3.42MB 1.0s done
#13 sha256:6ed1ef0cb1159b9c93a24ceb88b987c6b3a8adff7160940c7c5e6bfc001f1766 143.34kB / 143.34kB 0.8s done
#13 extracting sha256:6ed1ef0cb1159b9c93a24ceb88b987c6b3a8adff7160940c7c5e6bfc001f1766 done
#13 sha256:52b2cf548ae5e56fa607ae06498752a8ed05fb4ce56128e90b2380945552c54b 346.96kB / 346.96kB 1.0s done
#13 sha256:8072b5a0f7957662b5097bbaec05c482fb580118820d83849421d879854b12be 95.47kB / 95.47kB 1.2s done
#13 sha256:77d3479ca1b97dd6df1f9324298c7813520a9b09a961564ba9196f648803ee5a 153.76kB / 153.76kB 1.1s done
#13 extracting sha256:97c08299c7625b0d2269970fdd56cd5a0b9557b02f2b999294737864c0d82b8b 0.1s done
#13 sha256:35d8e5f294cf94c1f251ca338d7558e62e820d945ff4603833cdfaed4abc7ccf 846.49kB / 846.49kB 1.3s done
#13 sha256:ff43311d121db6d09786fed4a9233aadcf961479170e9da96f21ee71a6fce1dd 66.14kB / 66.14kB 1.3s done
#13 sha256:278aecde295e501a4fd778a510306c47ff8862395c98a7bbb9f2cc41d2c89e64 51.55kB / 51.55kB 1.4s done
#13 extracting sha256:d858c35c6c86469ec02d00cf6788b2ca345955df22b2cb081f40212857ae7fd4 0.0s done
#13 extracting sha256:52b2cf548ae5e56fa607ae06498752a8ed05fb4ce56128e90b2380945552c54b done
#13 extracting sha256:8072b5a0f7957662b5097bbaec05c482fb580118820d83849421d879854b12be done
#13 extracting sha256:77d3479ca1b97dd6df1f9324298c7813520a9b09a961564ba9196f648803ee5a done
#13 extracting sha256:35d8e5f294cf94c1f251ca338d7558e62e820d945ff4603833cdfaed4abc7ccf 0.0s done
#13 extracting sha256:ff43311d121db6d09786fed4a9233aadcf961479170e9da96f21ee71a6fce1dd done
#13 extracting sha256:278aecde295e501a4fd778a510306c47ff8862395c98a7bbb9f2cc41d2c89e64 done
#13 DONE 3.8s

#11 [console-build  1/10] FROM docker.io/library/node:26.8.2-alpine@sha256:ef24c5053d50fdc3e4e56eb4e7ddb7861874ab0fdc797046ba897581deb8e868
#11 extracting sha256:b889385041489c0a2d0daa3aa13a0409b10f442c156cc8a5bf68e8c735c3d498 1.2s done
#11 extracting sha256:5f62d82620f3d1d19e492af6e43a8c2acd11e4a6c8fde6622d818d56aed139c5
#11 extracting sha256:5f62d82620f3d1d19e492af6e43a8c2acd11e4a6c8fde6622d818d56aed139c5 done
#11 DONE 5.6s

#14 [console-build  2/10] WORKDIR /src
#14 DONE 0.0s

#15 [console-build  3/10] RUN npm install --global pnpm@11.24.0
#15 1.529 
#15 1.529 added 1 package in 1s
#15 1.529 
#15 1.529 1 package is looking for funding
#15 1.529   run `npm fund` for details
#15 DONE 2.6s

#16 [go-build  1/12] FROM docker.io/library/golang:1.27.1-trixie@sha256:9baa6b4187bbb98d240372a8a235ac0bb6b5ddd52bba1431dc2f7c0705862728
#16 resolve docker.io/library/golang:1.27.1-trixie@sha256:9baa6b4187bbb98d240372a8a235ac0bb6b5ddd52bba1431dc2f7c0705862728 0.0s done
#16 sha256:9baa6b4187bbb98d240372a8a235ac0bb6b5ddd52bba1431dc2f7c0705862728 9.05kB / 9.05kB done
#16 sha256:266d5d7746a154e2325a9650f759035641d09673eb6e2b3ccdb23cfb1b49f3d6 3.06kB / 3.06kB done
#16 sha256:71cc406106f969304ffbced12216b618e727310c3cd8fc919211c80d0d8a2054 2.32kB / 2.32kB done
#16 sha256:7f50a08a25277c02b8dfc99818a21e12083215981e0aa03cb07cb74c9116f205 49.70MB / 49.70MB 1.7s done
#16 sha256:42fd700369b465b3f57ff668eea94fc0b0e67029df25a71600d2c522a452406d 67.60MB / 67.60MB 2.3s done
#16 sha256:7fa3c72c6402ef534e043b1dca6fc0ab99e044c333c7679d2508eac3817a8570 25.03MB / 25.03MB 1.9s done
#16 sha256:8fa1b8ee625b8a9e83265f1a4bda63fd2f04a37d0d3e26b014cc687edcac2253 98.49MB / 98.49MB 2.9s done
#16 extracting sha256:7f50a08a25277c02b8dfc99818a21e12083215981e0aa03cb07cb74c9116f205 2.0s done
#16 sha256:125215c6056cfe0a165d14de8a72a3546ec1167a4468ebcd93c0f403469ef15d 67.65MB / 67.65MB 3.1s done
#16 sha256:7b2a1ba2f788b7fe48210b5eb086a895fab1755971bebacf0281b37b7a736419 126B / 126B 3.1s done
#16 sha256:4f4fb700ef54461cfa02571ae0db9a0dc1e0cdb5577484a6d75e68dc38e8acc1 32B / 32B 3.2s done
#16 extracting sha256:7fa3c72c6402ef534e043b1dca6fc0ab99e044c333c7679d2508eac3817a8570 0.6s done
#16 extracting sha256:42fd700369b465b3f57ff668eea94fc0b0e67029df25a71600d2c522a452406d 2.4s done
#16 ...

#17 [console-build  4/10] COPY package.json pnpm-workspace.yaml pnpm-lock.yaml ./
#17 DONE 0.0s

#18 [console-build  5/10] COPY console/package.json ./console/package.json
#18 DONE 0.0s

#19 [console-build  6/10] COPY tests/sdk-smoke/package.json ./tests/sdk-smoke/package.json
#19 DONE 0.0s

#16 [go-build  1/12] FROM docker.io/library/golang:1.27.1-trixie@sha256:9baa6b4187bbb98d240372a8a235ac0bb6b5ddd52bba1431dc2f7c0705862728
#16 extracting sha256:8fa1b8ee625b8a9e83265f1a4bda63fd2f04a37d0d3e26b014cc687edcac2253
#16 extracting sha256:8fa1b8ee625b8a9e83265f1a4bda63fd2f04a37d0d3e26b014cc687edcac2253 2.5s done
#16 extracting sha256:125215c6056cfe0a165d14de8a72a3546ec1167a4468ebcd93c0f403469ef15d 0.1s
#16 extracting sha256:125215c6056cfe0a165d14de8a72a3546ec1167a4468ebcd93c0f403469ef15d 5.0s done
#16 ...

#20 [console-build  7/10] RUN --mount=type=cache,target=/pnpm/store pnpm install --frozen-lockfile --store-dir /pnpm/store
#20 0.782 Scope: all 3 workspace projects
#20 0.854 ? Verifying lockfile against supply-chain policies (325 entries)...
#20 0.867 Lockfile is up to date, resolution step is skipped
#20 1.020 Progress: resolved 1, reused 0, downloaded 0, added 0
#20 1.129 Packages: +300
#20 1.129 ++++++++++++++++++++++++++++++++++++++++++++++++++++++++++++++++++++++++++++++++
#20 1.789 Packages are copied from the content-addressable store to the virtual store.
#20 1.789   Content-addressable store is at: /pnpm/store/v11
#20 1.789   Virtual store is at:             node_modules/.pnpm
#20 2.031 Progress: resolved 300, reused 0, downloaded 17, added 4
#20 3.043 Progress: resolved 300, reused 0, downloaded 93, added 9
#20 4.045 Progress: resolved 300, reused 0, downloaded 190, added 15
#20 5.047 Progress: resolved 300, reused 0, downloaded 300, added 54
#20 6.039 ✓ Lockfile passes supply-chain policies (325 entries in 5.1s)
#20 6.047 Progress: resolved 300, reused 0, downloaded 300, added 122
#20 7.049 Progress: resolved 300, reused 0, downloaded 300, added 236
#20 7.362 Progress: resolved 300, reused 0, downloaded 300, added 300, done
#20 7.604 
#20 7.639 Done in 7.4s using pnpm v11.24.0
#20 DONE 10.3s

#16 [go-build  1/12] FROM docker.io/library/golang:1.27.1-trixie@sha256:9baa6b4187bbb98d240372a8a235ac0bb6b5ddd52bba1431dc2f7c0705862728
#16 extracting sha256:7b2a1ba2f788b7fe48210b5eb086a895fab1755971bebacf0281b37b7a736419 done
#16 extracting sha256:4f4fb700ef54461cfa02571ae0db9a0dc1e0cdb5577484a6d75e68dc38e8acc1 done
#16 DONE 18.7s

#21 [console-build  8/10] COPY console ./console
#21 DONE 0.1s

#22 [console-build  9/10] COPY openapi/management.json ./openapi/management.json
#22 DONE 0.0s

#23 [go-build  2/12] WORKDIR /src
#23 DONE 0.0s

#24 [go-build  3/12] RUN test "$(go env GOARCH)" = "arm64" && ! command -v cargo && ! command -v rustc
#24 DONE 0.1s

#25 [console-build 10/10] RUN pnpm --dir console api:generate && pnpm --dir console build
#25 ...

#26 [go-build  4/12] COPY go.mod go.sum package.json ./
#26 DONE 0.0s

#27 [go-build  5/12] RUN go mod download
#27 ...

#25 [console-build 10/10] RUN pnpm --dir console api:generate && pnpm --dir console build
#25 0.682 $ openapi-typescript ../openapi/management.json -o src/lib/api/schema.d.ts
#25 1.185 ✨ openapi-typescript 7.13.0
#25 1.454 🚀 ../openapi/management.json → src/lib/api/schema.d.ts [272.3ms]
#25 2.002 $ vite build && node scripts/asset-manifest.mjs
#25 2.954 [36mvite v8.2.2 [32mbuilding ssr environment for production...[36m[39m
#25 2.965 transforming...
#25 4.653 ✓ 479 modules transformed.
#25 4.760 rendering chunks...
#25 5.698 [36mvite v8.2.2 [32mbuilding client environment for production...[36m[39m
#25 5.706 transforming...
#25 6.966 ✓ 519 modules transformed.
#25 7.047 rendering chunks...
#25 7.106 computing gzip size...
#25 7.108 .svelte-kit/output/client/_app/version.json                                                          0.02 kB │ gzip:  0.04 kB
#25 7.108 .svelte-kit/output/client/_app/immutable/assets/geist-mono-symbols2-wght-normal.CO5SzqOn.woff2       5.81 kB
#25 7.108 .svelte-kit/output/client/_app/immutable/assets/geist-mono-cyrillic-ext-wght-normal.X_5orZeX.woff2   6.17 kB
#25 7.108 .svelte-kit/output/client/_app/immutable/assets/geist-cyrillic-ext-wght-normal.DjL33-gN.woff2        7.42 kB
#25 7.108 .svelte-kit/output/client/_app/immutable/assets/geist-mono-vietnamese-wght-normal.DadHysG0.woff2     7.69 kB
#25 7.108 .svelte-kit/output/client/_app/immutable/assets/geist-vietnamese-wght-normal.6IgcOCM7.woff2          8.00 kB
#25 7.108 .svelte-kit/output/client/_app/immutable/assets/geist-mono-cyrillic-wght-normal.DiZS0aHC.woff2      12.94 kB
#25 7.108 .svelte-kit/output/client/_app/immutable/assets/geist-mono-latin-ext-wght-normal.Bwz-egvJ.woff2     14.69 kB
#25 7.108 .svelte-kit/output/client/_app/immutable/assets/geist-cyrillic-wght-normal.BEAKL7Jp.woff2           15.08 kB
#25 7.108 .svelte-kit/output/client/_app/immutable/assets/geist-latin-ext-wght-normal.DC-KSUi6.woff2          16.51 kB
#25 7.108 .svelte-kit/output/client/_app/immutable/assets/geist-mono-latin-wght-normal.XN7g48iV.woff2         23.12 kB
#25 7.108 .svelte-kit/output/client/_app/immutable/assets/geist-latin-wght-normal.BgDaEnEv.woff2              29.40 kB
#25 7.108 .svelte-kit/output/client/.vite/manifest.json                                                       39.57 kB │ gzip:  4.25 kB
#25 7.108 .svelte-kit/output/client/_app/immutable/assets/BrandMark.DWSde6Ww.css                               0.20 kB │ gzip:  0.14 kB
#25 7.108 .svelte-kit/output/client/_app/immutable/assets/CursorPagination.DbjTanq2.css                        0.37 kB │ gzip:  0.23 kB
#25 7.108 .svelte-kit/output/client/_app/immutable/assets/1.B6hFuh5l.css                                       0.48 kB │ gzip:  0.29 kB
#25 7.108 .svelte-kit/output/client/_app/immutable/assets/9.qI-HkGM6.css                                       0.52 kB │ gzip:  0.26 kB
#25 7.108 .svelte-kit/output/client/_app/immutable/assets/RoutingDecisions.BKVcnrD-.css                        0.55 kB │ gzip:  0.30 kB
#25 7.108 .svelte-kit/output/client/_app/immutable/assets/userKeys.D_MV4LJ6.css                                0.61 kB │ gzip:  0.34 kB
#25 7.108 .svelte-kit/output/client/_app/immutable/assets/RoutingPolicyEditor.BJZqratL.css                     0.64 kB │ gzip:  0.32 kB
#25 7.108 .svelte-kit/output/client/_app/immutable/assets/concurrentEdit.CsCOeo4a.css                          0.73 kB │ gzip:  0.32 kB
#25 7.108 .svelte-kit/output/client/_app/immutable/assets/24.C7XsZRMY.css                                      0.86 kB │ gzip:  0.38 kB
#25 7.108 .svelte-kit/output/client/_app/immutable/assets/19.D9y8bvuj.css                                      0.90 kB │ gzip:  0.38 kB
#25 7.108 .svelte-kit/output/client/_app/immutable/assets/SecretDialog.BrGd2n-3.css                            1.20 kB │ gzip:  0.52 kB
#25 7.108 .svelte-kit/output/client/_app/immutable/assets/RoutingPreferencesForm.CY3T8blZ.css                  1.26 kB │ gzip:  0.48 kB
#25 7.108 .svelte-kit/output/client/_app/immutable/assets/31.CEOwprLc.css                                      1.31 kB │ gzip:  0.47 kB
#25 7.108 .svelte-kit/output/client/_app/immutable/assets/32.BwL_XRn9.css                                      1.44 kB │ gzip:  0.54 kB
#25 7.108 .svelte-kit/output/client/_app/immutable/assets/13.Gsf7t1N4.css                                      1.52 kB │ gzip:  0.53 kB
#25 7.108 .svelte-kit/output/client/_app/immutable/assets/SetupFrame.D6wd0yGF.css                              1.76 kB │ gzip:  0.65 kB
#25 7.108 .svelte-kit/output/client/_app/immutable/assets/33.Dyc3CfHy.css                                      2.18 kB │ gzip:  0.69 kB
#25 7.108 .svelte-kit/output/client/_app/immutable/assets/17.DrPclZPa.css                                      2.76 kB │ gzip:  0.81 kB
#25 7.108 .svelte-kit/output/client/_app/immutable/assets/28.BCB9RDaG.css                                      2.79 kB │ gzip:  0.77 kB
#25 7.108 .svelte-kit/output/client/_app/immutable/assets/29.CYId_v8V.css                                      3.10 kB │ gzip:  0.79 kB
#25 7.108 .svelte-kit/output/client/_app/immutable/assets/ProviderValidationIssues.Bq4flAVf.css                3.47 kB │ gzip:  1.00 kB
#25 7.108 .svelte-kit/output/client/_app/immutable/assets/26.DlIVoB3o.css                                      3.74 kB │ gzip:  0.91 kB
#25 7.108 .svelte-kit/output/client/_app/immutable/assets/MediaJobsPage.DijQ2MQj.css                           3.80 kB │ gzip:  0.93 kB
#25 7.108 .svelte-kit/output/client/_app/immutable/assets/14.NR8GeMMd.css                                      3.99 kB │ gzip:  0.96 kB
#25 7.108 .svelte-kit/output/client/_app/immutable/assets/18.CdA5oDe0.css                                      4.31 kB │ gzip:  1.11 kB
#25 7.108 .svelte-kit/output/client/_app/immutable/assets/10.CijXb7Fq.css                                      4.96 kB │ gzip:  1.06 kB
#25 7.108 .svelte-kit/output/client/_app/immutable/assets/ApiKeysPage.C1150Hut.css                             5.75 kB │ gzip:  1.34 kB
#25 7.108 .svelte-kit/output/client/_app/immutable/assets/RequestsPage.BIk2CKIP.css                            5.95 kB │ gzip:  1.28 kB
#25 7.108 .svelte-kit/output/client/_app/immutable/assets/RouteDraftEditor.CIDBHk7l.css                        6.40 kB │ gzip:  1.38 kB
#25 7.108 .svelte-kit/output/client/_app/immutable/assets/30.CXOtVeLQ.css                                      6.52 kB │ gzip:  1.40 kB
#25 7.108 .svelte-kit/output/client/_app/immutable/assets/21.B3HoXNuv.css                                      6.78 kB │ gzip:  1.49 kB
#25 7.108 .svelte-kit/output/client/_app/immutable/assets/2.BnWPllTG.css                                       7.53 kB │ gzip:  1.71 kB
#25 7.108 .svelte-kit/output/client/_app/immutable/assets/8.BGP8xmCq.css                                       8.14 kB │ gzip:  1.60 kB
#25 7.108 .svelte-kit/output/client/_app/immutable/assets/20.3JpcSsMC.css                                      9.99 kB │ gzip:  1.88 kB
#25 7.108 .svelte-kit/output/client/_app/immutable/assets/0.Ch5s6Vn3.css                                      18.21 kB │ gzip:  4.36 kB
#25 7.108 .svelte-kit/output/client/_app/immutable/chunks/ACYthb92.js                                          0.02 kB │ gzip:  0.04 kB
#25 7.108 .svelte-kit/output/client/_app/immutable/chunks/DpSOtwKn.js                                          0.03 kB │ gzip:  0.05 kB
#25 7.108 .svelte-kit/output/client/_app/immutable/chunks/xihTtKlq.js                                          0.06 kB │ gzip:  0.08 kB
#25 7.108 .svelte-kit/output/client/_app/immutable/chunks/Dro3YUrB.js                                          0.06 kB │ gzip:  0.07 kB
#25 7.108 .svelte-kit/output/client/_app/immutable/entry/start.DVYCN2q7.js                                     0.08 kB │ gzip:  0.09 kB
#25 7.108 .svelte-kit/output/client/_app/immutable/chunks/4YQg3QUo.js                                          0.09 kB │ gzip:  0.10 kB
#25 7.108 .svelte-kit/output/client/_app/immutable/chunks/9ixZWaVC.js                                          0.09 kB │ gzip:  0.10 kB
#25 7.108 .svelte-kit/output/client/_app/immutable/chunks/VceKG1iP.js                                          0.10 kB │ gzip:  0.11 kB
#25 7.108 .svelte-kit/output/client/_app/immutable/chunks/Dgu-Izkv.js                                          0.13 kB │ gzip:  0.11 kB
#25 7.108 .svelte-kit/output/client/_app/immutable/chunks/C6gsH53v.js                                          0.17 kB │ gzip:  0.13 kB
#25 7.108 .svelte-kit/output/client/_app/immutable/nodes/27.D2SDp0ha.js                                        0.17 kB │ gzip:  0.13 kB
#25 7.108 .svelte-kit/output/client/_app/immutable/chunks/DoAGyXNs.js                                          0.21 kB │ gzip:  0.18 kB
#25 7.108 .svelte-kit/output/client/_app/immutable/chunks/BexL5aaV.js                                          0.21 kB │ gzip:  0.18 kB
#25 7.108 .svelte-kit/output/client/_app/immutable/chunks/Q5_vLEpc.js                                          0.24 kB │ gzip:  0.13 kB
#25 7.108 .svelte-kit/output/client/_app/immutable/nodes/3.3KyyLJsS.js                                         0.28 kB │ gzip:  0.21 kB
#25 7.108 .svelte-kit/output/client/_app/immutable/nodes/5.CyihaUtd.js                                         0.28 kB │ gzip:  0.21 kB
#25 7.108 .svelte-kit/output/client/_app/immutable/nodes/7.CeVLORsV.js                                         0.28 kB │ gzip:  0.21 kB
#25 7.108 .svelte-kit/output/client/_app/immutable/chunks/C3OMN1aR.js                                          0.28 kB │ gzip:  0.22 kB
#25 7.108 .svelte-kit/output/client/_app/immutable/chunks/Ci3_XekU.js                                          0.29 kB │ gzip:  0.16 kB
#25 7.108 .svelte-kit/output/client/_app/immutable/nodes/25.DT-DOBS5.js                                        0.30 kB │ gzip:  0.20 kB
#25 7.108 .svelte-kit/output/client/_app/immutable/chunks/BkjuMpiz.js                                          0.32 kB │ gzip:  0.24 kB
#25 7.108 .svelte-kit/output/client/_app/immutable/chunks/DP_eUzDF.js                                          0.33 kB │ gzip:  0.22 kB
#25 7.108 .svelte-kit/output/client/_app/immutable/nodes/11.CxXi7LYv.js                                        0.37 kB │ gzip:  0.24 kB
#25 7.108 .svelte-kit/output/client/_app/immutable/nodes/15.Dd-ZI5LJ.js                                        0.37 kB │ gzip:  0.24 kB
#25 7.108 .svelte-kit/output/client/_app/immutable/nodes/22.pWK9Gucs.js                                        0.37 kB │ gzip:  0.24 kB
#25 7.108 .svelte-kit/output/client/_app/immutable/nodes/12.DB70ioU4.js                                        0.37 kB │ gzip:  0.24 kB
#25 7.108 .svelte-kit/output/client/_app/immutable/chunks/BpcPbYLx.js                                          0.40 kB │ gzip:  0.26 kB
#25 7.108 .svelte-kit/output/client/_app/immutable/nodes/16.BEs6b22Z.js                                        0.44 kB │ gzip:  0.27 kB
#25 7.108 .svelte-kit/output/client/_app/immutable/nodes/4.CuBcgyCa.js                                         0.44 kB │ gzip:  0.29 kB
#25 7.108 .svelte-kit/output/client/_app/immutable/nodes/23.CT8BzfiJ.js                                        0.45 kB │ gzip:  0.27 kB
#25 7.108 .svelte-kit/output/client/_app/immutable/nodes/6.DrvWOoAG.js                                         0.45 kB │ gzip:  0.29 kB
#25 7.108 .svelte-kit/output/client/_app/immutable/chunks/OCadlyWW.js                                          0.51 kB │ gzip:  0.33 kB
#25 7.108 .svelte-kit/output/client/_app/immutable/chunks/DAtpiB_O.js                                          0.60 kB │ gzip:  0.35 kB
#25 7.108 .svelte-kit/output/client/_app/immutable/chunks/yCSwBoVu.js                                          0.63 kB │ gzip:  0.32 kB
#25 7.108 .svelte-kit/output/client/_app/immutable/chunks/DmwcY4cW.js                                          0.63 kB │ gzip:  0.35 kB
#25 7.108 .svelte-kit/output/client/_app/immutable/chunks/CfY_-D1a.js                                          0.65 kB │ gzip:  0.34 kB
#25 7.108 .svelte-kit/output/client/_app/immutable/chunks/DtdWoN14.js                                          0.67 kB │ gzip:  0.40 kB
#25 7.108 .svelte-kit/output/client/_app/immutable/chunks/DqJX7kfI.js                                          0.69 kB │ gzip:  0.30 kB
#25 7.108 .svelte-kit/output/client/_app/immutable/chunks/DvObCNt0.js                                          0.75 kB │ gzip:  0.43 kB
#25 7.108 .svelte-kit/output/client/_app/immutable/chunks/Cik4LbLP.js                                          0.79 kB │ gzip:  0.42 kB
#25 7.108 .svelte-kit/output/client/_app/immutable/chunks/BiGfdzMQ.js                                          0.83 kB │ gzip:  0.28 kB
#25 7.108 .svelte-kit/output/client/_app/immutable/chunks/CeEVCS5h.js                                          0.85 kB │ gzip:  0.29 kB
#25 7.108 .svelte-kit/output/client/_app/immutable/nodes/9.8Tu6MJxQ.js                                         0.99 kB │ gzip:  0.57 kB
#25 7.108 .svelte-kit/output/client/_app/immutable/nodes/1.XPfAZ2F6.js                                         1.00 kB │ gzip:  0.56 kB
#25 7.108 .svelte-kit/output/client/_app/immutable/chunks/kh2qLI1n.js                                          1.34 kB │ gzip:  0.75 kB
#25 7.108 .svelte-kit/output/client/_app/immutable/chunks/meWJt6RJ.js                                          1.34 kB │ gzip:  0.73 kB
#25 7.108 .svelte-kit/output/client/_app/immutable/chunks/Bjy-W4x2.js                                          1.36 kB │ gzip:  0.65 kB
#25 7.108 .svelte-kit/output/client/_app/immutable/chunks/JcPKaOmk.js                                          1.37 kB │ gzip:  0.68 kB
#25 7.108 .svelte-kit/output/client/_app/immutable/chunks/BetgckNs.js                                          1.58 kB │ gzip:  0.62 kB
#25 7.108 .svelte-kit/output/client/_app/immutable/chunks/Bg-HN9sX.js                                          1.68 kB │ gzip:  0.75 kB
#25 7.108 .svelte-kit/output/client/_app/immutable/chunks/CIBw4TI0.js                                          1.75 kB │ gzip:  0.84 kB
#25 7.108 .svelte-kit/output/client/_app/immutable/chunks/Dklz0Izb.js                                          1.78 kB │ gzip:  0.79 kB
#25 7.108 .svelte-kit/output/client/_app/immutable/chunks/Cvg4LN7Y.js                                          1.83 kB │ gzip:  0.60 kB
#25 7.108 .svelte-kit/output/client/_app/immutable/chunks/DmM3jFS-.js                                          1.84 kB │ gzip:  0.70 kB
#25 7.108 .svelte-kit/output/client/_app/immutable/chunks/DcD5QFHo.js                                          2.01 kB │ gzip:  0.87 kB
#25 7.108 .svelte-kit/output/client/_app/immutable/chunks/CDpK0viA.js                                          2.06 kB │ gzip:  0.63 kB
#25 7.108 .svelte-kit/output/client/_app/immutable/chunks/BzB2OK0L.js                                          2.53 kB │ gzip:  1.01 kB
#25 7.108 .svelte-kit/output/client/_app/immutable/chunks/cp2uMWdm.js                                          2.85 kB │ gzip:  0.83 kB
#25 7.108 .svelte-kit/output/client/_app/immutable/chunks/BAe-Pd6w.js                                          3.43 kB │ gzip:  1.14 kB
#25 7.108 .svelte-kit/output/client/_app/immutable/chunks/Dc2oxeW2.js                                          3.43 kB │ gzip:  1.36 kB
#25 7.108 .svelte-kit/output/client/_app/immutable/chunks/CJU8ewOl.js                                          4.00 kB │ gzip:  1.60 kB
#25 7.108 .svelte-kit/output/client/_app/immutable/chunks/CCZZzsws.js                                          4.69 kB │ gzip:  1.67 kB
#25 7.108 .svelte-kit/output/client/_app/immutable/chunks/jt9CXBz0.js                                          5.16 kB │ gzip:  1.93 kB
#25 7.108 .svelte-kit/output/client/_app/immutable/nodes/32.CaEKoyi1.js                                        5.24 kB │ gzip:  2.36 kB
#25 7.108 .svelte-kit/output/client/_app/immutable/chunks/CUVM-dR5.js                                          5.36 kB │ gzip:  2.35 kB
#25 7.108 .svelte-kit/output/client/_app/immutable/nodes/31.CFP8n5XE.js                                        5.64 kB │ gzip:  2.15 kB
#25 7.108 .svelte-kit/output/client/_app/immutable/chunks/BxFWDhdJ.js                                          7.00 kB │ gzip:  2.53 kB
#25 7.108 .svelte-kit/output/client/_app/immutable/chunks/CT4NHZiG.js                                          7.05 kB │ gzip:  2.75 kB
#25 7.108 .svelte-kit/output/client/_app/immutable/nodes/24.DJVSUIrI.js                                        7.32 kB │ gzip:  2.72 kB
#25 7.108 .svelte-kit/output/client/_app/immutable/nodes/0.B9-E0KUf.js                                         7.65 kB │ gzip:  2.51 kB
#25 7.108 .svelte-kit/output/client/_app/immutable/nodes/13.CcRLfaPJ.js                                        8.21 kB │ gzip:  3.32 kB
#25 7.108 .svelte-kit/output/client/_app/immutable/nodes/19.B_QalmEq.js                                        8.51 kB │ gzip:  3.68 kB
#25 7.108 .svelte-kit/output/client/_app/immutable/nodes/33.Dwrrdubd.js                                        8.86 kB │ gzip:  3.17 kB
#25 7.108 .svelte-kit/output/client/_app/immutable/nodes/26.CGfPq2qb.js                                        9.25 kB │ gzip:  3.19 kB
#25 7.108 .svelte-kit/output/client/_app/immutable/chunks/CHIhzoJV.js                                         10.71 kB │ gzip:  3.88 kB
#25 7.108 .svelte-kit/output/client/_app/immutable/chunks/Bbn9jEbP.js                                         11.51 kB │ gzip:  3.98 kB
#25 7.108 .svelte-kit/output/client/_app/immutable/nodes/2.DSl0RCTx.js                                        11.69 kB │ gzip:  4.38 kB
#25 7.108 .svelte-kit/output/client/_app/immutable/chunks/BMHL9Pve.js                                         12.96 kB │ gzip:  4.23 kB
#25 7.108 .svelte-kit/output/client/_app/immutable/entry/app.CsQbf-7S.js                                      13.57 kB │ gzip:  4.37 kB
#25 7.108 .svelte-kit/output/client/_app/immutable/nodes/17.ik0LIoO6.js                                       14.57 kB │ gzip:  5.69 kB
#25 7.108 .svelte-kit/output/client/_app/immutable/chunks/CT-RevDF.js                                         15.81 kB │ gzip:  4.86 kB
#25 7.108 .svelte-kit/output/client/_app/immutable/nodes/8.o6udP6cK.js                                        16.38 kB │ gzip:  5.87 kB
#25 7.108 .svelte-kit/output/client/_app/immutable/chunks/DgY0ccEb.js                                         16.79 kB │ gzip:  5.81 kB
#25 7.108 .svelte-kit/output/client/_app/immutable/nodes/18.DvfHud_d.js                                       18.60 kB │ gzip:  6.55 kB
#25 7.108 .svelte-kit/output/client/_app/immutable/nodes/28.Blopj4WG.js                                       19.36 kB │ gzip:  6.85 kB
#25 7.108 .svelte-kit/output/client/_app/immutable/nodes/29.C3T37beD.js                                       20.82 kB │ gzip:  6.66 kB
#25 7.108 .svelte-kit/output/client/_app/immutable/nodes/30.C9BtK4LJ.js                                       22.40 kB │ gzip:  7.50 kB
#25 7.108 .svelte-kit/output/client/_app/immutable/chunks/CQ3gEJJQ.js                                         24.59 kB │ gzip:  6.80 kB
#25 7.108 .svelte-kit/output/client/_app/immutable/nodes/10.CUG_tDop.js                                       26.34 kB │ gzip:  9.04 kB
#25 7.108 .svelte-kit/output/client/_app/immutable/chunks/BaiIl6hP.js                                         27.50 kB │ gzip:  8.78 kB
#25 7.108 .svelte-kit/output/client/_app/immutable/nodes/14.z_aa_RLl.js                                       27.70 kB │ gzip:  8.69 kB
#25 7.108 .svelte-kit/output/client/_app/immutable/chunks/BZOqpFQc.js                                         30.07 kB │ gzip: 11.63 kB
#25 7.108 .svelte-kit/output/client/_app/immutable/nodes/21.DdWMbruJ.js                                       30.63 kB │ gzip:  9.88 kB
#25 7.108 .svelte-kit/output/client/_app/immutable/chunks/BzzqLi9M.js                                         34.85 kB │ gzip: 11.84 kB
#25 7.108 .svelte-kit/output/client/_app/immutable/nodes/20.Ciogcymp.js                                       50.19 kB │ gzip: 14.88 kB
#25 7.108 .svelte-kit/output/client/_app/immutable/chunks/Cg9fePgA.js                                         50.94 kB │ gzip: 19.36 kB
#25 7.108 
#25 7.110 [32m✓ built in 1.41s[39m
#25 8.389 computing gzip size...
#25 ...

#27 [go-build  5/12] RUN go mod download
#27 DONE 8.3s

#28 [go-build  6/12] COPY cmd ./cmd
#28 DONE 0.0s

#29 [go-build  7/12] COPY internal ./internal
#29 DONE 0.0s

#25 [console-build 10/10] RUN pnpm --dir console api:generate && pnpm --dir console build
#25 8.394 .svelte-kit/output/server/_app/immutable/assets/geist-mono-symbols2-wght-normal.CO5SzqOn.woff2        5.81 kB
#25 8.394 .svelte-kit/output/server/_app/immutable/assets/geist-mono-cyrillic-ext-wght-normal.X_5orZeX.woff2    6.17 kB
#25 8.394 .svelte-kit/output/server/_app/immutable/assets/geist-cyrillic-ext-wght-normal.DjL33-gN.woff2         7.42 kB
#25 8.394 .svelte-kit/output/server/_app/immutable/assets/geist-mono-vietnamese-wght-normal.DadHysG0.woff2      7.69 kB
#25 8.394 .svelte-kit/output/server/_app/immutable/assets/geist-vietnamese-wght-normal.6IgcOCM7.woff2           8.00 kB
#25 8.394 .svelte-kit/output/server/_app/immutable/assets/geist-mono-cyrillic-wght-normal.DiZS0aHC.woff2       12.94 kB
#25 8.394 .svelte-kit/output/server/_app/immutable/assets/geist-mono-latin-ext-wght-normal.Bwz-egvJ.woff2      14.69 kB
#25 8.394 .svelte-kit/output/server/_app/immutable/assets/geist-cyrillic-wght-normal.BEAKL7Jp.woff2            15.08 kB
#25 8.394 .svelte-kit/output/server/_app/immutable/assets/geist-latin-ext-wght-normal.DC-KSUi6.woff2           16.51 kB
#25 8.394 .svelte-kit/output/server/_app/immutable/assets/geist-mono-latin-wght-normal.XN7g48iV.woff2          23.12 kB
#25 8.394 .svelte-kit/output/server/_app/immutable/assets/geist-latin-wght-normal.BgDaEnEv.woff2               29.40 kB
#25 8.394 .svelte-kit/output/server/.vite/manifest.json                                                        39.39 kB │ gzip:  3.99 kB
#25 8.394 .svelte-kit/output/server/_app/immutable/assets/BrandMark.DWSde6Ww.css                                0.20 kB │ gzip:  0.14 kB
#25 8.394 .svelte-kit/output/server/_app/immutable/assets/CursorPagination.DbjTanq2.css                         0.37 kB │ gzip:  0.23 kB
#25 8.394 .svelte-kit/output/server/_app/immutable/assets/_error.B6hFuh5l.css                                   0.48 kB │ gzip:  0.29 kB
#25 8.394 .svelte-kit/output/server/_app/immutable/assets/_page.qI-HkGM6.css                                    0.52 kB │ gzip:  0.26 kB
#25 8.394 .svelte-kit/output/server/_app/immutable/assets/RoutingDecisions.BKVcnrD-.css                         0.55 kB │ gzip:  0.30 kB
#25 8.394 .svelte-kit/output/server/_app/immutable/assets/userKeys.D_MV4LJ6.css                                 0.61 kB │ gzip:  0.34 kB
#25 8.394 .svelte-kit/output/server/_app/immutable/assets/RoutingPolicyEditor.BJZqratL.css                      0.64 kB │ gzip:  0.32 kB
#25 8.394 .svelte-kit/output/server/_app/immutable/assets/ConflictNotice.CsCOeo4a.css                           0.73 kB │ gzip:  0.32 kB
#25 8.394 .svelte-kit/output/server/_app/immutable/assets/_page.BkP3pjFd.css                                    0.81 kB │ gzip:  0.37 kB
#25 8.394 .svelte-kit/output/server/_app/immutable/assets/_page.lJnZ3fco.css                                    0.85 kB │ gzip:  0.38 kB
#25 8.394 .svelte-kit/output/server/_app/immutable/assets/SecretDialog.BrGd2n-3.css                             1.20 kB │ gzip:  0.52 kB
#25 8.394 .svelte-kit/output/server/_app/immutable/assets/RoutingPreferencesForm.CY3T8blZ.css                   1.26 kB │ gzip:  0.48 kB
#25 8.394 .svelte-kit/output/server/_app/immutable/assets/_page.CEOwprLc.css                                    1.31 kB │ gzip:  0.47 kB
#25 8.394 .svelte-kit/output/server/_app/immutable/assets/_page.BwL_XRn9.css                                    1.44 kB │ gzip:  0.54 kB
#25 8.394 .svelte-kit/output/server/_app/immutable/assets/_page.Gsf7t1N4.css                                    1.52 kB │ gzip:  0.53 kB
#25 8.394 .svelte-kit/output/server/_app/immutable/assets/_page.DYuTP756.css                                    1.71 kB │ gzip:  0.59 kB
#25 8.394 .svelte-kit/output/server/_app/immutable/assets/SetupFrame.D6wd0yGF.css                               1.76 kB │ gzip:  0.65 kB
#25 8.394 .svelte-kit/output/server/_app/immutable/assets/_page.Dyc3CfHy.css                                    2.18 kB │ gzip:  0.69 kB
#25 8.394 .svelte-kit/output/server/_app/immutable/assets/_page.rrQ-NEpm.css                                    2.71 kB │ gzip:  0.80 kB
#25 8.394 .svelte-kit/output/server/_app/immutable/assets/_page.BCB9RDaG.css                                    2.79 kB │ gzip:  0.77 kB
#25 8.394 .svelte-kit/output/server/_app/immutable/assets/_page.CYId_v8V.css                                    3.10 kB │ gzip:  0.79 kB
#25 8.394 .svelte-kit/output/server/_app/immutable/assets/ProviderValidationIssues.Bq4flAVf.css                 3.47 kB │ gzip:  1.00 kB
#25 8.394 .svelte-kit/output/server/_app/immutable/assets/_page.DlIVoB3o.css                                    3.74 kB │ gzip:  0.91 kB
#25 8.394 .svelte-kit/output/server/_app/immutable/assets/MediaJobsPage.DijQ2MQj.css                            3.80 kB │ gzip:  0.93 kB
#25 8.394 .svelte-kit/output/server/_app/immutable/assets/_page.NR8GeMMd.css                                    3.99 kB │ gzip:  0.96 kB
#25 8.394 .svelte-kit/output/server/_app/immutable/assets/_page.CdA5oDe0.css                                    4.31 kB │ gzip:  1.11 kB
#25 8.394 .svelte-kit/output/server/_app/immutable/assets/ApiKeysPage.C1150Hut.css                              5.75 kB │ gzip:  1.34 kB
#25 8.394 .svelte-kit/output/server/_app/immutable/assets/RequestsPage.DUtItHAT.css                             5.84 kB │ gzip:  1.27 kB
#25 8.394 .svelte-kit/output/server/_app/immutable/assets/RouteDraftEditor.r4fVuFeG.css                         6.30 kB │ gzip:  1.37 kB
#25 8.394 .svelte-kit/output/server/_app/immutable/assets/_page.LYuNuxZE.css                                    6.42 kB │ gzip:  1.40 kB
#25 8.394 .svelte-kit/output/server/_app/immutable/assets/_page.3siVHESI.css                                    6.73 kB │ gzip:  1.48 kB
#25 8.394 .svelte-kit/output/server/_app/immutable/assets/_layout.BnWPllTG.css                                  7.53 kB │ gzip:  1.71 kB
#25 8.394 .svelte-kit/output/server/_app/immutable/assets/_page.D08K6GzD.css                                    8.09 kB │ gzip:  1.59 kB
#25 8.394 .svelte-kit/output/server/_app/immutable/assets/_page.3JpcSsMC.css                                    9.99 kB │ gzip:  1.88 kB
#25 8.394 .svelte-kit/output/server/_app/immutable/assets/_layout.BMARtlm5.css                                 18.02 kB │ gzip:  4.32 kB
#25 8.394 .svelte-kit/output/server/chunks/navigation.js                                                        0.03 kB │ gzip:  0.05 kB
#25 8.394 .svelte-kit/output/server/entries/pages/_layout.ts.js                                                 0.07 kB │ gzip:  0.09 kB
#25 8.394 .svelte-kit/output/server/env.js                                                                      0.22 kB │ gzip:  0.14 kB
#25 8.394 .svelte-kit/output/server/chunks/apiKeyListState.js                                                   0.22 kB │ gzip:  0.16 kB
#25 8.394 .svelte-kit/output/server/chunks/providerPagination.js                                                0.25 kB │ gzip:  0.18 kB
#25 8.394 .svelte-kit/output/server/chunks/routeListState.js                                                    0.26 kB │ gzip:  0.18 kB
#25 8.394 .svelte-kit/output/server/chunks/env.js                                                               0.28 kB │ gzip:  0.17 kB
#25 8.394 .svelte-kit/output/server/entries/pages/(console)/routes/new/_page.svelte.js                          0.29 kB │ gzip:  0.19 kB
#25 8.394 .svelte-kit/output/server/chunks/requestKeys.js                                                       0.30 kB │ gzip:  0.20 kB
#25 8.394 .svelte-kit/output/server/chunks/apiKeyQueries.js                                                     0.34 kB │ gzip:  0.21 kB
#25 8.394 .svelte-kit/output/server/chunks/ReadOnlyNote.js                                                      0.35 kB │ gzip:  0.24 kB
#25 8.394 .svelte-kit/output/server/internal.js                                                                 0.40 kB │ gzip:  0.19 kB
#25 8.394 .svelte-kit/output/server/entries/pages/(console)/routes/_routeId_/_page.svelte.js                    0.44 kB │ gzip:  0.24 kB
#25 8.394 .svelte-kit/output/server/entries/pages/(console)/routes/_layout.svelte.js                            0.45 kB │ gzip:  0.26 kB
#25 8.394 .svelte-kit/output/server/entries/pages/(console)/api-keys/_layout.svelte.js                          0.45 kB │ gzip:  0.27 kB
#25 8.394 .svelte-kit/output/server/entries/pages/(console)/providers/_layout.svelte.js                         0.46 kB │ gzip:  0.28 kB
#25 8.394 .svelte-kit/output/server/chunks/unsavedChanges.js                                                    0.46 kB │ gzip:  0.27 kB
#25 8.394 .svelte-kit/output/server/chunks/useRole.svelte.js                                                    0.48 kB │ gzip:  0.26 kB
#25 8.394 .svelte-kit/output/server/chunks/focusError.js                                                        0.50 kB │ gzip:  0.33 kB
#25 8.394 .svelte-kit/output/server/chunks/routeKeys.js                                                         0.54 kB │ gzip:  0.26 kB
#25 8.394 .svelte-kit/output/server/chunks/api.js                                                               0.58 kB │ gzip:  0.36 kB
#25 8.394 .svelte-kit/output/server/chunks/query.js                                                             0.62 kB │ gzip:  0.39 kB
#25 8.394 .svelte-kit/output/server/chunks/CursorPagination.js                                                  0.71 kB │ gzip:  0.38 kB
#25 8.394 .svelte-kit/output/server/chunks/BrandMark.js                                                         0.74 kB │ gzip:  0.42 kB
#25 8.394 .svelte-kit/output/server/entries/pages/(console)/media-jobs/_layout.svelte.js                        0.75 kB │ gzip:  0.37 kB
#25 8.394 .svelte-kit/output/server/entries/pages/(console)/requests/_layout.svelte.js                          0.75 kB │ gzip:  0.36 kB
#25 8.394 .svelte-kit/output/server/chunks/urlSync.svelte.js                                                    0.77 kB │ gzip:  0.43 kB
#25 8.394 .svelte-kit/output/server/entries/pages/(console)/api-keys/_page.svelte.js                            0.83 kB │ gzip:  0.37 kB
#25 8.394 .svelte-kit/output/server/entries/pages/(console)/requests/_page.svelte.js                            0.84 kB │ gzip:  0.36 kB
#25 8.394 .svelte-kit/output/server/entries/pages/(console)/media-jobs/_page.svelte.js                          0.85 kB │ gzip:  0.37 kB
#25 8.394 .svelte-kit/output/server/entries/pages/(console)/api-keys/new/_page.svelte.js                        0.86 kB │ gzip:  0.38 kB
#25 8.394 .svelte-kit/output/server/entries/pages/_error.svelte.js                                              0.87 kB │ gzip:  0.46 kB
#25 8.394 .svelte-kit/output/server/chunks/pagination2.js                                                       0.87 kB │ gzip:  0.48 kB
#25 8.394 .svelte-kit/output/server/entries/pages/(console)/media-jobs/_jobId_/_page.svelte.js                  0.96 kB │ gzip:  0.40 kB
#25 8.394 .svelte-kit/output/server/entries/pages/(console)/requests/_requestId_/_page.svelte.js                0.96 kB │ gzip:  0.39 kB
#25 8.394 .svelte-kit/output/server/entries/pages/(console)/_...path_/_page.svelte.js                           1.02 kB │ gzip:  0.54 kB
#25 8.394 .svelte-kit/output/server/chunks/api2.js                                                              1.05 kB │ gzip:  0.48 kB
#25 8.394 .svelte-kit/output/server/chunks/SecretDialog.js                                                      1.07 kB │ gzip:  0.50 kB
#25 8.394 .svelte-kit/output/server/chunks/ConflictNotice.js                                                    1.07 kB │ gzip:  0.54 kB
#25 8.394 .svelte-kit/output/server/chunks/serviceCapabilities.svelte.js                                        1.13 kB │ gzip:  0.42 kB
#25 8.394 .svelte-kit/output/server/chunks/paths.js                                                             1.15 kB │ gzip:  0.65 kB
#25 8.394 .svelte-kit/output/server/chunks/usage.js                                                             1.20 kB │ gzip:  0.37 kB
#25 8.394 .svelte-kit/output/server/chunks/concurrentEdit.js                                                    1.23 kB │ gzip:  0.39 kB
#25 8.394 .svelte-kit/output/server/chunks/displayNamePolicy.js                                                 1.29 kB │ gzip:  0.61 kB
#25 8.394 .svelte-kit/output/server/entries/pages/setup/_page.svelte.js                                         1.31 kB │ gzip:  0.58 kB
#25 8.394 .svelte-kit/output/server/chunks/internal.js                                                          1.31 kB │ gzip:  0.54 kB
#25 8.394 .svelte-kit/output/server/chunks/authorization.js                                                     1.32 kB │ gzip:  0.49 kB
#25 8.394 .svelte-kit/output/server/entries/pages/invitations/accept/_page.svelte.js                            1.34 kB │ gzip:  0.56 kB
#25 8.394 .svelte-kit/output/server/chunks/client2.js                                                           1.41 kB │ gzip:  0.70 kB
#25 8.394 .svelte-kit/output/server/chunks/providerKeys.js                                                      1.48 kB │ gzip:  0.45 kB
#25 8.394 .svelte-kit/output/server/chunks/pagination.js                                                        1.56 kB │ gzip:  0.65 kB
#25 8.394 .svelte-kit/output/server/chunks/auth.js                                                              1.61 kB │ gzip:  0.58 kB
#25 8.394 .svelte-kit/output/server/chunks/SetupFrame.js                                                        1.82 kB │ gzip:  0.78 kB
#25 8.394 .svelte-kit/output/server/chunks/api3.js                                                              2.16 kB │ gzip:  0.84 kB
#25 8.394 .svelte-kit/output/server/chunks/api4.js                                                              2.28 kB │ gzip:  0.70 kB
#25 8.394 .svelte-kit/output/server/chunks/state.js                                                             2.69 kB │ gzip:  1.13 kB
#25 8.394 .svelte-kit/output/server/chunks/mediaJobListState.js                                                 2.90 kB │ gzip:  1.05 kB
#25 8.394 .svelte-kit/output/server/chunks/budgetPresentation.js                                                2.93 kB │ gzip:  1.22 kB
#25 8.394 .svelte-kit/output/server/chunks/requestListState.js                                                  2.96 kB │ gzip:  1.08 kB
#25 8.394 .svelte-kit/output/server/chunks/models.js                                                            3.47 kB │ gzip:  0.82 kB
#25 8.394 .svelte-kit/output/server/chunks/NavIcon.js                                                           3.49 kB │ gzip:  1.20 kB
#25 8.394 .svelte-kit/output/server/chunks/filters.js                                                           3.52 kB │ gzip:  1.55 kB
#25 8.394 .svelte-kit/output/server/chunks/exports.js                                                           4.66 kB │ gzip:  1.52 kB
#25 8.394 .svelte-kit/output/server/chunks/api5.js                                                              4.95 kB │ gzip:  1.38 kB
#25 8.394 .svelte-kit/output/server/chunks/userKeys.js                                                          5.32 kB │ gzip:  1.55 kB
#25 8.394 .svelte-kit/output/server/chunks/RoutingDecisions.js                                                  5.72 kB │ gzip:  1.88 kB
#25 8.394 .svelte-kit/output/server/chunks/RoutingPolicyEditor.js                                               5.76 kB │ gzip:  1.91 kB
#25 8.394 .svelte-kit/output/server/chunks/mutation.js                                                          5.86 kB │ gzip:  1.55 kB
#25 8.394 .svelte-kit/output/server/chunks/format.js                                                            5.94 kB │ gzip:  2.00 kB
#25 8.394 .svelte-kit/output/server/chunks/client.js                                                            5.94 kB │ gzip:  2.36 kB
#25 8.394 .svelte-kit/output/server/entries/pages/login/_page.svelte.js                                         6.08 kB │ gzip:  2.22 kB
#25 8.394 .svelte-kit/output/server/entries/pages/(console)/routes/_routeId_/revisions/_page.svelte.js          6.55 kB │ gzip:  1.92 kB
#25 8.394 .svelte-kit/output/server/chunks/providerEditor.js                                                    8.45 kB │ gzip:  2.50 kB
#25 8.394 .svelte-kit/output/server/chunks/RoutingPreferencesForm.js                                            8.84 kB │ gzip:  2.43 kB
#25 8.394 .svelte-kit/output/server/entries/pages/(console)/access/_page.svelte.js                              8.98 kB │ gzip:  2.79 kB
#25 8.394 .svelte-kit/output/server/entries/pages/(console)/routes/_page.svelte.js                              9.34 kB │ gzip:  2.46 kB
#25 8.394 .svelte-kit/output/server/chunks/routing.js                                                           9.40 kB │ gzip:  3.14 kB
#25 8.394 .svelte-kit/output/server/entries/pages/(console)/providers/_page.svelte.js                           9.46 kB │ gzip:  2.77 kB
#25 8.394 .svelte-kit/output/server/entries/pages/(console)/audit/_page.svelte.js                              10.60 kB │ gzip:  3.16 kB
#25 8.394 .svelte-kit/output/server/entries/pages/(console)/_layout.svelte.js                                  13.19 kB │ gzip:  3.39 kB
#25 8.394 .svelte-kit/output/server/chunks/MediaJobsPage.js                                                    14.43 kB │ gzip:  3.42 kB
#25 8.394 .svelte-kit/output/server/entries/pages/(console)/models/_page.svelte.js                             15.72 kB │ gzip:  4.32 kB
#25 8.394 .svelte-kit/output/server/entries/pages/_layout.svelte.js                                            16.64 kB │ gzip:  3.81 kB
#25 8.394 .svelte-kit/output/server/chunks/uneval.js                                                           17.25 kB │ gzip:  4.78 kB
#25 8.394 .svelte-kit/output/server/chunks/createQuery.js                                                      18.27 kB │ gzip:  4.58 kB
#25 8.394 .svelte-kit/output/server/chunks/ProviderValidationIssues.js                                         18.73 kB │ gzip:  4.20 kB
#25 8.394 .svelte-kit/output/server/entries/pages/(console)/_page.svelte.js                                    19.32 kB │ gzip:  4.89 kB
#25 8.394 .svelte-kit/output/server/entries/pages/(console)/playground/_page.svelte.js                         21.17 kB │ gzip:  5.50 kB
#25 8.394 .svelte-kit/output/server/entries/pages/(console)/settings/_page.svelte.js                           21.56 kB │ gzip:  5.32 kB
#25 8.394 .svelte-kit/output/server/chunks/context.js                                                          24.54 kB │ gzip:  6.37 kB
#25 8.394 .svelte-kit/output/server/chunks/RequestsPage.js                                                     25.61 kB │ gzip:  5.21 kB
#25 8.394 .svelte-kit/output/server/entries/pages/(console)/usage/_page.svelte.js                              25.86 kB │ gzip:  6.41 kB
#25 8.394 .svelte-kit/output/server/entries/pages/(console)/settings/profile/_page.svelte.js                   28.37 kB │ gzip:  6.42 kB
#25 8.394 .svelte-kit/output/server/chunks/lifecycle.js                                                        28.97 kB │ gzip:  7.68 kB
#25 8.394 .svelte-kit/output/server/chunks/shared.js                                                           30.01 kB │ gzip:  8.09 kB
#25 8.394 .svelte-kit/output/server/entries/pages/(console)/health/_page.svelte.js                             32.45 kB │ gzip:  7.60 kB
#25 8.394 .svelte-kit/output/server/chunks/RouteDraftEditor.js                                                 34.04 kB │ gzip:  8.03 kB
#25 8.394 .svelte-kit/output/server/chunks/ApiKeysPage.js                                                      35.36 kB │ gzip:  8.11 kB
#25 8.394 .svelte-kit/output/server/chunks/utils.js                                                            37.45 kB │ gzip: 10.84 kB
#25 8.394 .svelte-kit/output/server/chunks/internal2.js                                                        37.95 kB │ gzip: 10.34 kB
#25 8.394 .svelte-kit/output/server/entries/pages/(console)/providers/new/_page.svelte.js                      38.01 kB │ gzip:  9.03 kB
#25 8.394 .svelte-kit/output/server/entries/pages/(console)/providers/_providerId_/_page.svelte.js             54.08 kB │ gzip: 10.76 kB
#25 8.394 .svelte-kit/output/server/remote-entry.js                                                            55.47 kB │ gzip: 12.13 kB
#25 8.394 .svelte-kit/output/server/chunks/index-server.js                                                    126.18 kB │ gzip: 32.63 kB
#25 8.394 .svelte-kit/output/server/index.js                                                                  132.45 kB │ gzip: 33.27 kB
#25 8.394 
#25 8.396 [32m✓ built in 5.44s[39m
#25 8.396 
#25 8.396 Run npm run preview to preview your production build locally.
#25 8.400 
#25 8.400 > Using @sveltejs/adapter-static
#25 ...

#30 [go-build  8/12] COPY openapi ./openapi
#30 DONE 0.0s

#31 [go-build  9/12] COPY deploy/native /out/native
#31 DONE 0.0s

#32 [go-build 10/12] RUN version=$(sed -n 's/  "version": "\([^" ]*\)",/\1/p' package.json) &&     test -n "$version" && test "${OLP_VERSION:-$version}" = "$version" &&     mkdir -p /out && go build -mod=readonly -trimpath       -ldflags="-s -w -X github.com/tyk-swe/olp/internal/process.Version=$version" -o /out/olp ./cmd/olp
#32 ...

#25 [console-build 10/10] RUN pnpm --dir console api:generate && pnpm --dir console build
#25 9.079   Wrote site to "build"
#25 9.080   ✔ done
#25 9.081 [33m[33m[PLUGIN_TIMINGS] [0mPlugin hooks ran for 6.0s. The build took 5.4s. Hooks such as `closeBundle` run after the build ends, so hook time can be more than build time.
#25 9.081 The slowest hooks, timed inside each callback (the wait before a callback starts is excluded, the time it awaits is included):
#25 9.081   - vite-plugin-sveltekit-compile writeBundle (65%, 3.6s, 1 call)
#25 9.081   - vite-plugin-svelte:compile transform (23%, 1.3s, 114 calls)
#25 9.081 Additional hook time came from the hooks below and from hooks under 1s.
#25 9.081 2 hooks are listed without a time. Their calls overlapped, so the time inside one call includes work from other calls. To find their cost, profile the build with `node --cpu-prof`:
#25 9.081   - vite-plugin-sveltekit-guard resolveId (1697 calls)
#25 9.081   - vite:css transform (76 calls)
#25 9.081 See https://rolldown.rs/reference/InputOptions.checks#plugintimings for more details.
#25 9.081 [39m
#25 9.350 Verified console manifest: 413 assets
#25 DONE 9.5s

#32 [go-build 10/12] RUN version=$(sed -n 's/  "version": "\([^" ]*\)",/\1/p' package.json) &&     test -n "$version" && test "${OLP_VERSION:-$version}" = "$version" &&     mkdir -p /out && go build -mod=readonly -trimpath       -ldflags="-s -w -X github.com/tyk-swe/olp/internal/process.Version=$version" -o /out/olp ./cmd/olp
#32 DONE 33.9s

#33 [go-build 11/12] RUN go version -m /out/olp > /out/go-build-info.txt && ldd /out/olp > /out/native-link.txt
#33 DONE 0.1s

#34 [go-build 12/12] RUN glide_dir="$(go list -m -f '{{.Dir}}' github.com/valkey-io/valkey-glide/go/v2)" &&     cp "$glide_dir/LICENSE" /out/GLIDE-LICENSE &&     cp "$glide_dir/THIRD_PARTY_LICENSES_GO" /out/GLIDE-THIRD-PARTY-LICENSES
#34 DONE 0.1s

#35 [stage-2 2/6] COPY --from=go-build /out/olp /usr/local/bin/olp
#35 DONE 0.2s

#36 [stage-2 3/6] COPY --from=go-build /out/*LICENSE* /out/*txt /usr/share/doc/openllmproxy/
#36 DONE 0.0s

#37 [stage-2 4/6] COPY --from=go-build /out/native/ /usr/share/doc/openllmproxy/native/
#37 DONE 0.0s

#38 [stage-2 5/6] COPY --from=console-build /src/console/build /opt/olp/console
#38 DONE 0.0s

#39 [stage-2 6/6] COPY LICENSE /usr/share/doc/openllmproxy/
#39 DONE 0.0s

#40 exporting to image
#40 exporting layers 0.1s done
#40 writing image sha256:1bc5c501cf8c55fb306cd5f004ab420a7b7811e7fc6bb5cdd212d245784f51bb done
#40 naming to docker.io/library/olp-go:candidate done
#40 DONE 0.1s
