#0 building with "default" instance using docker driver

#1 [internal] load build definition from Dockerfile
#1 transferring dockerfile: 2.89kB done
#1 DONE 0.0s

#2 resolve image config for docker-image://docker.io/docker/dockerfile:1
#2 ...

#3 [auth] docker/dockerfile:pull token for registry-1.docker.io
#3 DONE 0.0s

#2 resolve image config for docker-image://docker.io/docker/dockerfile:1
#2 DONE 0.9s

#4 docker-image://docker.io/docker/dockerfile:1@sha256:ecfaec9ed6d810b56388c508f4121597bfbba70d41a6dfeee4d8cad5f295fc32
#4 resolve docker.io/docker/dockerfile:1@sha256:ecfaec9ed6d810b56388c508f4121597bfbba70d41a6dfeee4d8cad5f295fc32 done
#4 sha256:34b128e419449565adc5ed7f487a6f503a73f1077012cfed86354c731338c44f 1.13kB / 1.13kB done
#4 sha256:c844dc65644b70ea8b391444db20ff38537384d800ea9896d46ab8f3ce897f51 1.33kB / 1.33kB done
#4 sha256:9f624ef51ad55db0ea52d755cc777566386156106fbb4f465eecb22c67ac55ed 0B / 14.14MB 0.1s
#4 sha256:ecfaec9ed6d810b56388c508f4121597bfbba70d41a6dfeee4d8cad5f295fc32 9.08kB / 9.08kB done
#4 sha256:9f624ef51ad55db0ea52d755cc777566386156106fbb4f465eecb22c67ac55ed 13.89MB / 14.14MB 0.2s
#4 sha256:9f624ef51ad55db0ea52d755cc777566386156106fbb4f465eecb22c67ac55ed 14.14MB / 14.14MB 0.2s done
#4 extracting sha256:9f624ef51ad55db0ea52d755cc777566386156106fbb4f465eecb22c67ac55ed 0.1s
#4 extracting sha256:9f624ef51ad55db0ea52d755cc777566386156106fbb4f465eecb22c67ac55ed 0.1s done
#4 DONE 0.4s

#5 [internal] load metadata for docker.io/library/node:26.8.2-alpine@sha256:ef24c5053d50fdc3e4e56eb4e7ddb7861874ab0fdc797046ba897581deb8e868
#5 ...

#6 [auth] library/node:pull token for registry-1.docker.io
#6 DONE 0.0s

#7 [auth] library/golang:pull token for registry-1.docker.io
#7 DONE 0.0s

#8 [internal] load metadata for gcr.io/distroless/cc-debian13:nonroot@sha256:c31ff9abcb1910f3ab25c7957bdaf0bfe12a01eb546e8df2282f1c8f682b606c
#8 DONE 0.8s

#9 [internal] load metadata for docker.io/library/golang:1.27.1-trixie@sha256:9baa6b4187bbb98d240372a8a235ac0bb6b5ddd52bba1431dc2f7c0705862728
#9 DONE 0.9s

#5 [internal] load metadata for docker.io/library/node:26.8.2-alpine@sha256:ef24c5053d50fdc3e4e56eb4e7ddb7861874ab0fdc797046ba897581deb8e868
#5 DONE 0.8s

#10 [internal] load .dockerignore
#10 transferring context: 968B done
#10 DONE 0.0s

#11 [go-build  1/12] FROM docker.io/library/golang:1.27.1-trixie@sha256:9baa6b4187bbb98d240372a8a235ac0bb6b5ddd52bba1431dc2f7c0705862728
#11 resolve docker.io/library/golang:1.27.1-trixie@sha256:9baa6b4187bbb98d240372a8a235ac0bb6b5ddd52bba1431dc2f7c0705862728 0.0s done
#11 ...

#12 [internal] load build context
#12 transferring context: 4.15MB 0.1s done
#12 DONE 0.1s

#11 [go-build  1/12] FROM docker.io/library/golang:1.27.1-trixie@sha256:9baa6b4187bbb98d240372a8a235ac0bb6b5ddd52bba1431dc2f7c0705862728
#11 sha256:9baa6b4187bbb98d240372a8a235ac0bb6b5ddd52bba1431dc2f7c0705862728 9.05kB / 9.05kB done
#11 sha256:b475798fb16158e6c38e8b5ca2d870fbeaa8b7fec0fc8ec64b3dc20966040635 2.32kB / 2.32kB done
#11 sha256:4914eace4b4c8c68ecd495fb71edbc01f706ba9a7ae0e5d38affbb512c36dee3 3.04kB / 3.04kB done
#11 sha256:00f78834a2fef03250be89a7741ff39d0e6bbd860298ea129a84ce5eadda1f6d 0B / 25.64MB 1.9s
#11 sha256:27ee9a8250487842a26b1ffa1215982ba9ae27010bce1997d52f9f8628578d17 15.73MB / 49.34MB 1.9s
#11 sha256:00f78834a2fef03250be89a7741ff39d0e6bbd860298ea129a84ce5eadda1f6d 15.73MB / 25.64MB 2.0s
#11 sha256:27ee9a8250487842a26b1ffa1215982ba9ae27010bce1997d52f9f8628578d17 49.34MB / 49.34MB 2.0s done
#11 sha256:cbc19164244e861d91ebd80a17e2c78c5be43a8059a32ab6fc459a92002b22f2 0B / 67.80MB 2.0s
#11 sha256:eb1cb1e5fd2542a3bd294a2ec0836e9bcb5d3dfaee7c55b74e821f8da2d1e586 0B / 102.34MB 2.0s
#11 ...

#13 [stage-2 1/6] FROM gcr.io/distroless/cc-debian13:nonroot@sha256:c31ff9abcb1910f3ab25c7957bdaf0bfe12a01eb546e8df2282f1c8f682b606c
#13 resolve gcr.io/distroless/cc-debian13:nonroot@sha256:c31ff9abcb1910f3ab25c7957bdaf0bfe12a01eb546e8df2282f1c8f682b606c 0.0s done
#13 sha256:c31ff9abcb1910f3ab25c7957bdaf0bfe12a01eb546e8df2282f1c8f682b606c 1.79kB / 1.79kB done
#13 sha256:1d2e87077bb3b12be8622609c5975fed6a3cba63e68fed53209293be10f7022c 4.39kB / 4.39kB done
#13 sha256:e0118ae1fe0fec63046a31d4b48f0cc7f0765c832e342bee4c42eac634e040dd 4.59kB / 4.59kB done
#13 sha256:c172f21841dff4c8cf45cde46589c1c2616cefe7e819965e92e6d3475c428aa0 12.68kB / 12.68kB 0.3s done
#13 sha256:1eed391ea893e6015bf4ce4ed366909975d2acdbe907670919236a8d18ea6b07 85.86kB / 85.86kB 0.3s done
#13 sha256:99515e7b4d35e0652d3b0fde571b6ec269222ecacc506f026e1758d6261e9109 288.54kB / 288.54kB 0.3s done
#13 extracting sha256:1eed391ea893e6015bf4ce4ed366909975d2acdbe907670919236a8d18ea6b07 done
#13 sha256:99ba982a9142213c751a1709dcf088e63d8601f03b3f211bae037be698fef270 254.45kB / 254.45kB 0.5s done
#13 extracting sha256:c172f21841dff4c8cf45cde46589c1c2616cefe7e819965e92e6d3475c428aa0 done
#13 extracting sha256:99515e7b4d35e0652d3b0fde571b6ec269222ecacc506f026e1758d6261e9109 0.0s done
#13 sha256:2780920e5dbfbe103d03a583ed75345306e572ec5a48cb10361f046767d9f29a 67B / 67B 0.5s done
#13 sha256:d6b1b89eccacc15c2420b2776d72c1dae334a00805ed9af54bf2f71e4d536f28 32.09kB / 32.09kB 0.7s done
#13 sha256:7c12895b777bcaa8ccae0605b4de635b68fc32d60fa08f421dc3818bf55ee212 188B / 188B 0.6s done
#13 extracting sha256:99ba982a9142213c751a1709dcf088e63d8601f03b3f211bae037be698fef270 0.0s done
#13 sha256:3214acf345c0cc6bbdb56b698a41ccdefc624a09d6beb0d38b5de0b2303ecaf4 123B / 123B 0.7s done
#13 sha256:52630fc75a18675c530ed9eba5f55eca09b03e91bd5bc15307918bbc1a7e7296 162B / 162B 0.8s done
#13 extracting sha256:d6b1b89eccacc15c2420b2776d72c1dae334a00805ed9af54bf2f71e4d536f28 done
#13 extracting sha256:2780920e5dbfbe103d03a583ed75345306e572ec5a48cb10361f046767d9f29a done
#13 extracting sha256:7c12895b777bcaa8ccae0605b4de635b68fc32d60fa08f421dc3818bf55ee212 done
#13 extracting sha256:3214acf345c0cc6bbdb56b698a41ccdefc624a09d6beb0d38b5de0b2303ecaf4 done
#13 extracting sha256:52630fc75a18675c530ed9eba5f55eca09b03e91bd5bc15307918bbc1a7e7296 done
#13 sha256:dd64bf2dd177757451a98fcdc999a339c35dee5d9872d8f4dc69c8f3c4dd0112 80B / 80B 0.8s done
#13 sha256:b839dfae01f66e15c6a8b63520557ed315bdfe036342fa7a0c537259f10d7a9a 351B / 351B 0.9s done
#13 sha256:ebddc55facdc6b1f7e0f30816a5fc7cc62f38abdf76c0a8b0a0ce52085754795 311B / 311B 1.0s done
#13 extracting sha256:dd64bf2dd177757451a98fcdc999a339c35dee5d9872d8f4dc69c8f3c4dd0112 done
#13 extracting sha256:b839dfae01f66e15c6a8b63520557ed315bdfe036342fa7a0c537259f10d7a9a done
#13 sha256:c4bc6f35ff5e25aa1afe7a148a0b6f10a760f54e298f86a4a4d44b91f1afbfab 143.34kB / 143.34kB 1.1s done
#13 sha256:2d4d7adf627254a81515173c3ba0fee593d821176ce30ea7d5eb2d956bdf8379 5.08MB / 5.08MB 1.2s done
#13 extracting sha256:ebddc55facdc6b1f7e0f30816a5fc7cc62f38abdf76c0a8b0a0ce52085754795 done
#13 sha256:58c0c263dc73f20a6488f5a19989645aea42be93147eb5a52bf69112982e34a5 3.07MB / 3.07MB 1.4s done
#13 extracting sha256:c4bc6f35ff5e25aa1afe7a148a0b6f10a760f54e298f86a4a4d44b91f1afbfab done
#13 sha256:bd8962e292918c50c90edebd9684c053bc386b9c5503acd8fec75d0c6f93a0b7 372.77kB / 372.77kB 1.5s done
#13 extracting sha256:2d4d7adf627254a81515173c3ba0fee593d821176ce30ea7d5eb2d956bdf8379 0.1s done
#13 sha256:cac2ae0193cb073e7492050b05fc342a888651b4bbc966908c8793f889c299ba 96.15kB / 96.15kB 1.5s done
#13 extracting sha256:58c0c263dc73f20a6488f5a19989645aea42be93147eb5a52bf69112982e34a5 0.0s done
#13 extracting sha256:bd8962e292918c50c90edebd9684c053bc386b9c5503acd8fec75d0c6f93a0b7 done
#13 sha256:7cc70dfd88cf2327bb827123c9156f7cb95de95b2f98f3a7a931296aacec5786 901.29kB / 901.29kB 1.7s done
#13 sha256:8224d91da70b7992430d3b04040ea38ecdef4a7b719bee38397c89aaa886e198 84.21kB / 84.21kB 1.7s done
#13 sha256:dd0d9bfd3bee080ad25a464362ec4f37ec5ca625695a4d7179fe69d207dc068d 158.45kB / 158.45kB 1.7s done
#13 extracting sha256:cac2ae0193cb073e7492050b05fc342a888651b4bbc966908c8793f889c299ba done
#13 extracting sha256:dd0d9bfd3bee080ad25a464362ec4f37ec5ca625695a4d7179fe69d207dc068d done
#13 sha256:1a4be5562d92d659f95e0b44b245ea5208bf5317481b9a351b07fad7fe5265ec 51.53kB / 51.53kB 2.0s done
#13 extracting sha256:7cc70dfd88cf2327bb827123c9156f7cb95de95b2f98f3a7a931296aacec5786 0.0s done
#13 extracting sha256:8224d91da70b7992430d3b04040ea38ecdef4a7b719bee38397c89aaa886e198 done
#13 extracting sha256:1a4be5562d92d659f95e0b44b245ea5208bf5317481b9a351b07fad7fe5265ec done
#13 DONE 2.1s

#11 [go-build  1/12] FROM docker.io/library/golang:1.27.1-trixie@sha256:9baa6b4187bbb98d240372a8a235ac0bb6b5ddd52bba1431dc2f7c0705862728
#11 sha256:cbc19164244e861d91ebd80a17e2c78c5be43a8059a32ab6fc459a92002b22f2 8.39MB / 67.80MB 2.1s
#11 extracting sha256:27ee9a8250487842a26b1ffa1215982ba9ae27010bce1997d52f9f8628578d17 0.1s
#11 sha256:ef1dbfdbb5d59bdeac07b1398a9f0808b453513bf6a76eb3ffd509a284483095 0B / 71.08MB 2.1s
#11 sha256:cbc19164244e861d91ebd80a17e2c78c5be43a8059a32ab6fc459a92002b22f2 22.02MB / 67.80MB 2.2s
#11 sha256:eb1cb1e5fd2542a3bd294a2ec0836e9bcb5d3dfaee7c55b74e821f8da2d1e586 32.51MB / 102.34MB 2.2s
#11 sha256:cbc19164244e861d91ebd80a17e2c78c5be43a8059a32ab6fc459a92002b22f2 42.99MB / 67.80MB 2.3s
#11 sha256:eb1cb1e5fd2542a3bd294a2ec0836e9bcb5d3dfaee7c55b74e821f8da2d1e586 68.16MB / 102.34MB 2.3s
#11 sha256:ef1dbfdbb5d59bdeac07b1398a9f0808b453513bf6a76eb3ffd509a284483095 26.21MB / 71.08MB 2.3s
#11 sha256:cbc19164244e861d91ebd80a17e2c78c5be43a8059a32ab6fc459a92002b22f2 67.80MB / 67.80MB 2.4s
#11 sha256:eb1cb1e5fd2542a3bd294a2ec0836e9bcb5d3dfaee7c55b74e821f8da2d1e586 100.66MB / 102.34MB 2.4s
#11 sha256:ef1dbfdbb5d59bdeac07b1398a9f0808b453513bf6a76eb3ffd509a284483095 66.06MB / 71.08MB 2.4s
#11 sha256:cbc19164244e861d91ebd80a17e2c78c5be43a8059a32ab6fc459a92002b22f2 67.80MB / 67.80MB 2.4s done
#11 sha256:ef1dbfdbb5d59bdeac07b1398a9f0808b453513bf6a76eb3ffd509a284483095 71.08MB / 71.08MB 2.6s
#11 sha256:a748572662012693e4c5fb096b69b8072a2a49812705fcd785dbe57e1e906dc7 126B / 126B 2.6s
#11 sha256:eb1cb1e5fd2542a3bd294a2ec0836e9bcb5d3dfaee7c55b74e821f8da2d1e586 102.34MB / 102.34MB 2.7s done
#11 sha256:ef1dbfdbb5d59bdeac07b1398a9f0808b453513bf6a76eb3ffd509a284483095 71.08MB / 71.08MB 2.7s done
#11 sha256:a748572662012693e4c5fb096b69b8072a2a49812705fcd785dbe57e1e906dc7 126B / 126B 2.7s done
#11 sha256:4f4fb700ef54461cfa02571ae0db9a0dc1e0cdb5577484a6d75e68dc38e8acc1 0B / 32B 2.7s
#11 sha256:4f4fb700ef54461cfa02571ae0db9a0dc1e0cdb5577484a6d75e68dc38e8acc1 32B / 32B 2.7s done
#11 extracting sha256:27ee9a8250487842a26b1ffa1215982ba9ae27010bce1997d52f9f8628578d17 2.1s done
#11 extracting sha256:00f78834a2fef03250be89a7741ff39d0e6bbd860298ea129a84ce5eadda1f6d
#11 ...

#14 [console-build  1/10] FROM docker.io/library/node:26.8.2-alpine@sha256:ef24c5053d50fdc3e4e56eb4e7ddb7861874ab0fdc797046ba897581deb8e868
#14 resolve docker.io/library/node:26.8.2-alpine@sha256:ef24c5053d50fdc3e4e56eb4e7ddb7861874ab0fdc797046ba897581deb8e868 0.0s done
#14 sha256:ef24c5053d50fdc3e4e56eb4e7ddb7861874ab0fdc797046ba897581deb8e868 2.61kB / 2.61kB done
#14 sha256:05248755d80415e489a2f8e33c99f58042b9fcb49d77cd7385e3c083d1d986ac 1.53kB / 1.53kB done
#14 sha256:449d53bad93fbf43e1c232d4c2d29b348118e62d0ad0553306ab7499afab49a8 4.80kB / 4.80kB done
#14 sha256:3192bda3435867275b6b8ca336d26580d4b8e375f4b91ff6bd7920470ea28eef 59.76MB / 59.76MB 3.0s done
#14 sha256:cb5b72c22abdfddcb34869e4874c16695d5110ce4a649139e2f92f4debff194b 450B / 450B 2.8s done
#14 extracting sha256:3192bda3435867275b6b8ca336d26580d4b8e375f4b91ff6bd7920470ea28eef 1.6s done
#14 extracting sha256:cb5b72c22abdfddcb34869e4874c16695d5110ce4a649139e2f92f4debff194b done
#14 DONE 5.4s

#15 [console-build  2/10] WORKDIR /src
#15 DONE 0.0s

#11 [go-build  1/12] FROM docker.io/library/golang:1.27.1-trixie@sha256:9baa6b4187bbb98d240372a8a235ac0bb6b5ddd52bba1431dc2f7c0705862728
#11 extracting sha256:00f78834a2fef03250be89a7741ff39d0e6bbd860298ea129a84ce5eadda1f6d 1.2s done
#11 extracting sha256:cbc19164244e861d91ebd80a17e2c78c5be43a8059a32ab6fc459a92002b22f2
#11 ...

#16 [console-build  3/10] RUN npm install --global pnpm@11.24.0
#16 1.812 
#16 1.812 added 1 package in 2s
#16 1.812 
#16 1.812 1 package is looking for funding
#16 1.812   run `npm fund` for details
#16 DONE 2.1s

#17 [console-build  4/10] COPY package.json pnpm-workspace.yaml pnpm-lock.yaml ./
#17 DONE 0.0s

#18 [console-build  5/10] COPY console/package.json ./console/package.json
#18 DONE 0.0s

#19 [console-build  6/10] COPY tests/sdk-smoke/package.json ./tests/sdk-smoke/package.json
#19 DONE 0.0s

#11 [go-build  1/12] FROM docker.io/library/golang:1.27.1-trixie@sha256:9baa6b4187bbb98d240372a8a235ac0bb6b5ddd52bba1431dc2f7c0705862728
#11 extracting sha256:cbc19164244e861d91ebd80a17e2c78c5be43a8059a32ab6fc459a92002b22f2 2.8s done
#11 extracting sha256:eb1cb1e5fd2542a3bd294a2ec0836e9bcb5d3dfaee7c55b74e821f8da2d1e586
#11 extracting sha256:eb1cb1e5fd2542a3bd294a2ec0836e9bcb5d3dfaee7c55b74e821f8da2d1e586 3.8s done
#11 extracting sha256:ef1dbfdbb5d59bdeac07b1398a9f0808b453513bf6a76eb3ffd509a284483095
#11 ...

#20 [console-build  7/10] RUN --mount=type=cache,target=/pnpm/store pnpm install --frozen-lockfile --store-dir /pnpm/store
#20 1.162 Scope: all 3 workspace projects
#20 1.273 ? Verifying lockfile against supply-chain policies (325 entries)...
#20 1.297 Lockfile is up to date, resolution step is skipped
#20 1.505 Progress: resolved 1, reused 0, downloaded 0, added 0
#20 1.611 Packages: +300
#20 1.611 ++++++++++++++++++++++++++++++++++++++++++++++++++++++++++++++++++++++++++++++++
#20 2.528 Progress: resolved 300, reused 0, downloaded 0, added 0
#20 3.589 Progress: resolved 300, reused 0, downloaded 48, added 0
#20 4.620 Progress: resolved 300, reused 0, downloaded 59, added 0
#20 4.876 Packages are copied from the content-addressable store to the virtual store.
#20 4.876   Content-addressable store is at: /pnpm/store/v11
#20 4.876   Virtual store is at:             node_modules/.pnpm
#20 5.622 Progress: resolved 300, reused 0, downloaded 123, added 4
#20 6.678 Progress: resolved 300, reused 0, downloaded 202, added 12
#20 7.671 Progress: resolved 300, reused 0, downloaded 298, added 31
#20 7.923 ✓ Lockfile passes supply-chain policies (325 entries in 6.6s)
#20 8.672 Progress: resolved 300, reused 0, downloaded 300, added 125
#20 9.243 Progress: resolved 300, reused 0, downloaded 300, added 300, done
#20 9.522 
#20 9.564 Done in 9.3s using pnpm v11.24.0
#20 ...

#11 [go-build  1/12] FROM docker.io/library/golang:1.27.1-trixie@sha256:9baa6b4187bbb98d240372a8a235ac0bb6b5ddd52bba1431dc2f7c0705862728
#11 ...

#20 [console-build  7/10] RUN --mount=type=cache,target=/pnpm/store pnpm install --frozen-lockfile --store-dir /pnpm/store
#20 DONE 10.6s

#11 [go-build  1/12] FROM docker.io/library/golang:1.27.1-trixie@sha256:9baa6b4187bbb98d240372a8a235ac0bb6b5ddd52bba1431dc2f7c0705862728
#11 ...

#21 [console-build  8/10] COPY console ./console
#21 DONE 0.1s

#22 [console-build  9/10] COPY openapi/management.json ./openapi/management.json
#22 DONE 0.0s

#11 [go-build  1/12] FROM docker.io/library/golang:1.27.1-trixie@sha256:9baa6b4187bbb98d240372a8a235ac0bb6b5ddd52bba1431dc2f7c0705862728
#11 extracting sha256:ef1dbfdbb5d59bdeac07b1398a9f0808b453513bf6a76eb3ffd509a284483095 5.2s
#11 extracting sha256:ef1dbfdbb5d59bdeac07b1398a9f0808b453513bf6a76eb3ffd509a284483095 6.7s done
#11 extracting sha256:a748572662012693e4c5fb096b69b8072a2a49812705fcd785dbe57e1e906dc7
#11 extracting sha256:a748572662012693e4c5fb096b69b8072a2a49812705fcd785dbe57e1e906dc7 done
#11 extracting sha256:4f4fb700ef54461cfa02571ae0db9a0dc1e0cdb5577484a6d75e68dc38e8acc1 done
#11 DONE 20.5s

#23 [go-build  2/12] WORKDIR /src
#23 DONE 0.0s

#24 [go-build  3/12] RUN test "$(go env GOARCH)" = "amd64" && ! command -v cargo && ! command -v rustc
#24 DONE 0.1s

#25 [console-build 10/10] RUN pnpm --dir console api:generate && pnpm --dir console build
#25 0.989 $ openapi-typescript ../openapi/management.json -o src/lib/api/schema.d.ts
#25 1.715 ✨ openapi-typescript 7.13.0
#25 2.136 🚀 ../openapi/management.json → src/lib/api/schema.d.ts [425ms]
#25 ...

#26 [go-build  4/12] COPY go.mod go.sum package.json ./
#26 DONE 0.0s

#27 [go-build  5/12] RUN go mod download
#27 DONE 5.3s

#25 [console-build 10/10] RUN pnpm --dir console api:generate && pnpm --dir console build
#25 2.915 $ vite build && node scripts/asset-manifest.mjs
#25 4.388 [36mvite v8.2.2 [32mbuilding ssr environment for production...[36m[39m
#25 4.407 transforming...
#25 7.030 ✓ 479 modules transformed.
#25 7.120 rendering chunks...
#25 8.385 [36mvite v8.2.2 [32mbuilding client environment for production...[36m[39m
#25 ...

#28 [go-build  6/12] COPY cmd ./cmd
#28 DONE 0.8s

#25 [console-build 10/10] RUN pnpm --dir console api:generate && pnpm --dir console build
#25 8.393 transforming...
#25 ...

#29 [go-build  7/12] COPY internal ./internal
#29 DONE 0.1s

#30 [go-build  8/12] COPY openapi ./openapi
#30 DONE 0.0s

#31 [go-build  9/12] COPY deploy/native /out/native
#31 DONE 0.0s

#32 [go-build 10/12] RUN version=$(sed -n 's/  "version": "\([^" ]*\)",/\1/p' package.json) &&     test -n "$version" && test "${OLP_VERSION:-$version}" = "$version" &&     mkdir -p /out && go build -mod=readonly -trimpath       -ldflags="-s -w -X github.com/tyk-swe/olp/internal/process.Version=$version" -o /out/olp ./cmd/olp
#32 ...

#25 [console-build 10/10] RUN pnpm --dir console api:generate && pnpm --dir console build
#25 10.50 ✓ 519 modules transformed.
#25 10.63 rendering chunks...
#25 10.73 computing gzip size...
#25 10.74 .svelte-kit/output/client/_app/version.json                                                          0.02 kB │ gzip:  0.04 kB
#25 10.74 .svelte-kit/output/client/_app/immutable/assets/geist-mono-symbols2-wght-normal.CO5SzqOn.woff2       5.81 kB
#25 10.74 .svelte-kit/output/client/_app/immutable/assets/geist-mono-cyrillic-ext-wght-normal.X_5orZeX.woff2   6.17 kB
#25 10.74 .svelte-kit/output/client/_app/immutable/assets/geist-cyrillic-ext-wght-normal.DjL33-gN.woff2        7.42 kB
#25 10.74 .svelte-kit/output/client/_app/immutable/assets/geist-mono-vietnamese-wght-normal.DadHysG0.woff2     7.69 kB
#25 10.74 .svelte-kit/output/client/_app/immutable/assets/geist-vietnamese-wght-normal.6IgcOCM7.woff2          8.00 kB
#25 10.74 .svelte-kit/output/client/_app/immutable/assets/geist-mono-cyrillic-wght-normal.DiZS0aHC.woff2      12.94 kB
#25 10.74 .svelte-kit/output/client/_app/immutable/assets/geist-mono-latin-ext-wght-normal.Bwz-egvJ.woff2     14.69 kB
#25 10.74 .svelte-kit/output/client/_app/immutable/assets/geist-cyrillic-wght-normal.BEAKL7Jp.woff2           15.08 kB
#25 10.74 .svelte-kit/output/client/_app/immutable/assets/geist-latin-ext-wght-normal.DC-KSUi6.woff2          16.51 kB
#25 10.74 .svelte-kit/output/client/_app/immutable/assets/geist-mono-latin-wght-normal.XN7g48iV.woff2         23.12 kB
#25 10.74 .svelte-kit/output/client/_app/immutable/assets/geist-latin-wght-normal.BgDaEnEv.woff2              29.40 kB
#25 10.74 .svelte-kit/output/client/.vite/manifest.json                                                       39.57 kB │ gzip:  4.26 kB
#25 10.74 .svelte-kit/output/client/_app/immutable/assets/BrandMark.DWSde6Ww.css                               0.20 kB │ gzip:  0.14 kB
#25 10.74 .svelte-kit/output/client/_app/immutable/assets/CursorPagination.DbjTanq2.css                        0.37 kB │ gzip:  0.23 kB
#25 10.74 .svelte-kit/output/client/_app/immutable/assets/1.B6hFuh5l.css                                       0.48 kB │ gzip:  0.29 kB
#25 10.74 .svelte-kit/output/client/_app/immutable/assets/9.qI-HkGM6.css                                       0.52 kB │ gzip:  0.26 kB
#25 10.74 .svelte-kit/output/client/_app/immutable/assets/RoutingDecisions.BKVcnrD-.css                        0.55 kB │ gzip:  0.30 kB
#25 10.74 .svelte-kit/output/client/_app/immutable/assets/userKeys.D_MV4LJ6.css                                0.61 kB │ gzip:  0.34 kB
#25 10.74 .svelte-kit/output/client/_app/immutable/assets/RoutingPolicyEditor.BJZqratL.css                     0.64 kB │ gzip:  0.32 kB
#25 10.74 .svelte-kit/output/client/_app/immutable/assets/concurrentEdit.CsCOeo4a.css                          0.73 kB │ gzip:  0.32 kB
#25 10.74 .svelte-kit/output/client/_app/immutable/assets/24.C7XsZRMY.css                                      0.86 kB │ gzip:  0.38 kB
#25 10.74 .svelte-kit/output/client/_app/immutable/assets/19.D9y8bvuj.css                                      0.90 kB │ gzip:  0.38 kB
#25 10.74 .svelte-kit/output/client/_app/immutable/assets/SecretDialog.BrGd2n-3.css                            1.20 kB │ gzip:  0.52 kB
#25 10.74 .svelte-kit/output/client/_app/immutable/assets/RoutingPreferencesForm.CY3T8blZ.css                  1.26 kB │ gzip:  0.48 kB
#25 10.74 .svelte-kit/output/client/_app/immutable/assets/31.CEOwprLc.css                                      1.31 kB │ gzip:  0.47 kB
#25 10.74 .svelte-kit/output/client/_app/immutable/assets/32.BwL_XRn9.css                                      1.44 kB │ gzip:  0.54 kB
#25 10.74 .svelte-kit/output/client/_app/immutable/assets/13.Gsf7t1N4.css                                      1.52 kB │ gzip:  0.53 kB
#25 10.74 .svelte-kit/output/client/_app/immutable/assets/SetupFrame.D6wd0yGF.css                              1.76 kB │ gzip:  0.65 kB
#25 10.74 .svelte-kit/output/client/_app/immutable/assets/33.Dyc3CfHy.css                                      2.18 kB │ gzip:  0.69 kB
#25 10.74 .svelte-kit/output/client/_app/immutable/assets/17.DrPclZPa.css                                      2.76 kB │ gzip:  0.81 kB
#25 10.74 .svelte-kit/output/client/_app/immutable/assets/28.BCB9RDaG.css                                      2.79 kB │ gzip:  0.77 kB
#25 10.74 .svelte-kit/output/client/_app/immutable/assets/29.CYId_v8V.css                                      3.10 kB │ gzip:  0.79 kB
#25 10.74 .svelte-kit/output/client/_app/immutable/assets/ProviderValidationIssues.Bq4flAVf.css                3.47 kB │ gzip:  1.00 kB
#25 10.74 .svelte-kit/output/client/_app/immutable/assets/26.DlIVoB3o.css                                      3.74 kB │ gzip:  0.91 kB
#25 10.74 .svelte-kit/output/client/_app/immutable/assets/MediaJobsPage.DijQ2MQj.css                           3.80 kB │ gzip:  0.93 kB
#25 10.74 .svelte-kit/output/client/_app/immutable/assets/14.NR8GeMMd.css                                      3.99 kB │ gzip:  0.96 kB
#25 10.74 .svelte-kit/output/client/_app/immutable/assets/18.CdA5oDe0.css                                      4.31 kB │ gzip:  1.11 kB
#25 10.74 .svelte-kit/output/client/_app/immutable/assets/10.CijXb7Fq.css                                      4.96 kB │ gzip:  1.06 kB
#25 10.74 .svelte-kit/output/client/_app/immutable/assets/ApiKeysPage.C1150Hut.css                             5.75 kB │ gzip:  1.34 kB
#25 10.74 .svelte-kit/output/client/_app/immutable/assets/RequestsPage.BIk2CKIP.css                            5.95 kB │ gzip:  1.28 kB
#25 10.74 .svelte-kit/output/client/_app/immutable/assets/RouteDraftEditor.CIDBHk7l.css                        6.40 kB │ gzip:  1.38 kB
#25 10.74 .svelte-kit/output/client/_app/immutable/assets/30.CXOtVeLQ.css                                      6.52 kB │ gzip:  1.40 kB
#25 10.74 .svelte-kit/output/client/_app/immutable/assets/21.B3HoXNuv.css                                      6.78 kB │ gzip:  1.49 kB
#25 10.74 .svelte-kit/output/client/_app/immutable/assets/2.BnWPllTG.css                                       7.53 kB │ gzip:  1.71 kB
#25 10.74 .svelte-kit/output/client/_app/immutable/assets/8.BGP8xmCq.css                                       8.14 kB │ gzip:  1.60 kB
#25 10.74 .svelte-kit/output/client/_app/immutable/assets/20.3JpcSsMC.css                                      9.99 kB │ gzip:  1.88 kB
#25 10.74 .svelte-kit/output/client/_app/immutable/assets/0.Ch5s6Vn3.css                                      18.21 kB │ gzip:  4.36 kB
#25 10.74 .svelte-kit/output/client/_app/immutable/chunks/BJDQ52M1.js                                          0.02 kB │ gzip:  0.04 kB
#25 10.74 .svelte-kit/output/client/_app/immutable/chunks/DpSOtwKn.js                                          0.03 kB │ gzip:  0.05 kB
#25 10.74 .svelte-kit/output/client/_app/immutable/chunks/xihTtKlq.js                                          0.06 kB │ gzip:  0.08 kB
#25 10.74 .svelte-kit/output/client/_app/immutable/chunks/Dro3YUrB.js                                          0.06 kB │ gzip:  0.07 kB
#25 10.74 .svelte-kit/output/client/_app/immutable/entry/start.Czg8DsHK.js                                     0.08 kB │ gzip:  0.09 kB
#25 10.74 .svelte-kit/output/client/_app/immutable/chunks/4YQg3QUo.js                                          0.09 kB │ gzip:  0.10 kB
#25 10.74 .svelte-kit/output/client/_app/immutable/chunks/9ixZWaVC.js                                          0.09 kB │ gzip:  0.10 kB
#25 10.74 .svelte-kit/output/client/_app/immutable/chunks/VceKG1iP.js                                          0.10 kB │ gzip:  0.11 kB
#25 10.74 .svelte-kit/output/client/_app/immutable/chunks/Dgu-Izkv.js                                          0.13 kB │ gzip:  0.11 kB
#25 10.74 .svelte-kit/output/client/_app/immutable/chunks/C6gsH53v.js                                          0.17 kB │ gzip:  0.13 kB
#25 10.74 .svelte-kit/output/client/_app/immutable/nodes/27.TqDO6l6e.js                                        0.17 kB │ gzip:  0.13 kB
#25 10.74 .svelte-kit/output/client/_app/immutable/chunks/DpbZEp52.js                                          0.21 kB │ gzip:  0.18 kB
#25 10.74 .svelte-kit/output/client/_app/immutable/chunks/BexL5aaV.js                                          0.21 kB │ gzip:  0.18 kB
#25 10.74 .svelte-kit/output/client/_app/immutable/chunks/Q5_vLEpc.js                                          0.24 kB │ gzip:  0.13 kB
#25 10.74 .svelte-kit/output/client/_app/immutable/nodes/3.3KyyLJsS.js                                         0.28 kB │ gzip:  0.21 kB
#25 10.74 .svelte-kit/output/client/_app/immutable/nodes/5.CyihaUtd.js                                         0.28 kB │ gzip:  0.21 kB
#25 10.74 .svelte-kit/output/client/_app/immutable/nodes/7.CeVLORsV.js                                         0.28 kB │ gzip:  0.21 kB
#25 10.74 .svelte-kit/output/client/_app/immutable/chunks/C3OMN1aR.js                                          0.28 kB │ gzip:  0.22 kB
#25 10.74 .svelte-kit/output/client/_app/immutable/chunks/CmiVb22i.js                                          0.29 kB │ gzip:  0.16 kB
#25 10.74 .svelte-kit/output/client/_app/immutable/nodes/25.BNGQYybL.js                                        0.30 kB │ gzip:  0.19 kB
#25 10.74 .svelte-kit/output/client/_app/immutable/chunks/BkjuMpiz.js                                          0.32 kB │ gzip:  0.24 kB
#25 10.74 .svelte-kit/output/client/_app/immutable/chunks/DP_eUzDF.js                                          0.33 kB │ gzip:  0.22 kB
#25 10.74 .svelte-kit/output/client/_app/immutable/nodes/11.C4g91kPZ.js                                        0.37 kB │ gzip:  0.24 kB
#25 10.74 .svelte-kit/output/client/_app/immutable/nodes/15.B_BYcdxN.js                                        0.37 kB │ gzip:  0.24 kB
#25 10.74 .svelte-kit/output/client/_app/immutable/nodes/22.BVlsNIoS.js                                        0.37 kB │ gzip:  0.24 kB
#25 10.74 .svelte-kit/output/client/_app/immutable/nodes/12.XMijx_SK.js                                        0.37 kB │ gzip:  0.24 kB
#25 10.74 .svelte-kit/output/client/_app/immutable/chunks/BpcPbYLx.js                                          0.40 kB │ gzip:  0.26 kB
#25 10.74 .svelte-kit/output/client/_app/immutable/nodes/16.CO5kzWAM.js                                        0.44 kB │ gzip:  0.27 kB
#25 10.74 .svelte-kit/output/client/_app/immutable/nodes/4.CtK4ujuh.js                                         0.44 kB │ gzip:  0.29 kB
#25 10.74 .svelte-kit/output/client/_app/immutable/nodes/23.M-5Bwfdx.js                                        0.45 kB │ gzip:  0.27 kB
#25 10.74 .svelte-kit/output/client/_app/immutable/nodes/6.eG0NTOAU.js                                         0.45 kB │ gzip:  0.29 kB
#25 10.74 .svelte-kit/output/client/_app/immutable/chunks/OCadlyWW.js                                          0.51 kB │ gzip:  0.33 kB
#25 10.74 .svelte-kit/output/client/_app/immutable/chunks/DOKD_5Rx.js                                          0.60 kB │ gzip:  0.35 kB
#25 10.74 .svelte-kit/output/client/_app/immutable/chunks/yCSwBoVu.js                                          0.63 kB │ gzip:  0.32 kB
#25 10.74 .svelte-kit/output/client/_app/immutable/chunks/DmwcY4cW.js                                          0.63 kB │ gzip:  0.35 kB
#25 10.74 .svelte-kit/output/client/_app/immutable/chunks/CfY_-D1a.js                                          0.65 kB │ gzip:  0.34 kB
#25 10.74 .svelte-kit/output/client/_app/immutable/chunks/DtdWoN14.js                                          0.67 kB │ gzip:  0.40 kB
#25 10.74 .svelte-kit/output/client/_app/immutable/chunks/DqJX7kfI.js                                          0.69 kB │ gzip:  0.30 kB
#25 10.74 .svelte-kit/output/client/_app/immutable/chunks/DvObCNt0.js                                          0.75 kB │ gzip:  0.43 kB
#25 10.74 .svelte-kit/output/client/_app/immutable/chunks/Cik4LbLP.js                                          0.79 kB │ gzip:  0.42 kB
#25 10.74 .svelte-kit/output/client/_app/immutable/chunks/BiGfdzMQ.js                                          0.83 kB │ gzip:  0.28 kB
#25 10.74 .svelte-kit/output/client/_app/immutable/chunks/CeEVCS5h.js                                          0.85 kB │ gzip:  0.29 kB
#25 10.74 .svelte-kit/output/client/_app/immutable/nodes/9.Btoxhr7J.js                                         0.99 kB │ gzip:  0.57 kB
#25 10.74 .svelte-kit/output/client/_app/immutable/nodes/1.eRv93Yvp.js                                         1.00 kB │ gzip:  0.56 kB
#25 10.74 .svelte-kit/output/client/_app/immutable/chunks/kh2qLI1n.js                                          1.34 kB │ gzip:  0.75 kB
#25 10.74 .svelte-kit/output/client/_app/immutable/chunks/meWJt6RJ.js                                          1.34 kB │ gzip:  0.73 kB
#25 10.74 .svelte-kit/output/client/_app/immutable/chunks/Bjy-W4x2.js                                          1.36 kB │ gzip:  0.65 kB
#25 10.74 .svelte-kit/output/client/_app/immutable/chunks/JcPKaOmk.js                                          1.37 kB │ gzip:  0.68 kB
#25 10.74 .svelte-kit/output/client/_app/immutable/chunks/BetgckNs.js                                          1.58 kB │ gzip:  0.62 kB
#25 10.74 .svelte-kit/output/client/_app/immutable/chunks/Bg-HN9sX.js                                          1.68 kB │ gzip:  0.75 kB
#25 10.74 .svelte-kit/output/client/_app/immutable/chunks/5K--OhWA.js                                          1.75 kB │ gzip:  0.84 kB
#25 10.74 .svelte-kit/output/client/_app/immutable/chunks/Dklz0Izb.js                                          1.78 kB │ gzip:  0.79 kB
#25 10.74 .svelte-kit/output/client/_app/immutable/chunks/Cvg4LN7Y.js                                          1.83 kB │ gzip:  0.60 kB
#25 10.74 .svelte-kit/output/client/_app/immutable/chunks/DmM3jFS-.js                                          1.84 kB │ gzip:  0.70 kB
#25 10.74 .svelte-kit/output/client/_app/immutable/chunks/DcD5QFHo.js                                          2.01 kB │ gzip:  0.87 kB
#25 10.74 .svelte-kit/output/client/_app/immutable/chunks/CDpK0viA.js                                          2.06 kB │ gzip:  0.63 kB
#25 10.74 .svelte-kit/output/client/_app/immutable/chunks/BzB2OK0L.js                                          2.53 kB │ gzip:  1.01 kB
#25 10.74 .svelte-kit/output/client/_app/immutable/chunks/cp2uMWdm.js                                          2.85 kB │ gzip:  0.83 kB
#25 10.74 .svelte-kit/output/client/_app/immutable/chunks/BAe-Pd6w.js                                          3.43 kB │ gzip:  1.14 kB
#25 10.74 .svelte-kit/output/client/_app/immutable/chunks/Dc2oxeW2.js                                          3.43 kB │ gzip:  1.36 kB
#25 10.74 .svelte-kit/output/client/_app/immutable/chunks/CJU8ewOl.js                                          4.00 kB │ gzip:  1.60 kB
#25 10.74 .svelte-kit/output/client/_app/immutable/chunks/CCZZzsws.js                                          4.69 kB │ gzip:  1.67 kB
#25 10.74 .svelte-kit/output/client/_app/immutable/chunks/jt9CXBz0.js                                          5.16 kB │ gzip:  1.93 kB
#25 10.74 .svelte-kit/output/client/_app/immutable/nodes/32.B2Odvlrq.js                                        5.24 kB │ gzip:  2.36 kB
#25 10.74 .svelte-kit/output/client/_app/immutable/chunks/Bcy9hY4c.js                                          5.36 kB │ gzip:  2.35 kB
#25 10.74 .svelte-kit/output/client/_app/immutable/nodes/31.DVjmpNig.js                                        5.64 kB │ gzip:  2.15 kB
#25 10.74 .svelte-kit/output/client/_app/immutable/chunks/BxFWDhdJ.js                                          7.00 kB │ gzip:  2.53 kB
#25 10.74 .svelte-kit/output/client/_app/immutable/chunks/CT4NHZiG.js                                          7.05 kB │ gzip:  2.75 kB
#25 10.74 .svelte-kit/output/client/_app/immutable/nodes/24.DuKoNKI8.js                                        7.32 kB │ gzip:  2.72 kB
#25 10.74 .svelte-kit/output/client/_app/immutable/nodes/0.B9-E0KUf.js                                         7.65 kB │ gzip:  2.51 kB
#25 10.74 .svelte-kit/output/client/_app/immutable/nodes/13.Dkl9E2ix.js                                        8.21 kB │ gzip:  3.33 kB
#25 10.74 .svelte-kit/output/client/_app/immutable/nodes/19.CU0J8t6E.js                                        8.51 kB │ gzip:  3.68 kB
#25 10.74 .svelte-kit/output/client/_app/immutable/nodes/33.BR_xTxew.js                                        8.86 kB │ gzip:  3.17 kB
#25 10.74 .svelte-kit/output/client/_app/immutable/nodes/26.D1dXJJkt.js                                        9.25 kB │ gzip:  3.19 kB
#25 10.74 .svelte-kit/output/client/_app/immutable/chunks/CHIhzoJV.js                                         10.71 kB │ gzip:  3.88 kB
#25 10.74 .svelte-kit/output/client/_app/immutable/chunks/Bbn9jEbP.js                                         11.51 kB │ gzip:  3.98 kB
#25 10.74 .svelte-kit/output/client/_app/immutable/nodes/2.XTHobbsZ.js                                        11.69 kB │ gzip:  4.38 kB
#25 10.74 .svelte-kit/output/client/_app/immutable/chunks/D4URCueT.js                                         12.96 kB │ gzip:  4.23 kB
#25 10.74 .svelte-kit/output/client/_app/immutable/entry/app.BpXUtq9n.js                                      13.57 kB │ gzip:  4.37 kB
#25 10.74 .svelte-kit/output/client/_app/immutable/nodes/17.Q5vCMEez.js                                       14.57 kB │ gzip:  5.69 kB
#25 10.74 .svelte-kit/output/client/_app/immutable/chunks/CT-RevDF.js                                         15.81 kB │ gzip:  4.86 kB
#25 10.74 .svelte-kit/output/client/_app/immutable/nodes/8.BTPqq06I.js                                        16.38 kB │ gzip:  5.87 kB
#25 10.74 .svelte-kit/output/client/_app/immutable/chunks/C9jbw1FE.js                                         16.79 kB │ gzip:  5.82 kB
#25 10.74 .svelte-kit/output/client/_app/immutable/nodes/18.DvfHud_d.js                                       18.60 kB │ gzip:  6.55 kB
#25 10.74 .svelte-kit/output/client/_app/immutable/nodes/28.Q90Q6wzl.js                                       19.36 kB │ gzip:  6.85 kB
#25 10.74 .svelte-kit/output/client/_app/immutable/nodes/29.oeizOzeS.js                                       20.82 kB │ gzip:  6.66 kB
#25 10.74 .svelte-kit/output/client/_app/immutable/nodes/30.CVfBIc-5.js                                       22.40 kB │ gzip:  7.50 kB
#25 10.74 .svelte-kit/output/client/_app/immutable/chunks/wcHuCyGa.js                                         24.59 kB │ gzip:  6.81 kB
#25 10.74 .svelte-kit/output/client/_app/immutable/nodes/10.iR9EUvCA.js                                       26.34 kB │ gzip:  9.04 kB
#25 10.74 .svelte-kit/output/client/_app/immutable/chunks/CUunA6ty.js                                         27.50 kB │ gzip:  8.78 kB
#25 10.74 .svelte-kit/output/client/_app/immutable/nodes/14.D9Q0uAMn.js                                       27.70 kB │ gzip:  8.69 kB
#25 10.74 .svelte-kit/output/client/_app/immutable/chunks/C3Wtx_A4.js                                         30.07 kB │ gzip: 11.63 kB
#25 10.74 .svelte-kit/output/client/_app/immutable/nodes/21.CSXVhU6q.js                                       30.63 kB │ gzip:  9.88 kB
#25 10.74 .svelte-kit/output/client/_app/immutable/chunks/rq3Q6aG4.js                                         34.85 kB │ gzip: 11.84 kB
#25 10.74 .svelte-kit/output/client/_app/immutable/nodes/20.Bmb_vaWF.js                                       50.19 kB │ gzip: 14.88 kB
#25 10.74 .svelte-kit/output/client/_app/immutable/chunks/Cg9fePgA.js                                         50.94 kB │ gzip: 19.36 kB
#25 10.74 
#25 10.74 [32m✓ built in 2.35s[39m
#25 11.78 computing gzip size...
#25 11.79 .svelte-kit/output/server/_app/immutable/assets/geist-mono-symbols2-wght-normal.CO5SzqOn.woff2        5.81 kB
#25 11.79 .svelte-kit/output/server/_app/immutable/assets/geist-mono-cyrillic-ext-wght-normal.X_5orZeX.woff2    6.17 kB
#25 11.79 .svelte-kit/output/server/_app/immutable/assets/geist-cyrillic-ext-wght-normal.DjL33-gN.woff2         7.42 kB
#25 11.79 .svelte-kit/output/server/_app/immutable/assets/geist-mono-vietnamese-wght-normal.DadHysG0.woff2      7.69 kB
#25 11.79 .svelte-kit/output/server/_app/immutable/assets/geist-vietnamese-wght-normal.6IgcOCM7.woff2           8.00 kB
#25 11.79 .svelte-kit/output/server/_app/immutable/assets/geist-mono-cyrillic-wght-normal.DiZS0aHC.woff2       12.94 kB
#25 11.79 .svelte-kit/output/server/_app/immutable/assets/geist-mono-latin-ext-wght-normal.Bwz-egvJ.woff2      14.69 kB
#25 11.79 .svelte-kit/output/server/_app/immutable/assets/geist-cyrillic-wght-normal.BEAKL7Jp.woff2            15.08 kB
#25 11.79 .svelte-kit/output/server/_app/immutable/assets/geist-latin-ext-wght-normal.DC-KSUi6.woff2           16.51 kB
#25 11.79 .svelte-kit/output/server/_app/immutable/assets/geist-mono-latin-wght-normal.XN7g48iV.woff2          23.12 kB
#25 11.79 .svelte-kit/output/server/_app/immutable/assets/geist-latin-wght-normal.BgDaEnEv.woff2               29.40 kB
#25 11.79 .svelte-kit/output/server/.vite/manifest.json                                                        39.39 kB │ gzip:  3.99 kB
#25 11.79 .svelte-kit/output/server/_app/immutable/assets/BrandMark.DWSde6Ww.css                                0.20 kB │ gzip:  0.14 kB
#25 11.79 .svelte-kit/output/server/_app/immutable/assets/CursorPagination.DbjTanq2.css                         0.37 kB │ gzip:  0.23 kB
#25 11.79 .svelte-kit/output/server/_app/immutable/assets/_error.B6hFuh5l.css                                   0.48 kB │ gzip:  0.29 kB
#25 11.79 .svelte-kit/output/server/_app/immutable/assets/_page.qI-HkGM6.css                                    0.52 kB │ gzip:  0.26 kB
#25 11.79 .svelte-kit/output/server/_app/immutable/assets/RoutingDecisions.BKVcnrD-.css                         0.55 kB │ gzip:  0.30 kB
#25 11.79 .svelte-kit/output/server/_app/immutable/assets/userKeys.D_MV4LJ6.css                                 0.61 kB │ gzip:  0.34 kB
#25 11.79 .svelte-kit/output/server/_app/immutable/assets/RoutingPolicyEditor.BJZqratL.css                      0.64 kB │ gzip:  0.32 kB
#25 11.79 .svelte-kit/output/server/_app/immutable/assets/ConflictNotice.CsCOeo4a.css                           0.73 kB │ gzip:  0.32 kB
#25 11.79 .svelte-kit/output/server/_app/immutable/assets/_page.BkP3pjFd.css                                    0.81 kB │ gzip:  0.37 kB
#25 11.79 .svelte-kit/output/server/_app/immutable/assets/_page.lJnZ3fco.css                                    0.85 kB │ gzip:  0.38 kB
#25 11.79 .svelte-kit/output/server/_app/immutable/assets/SecretDialog.BrGd2n-3.css                             1.20 kB │ gzip:  0.52 kB
#25 11.79 .svelte-kit/output/server/_app/immutable/assets/RoutingPreferencesForm.CY3T8blZ.css                   1.26 kB │ gzip:  0.48 kB
#25 11.79 .svelte-kit/output/server/_app/immutable/assets/_page.CEOwprLc.css                                    1.31 kB │ gzip:  0.47 kB
#25 11.79 .svelte-kit/output/server/_app/immutable/assets/_page.BwL_XRn9.css                                    1.44 kB │ gzip:  0.54 kB
#25 11.79 .svelte-kit/output/server/_app/immutable/assets/_page.Gsf7t1N4.css                                    1.52 kB │ gzip:  0.53 kB
#25 11.79 .svelte-kit/output/server/_app/immutable/assets/_page.DYuTP756.css                                    1.71 kB │ gzip:  0.59 kB
#25 11.79 .svelte-kit/output/server/_app/immutable/assets/SetupFrame.D6wd0yGF.css                               1.76 kB │ gzip:  0.65 kB
#25 11.79 .svelte-kit/output/server/_app/immutable/assets/_page.Dyc3CfHy.css                                    2.18 kB │ gzip:  0.69 kB
#25 11.79 .svelte-kit/output/server/_app/immutable/assets/_page.rrQ-NEpm.css                                    2.71 kB │ gzip:  0.80 kB
#25 11.79 .svelte-kit/output/server/_app/immutable/assets/_page.BCB9RDaG.css                                    2.79 kB │ gzip:  0.77 kB
#25 11.79 .svelte-kit/output/server/_app/immutable/assets/_page.CYId_v8V.css                                    3.10 kB │ gzip:  0.79 kB
#25 11.79 .svelte-kit/output/server/_app/immutable/assets/ProviderValidationIssues.Bq4flAVf.css                 3.47 kB │ gzip:  1.00 kB
#25 11.79 .svelte-kit/output/server/_app/immutable/assets/_page.DlIVoB3o.css                                    3.74 kB │ gzip:  0.91 kB
#25 11.79 .svelte-kit/output/server/_app/immutable/assets/MediaJobsPage.DijQ2MQj.css                            3.80 kB │ gzip:  0.93 kB
#25 11.79 .svelte-kit/output/server/_app/immutable/assets/_page.NR8GeMMd.css                                    3.99 kB │ gzip:  0.96 kB
#25 11.79 .svelte-kit/output/server/_app/immutable/assets/_page.CdA5oDe0.css                                    4.31 kB │ gzip:  1.11 kB
#25 11.79 .svelte-kit/output/server/_app/immutable/assets/ApiKeysPage.C1150Hut.css                              5.75 kB │ gzip:  1.34 kB
#25 11.79 .svelte-kit/output/server/_app/immutable/assets/RequestsPage.DUtItHAT.css                             5.84 kB │ gzip:  1.27 kB
#25 11.79 .svelte-kit/output/server/_app/immutable/assets/RouteDraftEditor.r4fVuFeG.css                         6.30 kB │ gzip:  1.37 kB
#25 11.79 .svelte-kit/output/server/_app/immutable/assets/_page.LYuNuxZE.css                                    6.42 kB │ gzip:  1.40 kB
#25 11.79 .svelte-kit/output/server/_app/immutable/assets/_page.3siVHESI.css                                    6.73 kB │ gzip:  1.48 kB
#25 11.79 .svelte-kit/output/server/_app/immutable/assets/_layout.BnWPllTG.css                                  7.53 kB │ gzip:  1.71 kB
#25 11.79 .svelte-kit/output/server/_app/immutable/assets/_page.D08K6GzD.css                                    8.09 kB │ gzip:  1.59 kB
#25 11.79 .svelte-kit/output/server/_app/immutable/assets/_page.3JpcSsMC.css                                    9.99 kB │ gzip:  1.88 kB
#25 11.79 .svelte-kit/output/server/_app/immutable/assets/_layout.BMARtlm5.css                                 18.02 kB │ gzip:  4.32 kB
#25 11.79 .svelte-kit/output/server/chunks/navigation.js                                                        0.03 kB │ gzip:  0.05 kB
#25 11.79 .svelte-kit/output/server/entries/pages/_layout.ts.js                                                 0.07 kB │ gzip:  0.09 kB
#25 11.79 .svelte-kit/output/server/env.js                                                                      0.22 kB │ gzip:  0.14 kB
#25 11.79 .svelte-kit/output/server/chunks/apiKeyListState.js                                                   0.22 kB │ gzip:  0.16 kB
#25 11.79 .svelte-kit/output/server/chunks/providerPagination.js                                                0.25 kB │ gzip:  0.18 kB
#25 11.79 .svelte-kit/output/server/chunks/routeListState.js                                                    0.26 kB │ gzip:  0.18 kB
#25 11.79 .svelte-kit/output/server/chunks/env.js                                                               0.28 kB │ gzip:  0.17 kB
#25 11.79 .svelte-kit/output/server/entries/pages/(console)/routes/new/_page.svelte.js                          0.29 kB │ gzip:  0.19 kB
#25 11.79 .svelte-kit/output/server/chunks/requestKeys.js                                                       0.30 kB │ gzip:  0.20 kB
#25 11.79 .svelte-kit/output/server/chunks/apiKeyQueries.js                                                     0.34 kB │ gzip:  0.21 kB
#25 11.79 .svelte-kit/output/server/chunks/ReadOnlyNote.js                                                      0.35 kB │ gzip:  0.24 kB
#25 11.79 .svelte-kit/output/server/internal.js                                                                 0.40 kB │ gzip:  0.19 kB
#25 11.79 .svelte-kit/output/server/entries/pages/(console)/routes/_routeId_/_page.svelte.js                    0.44 kB │ gzip:  0.24 kB
#25 11.79 .svelte-kit/output/server/entries/pages/(console)/routes/_layout.svelte.js                            0.45 kB │ gzip:  0.26 kB
#25 11.79 .svelte-kit/output/server/entries/pages/(console)/api-keys/_layout.svelte.js                          0.45 kB │ gzip:  0.27 kB
#25 11.79 .svelte-kit/output/server/entries/pages/(console)/providers/_layout.svelte.js                         0.46 kB │ gzip:  0.28 kB
#25 11.79 .svelte-kit/output/server/chunks/unsavedChanges.js                                                    0.46 kB │ gzip:  0.27 kB
#25 11.79 .svelte-kit/output/server/chunks/useRole.svelte.js                                                    0.48 kB │ gzip:  0.26 kB
#25 11.79 .svelte-kit/output/server/chunks/focusError.js                                                        0.50 kB │ gzip:  0.33 kB
#25 11.79 .svelte-kit/output/server/chunks/routeKeys.js                                                         0.54 kB │ gzip:  0.26 kB
#25 11.79 .svelte-kit/output/server/chunks/api.js                                                               0.58 kB │ gzip:  0.36 kB
#25 11.79 .svelte-kit/output/server/chunks/query.js                                                             0.62 kB │ gzip:  0.39 kB
#25 11.79 .svelte-kit/output/server/chunks/CursorPagination.js                                                  0.71 kB │ gzip:  0.38 kB
#25 11.79 .svelte-kit/output/server/chunks/BrandMark.js                                                         0.74 kB │ gzip:  0.42 kB
#25 11.79 .svelte-kit/output/server/entries/pages/(console)/media-jobs/_layout.svelte.js                        0.75 kB │ gzip:  0.37 kB
#25 11.79 .svelte-kit/output/server/entries/pages/(console)/requests/_layout.svelte.js                          0.75 kB │ gzip:  0.36 kB
#25 11.79 .svelte-kit/output/server/chunks/urlSync.svelte.js                                                    0.77 kB │ gzip:  0.43 kB
#25 11.79 .svelte-kit/output/server/entries/pages/(console)/api-keys/_page.svelte.js                            0.83 kB │ gzip:  0.37 kB
#25 11.79 .svelte-kit/output/server/entries/pages/(console)/requests/_page.svelte.js                            0.84 kB │ gzip:  0.36 kB
#25 11.79 .svelte-kit/output/server/entries/pages/(console)/media-jobs/_page.svelte.js                          0.85 kB │ gzip:  0.37 kB
#25 11.79 .svelte-kit/output/server/entries/pages/(console)/api-keys/new/_page.svelte.js                        0.86 kB │ gzip:  0.38 kB
#25 11.79 .svelte-kit/output/server/entries/pages/_error.svelte.js                                              0.87 kB │ gzip:  0.46 kB
#25 11.79 .svelte-kit/output/server/chunks/pagination2.js                                                       0.87 kB │ gzip:  0.48 kB
#25 11.79 .svelte-kit/output/server/entries/pages/(console)/media-jobs/_jobId_/_page.svelte.js                  0.96 kB │ gzip:  0.40 kB
#25 11.79 .svelte-kit/output/server/entries/pages/(console)/requests/_requestId_/_page.svelte.js                0.96 kB │ gzip:  0.39 kB
#25 11.79 .svelte-kit/output/server/entries/pages/(console)/_...path_/_page.svelte.js                           1.02 kB │ gzip:  0.54 kB
#25 11.79 .svelte-kit/output/server/chunks/api2.js                                                              1.05 kB │ gzip:  0.48 kB
#25 11.79 .svelte-kit/output/server/chunks/SecretDialog.js                                                      1.07 kB │ gzip:  0.50 kB
#25 11.79 .svelte-kit/output/server/chunks/ConflictNotice.js                                                    1.07 kB │ gzip:  0.54 kB
#25 11.79 .svelte-kit/output/server/chunks/serviceCapabilities.svelte.js                                        1.13 kB │ gzip:  0.42 kB
#25 11.79 .svelte-kit/output/server/chunks/paths.js                                                             1.15 kB │ gzip:  0.65 kB
#25 11.79 .svelte-kit/output/server/chunks/usage.js                                                             1.20 kB │ gzip:  0.37 kB
#25 11.79 .svelte-kit/output/server/chunks/concurrentEdit.js                                                    1.23 kB │ gzip:  0.39 kB
#25 11.79 .svelte-kit/output/server/chunks/displayNamePolicy.js                                                 1.29 kB │ gzip:  0.61 kB
#25 11.79 .svelte-kit/output/server/entries/pages/setup/_page.svelte.js                                         1.31 kB │ gzip:  0.58 kB
#25 11.79 .svelte-kit/output/server/chunks/internal.js                                                          1.31 kB │ gzip:  0.54 kB
#25 11.79 .svelte-kit/output/server/chunks/authorization.js                                                     1.32 kB │ gzip:  0.49 kB
#25 11.79 .svelte-kit/output/server/entries/pages/invitations/accept/_page.svelte.js                            1.34 kB │ gzip:  0.56 kB
#25 11.79 .svelte-kit/output/server/chunks/client2.js                                                           1.41 kB │ gzip:  0.70 kB
#25 11.79 .svelte-kit/output/server/chunks/providerKeys.js                                                      1.48 kB │ gzip:  0.45 kB
#25 11.79 .svelte-kit/output/server/chunks/pagination.js                                                        1.56 kB │ gzip:  0.65 kB
#25 11.79 .svelte-kit/output/server/chunks/auth.js                                                              1.61 kB │ gzip:  0.58 kB
#25 11.79 .svelte-kit/output/server/chunks/SetupFrame.js                                                        1.82 kB │ gzip:  0.78 kB
#25 11.79 .svelte-kit/output/server/chunks/api3.js                                                              2.16 kB │ gzip:  0.84 kB
#25 11.79 .svelte-kit/output/server/chunks/api4.js                                                              2.28 kB │ gzip:  0.70 kB
#25 11.79 .svelte-kit/output/server/chunks/state.js                                                             2.69 kB │ gzip:  1.13 kB
#25 11.79 .svelte-kit/output/server/chunks/mediaJobListState.js                                                 2.90 kB │ gzip:  1.05 kB
#25 11.79 .svelte-kit/output/server/chunks/budgetPresentation.js                                                2.93 kB │ gzip:  1.22 kB
#25 11.79 .svelte-kit/output/server/chunks/requestListState.js                                                  2.96 kB │ gzip:  1.08 kB
#25 11.79 .svelte-kit/output/server/chunks/models.js                                                            3.47 kB │ gzip:  0.82 kB
#25 11.79 .svelte-kit/output/server/chunks/NavIcon.js                                                           3.49 kB │ gzip:  1.20 kB
#25 11.79 .svelte-kit/output/server/chunks/filters.js                                                           3.52 kB │ gzip:  1.55 kB
#25 11.79 .svelte-kit/output/server/chunks/exports.js                                                           4.66 kB │ gzip:  1.52 kB
#25 11.79 .svelte-kit/output/server/chunks/api5.js                                                              4.95 kB │ gzip:  1.38 kB
#25 11.79 .svelte-kit/output/server/chunks/userKeys.js                                                          5.32 kB │ gzip:  1.55 kB
#25 11.79 .svelte-kit/output/server/chunks/RoutingDecisions.js                                                  5.72 kB │ gzip:  1.88 kB
#25 11.79 .svelte-kit/output/server/chunks/RoutingPolicyEditor.js                                               5.76 kB │ gzip:  1.91 kB
#25 11.79 .svelte-kit/output/server/chunks/mutation.js                                                          5.86 kB │ gzip:  1.55 kB
#25 11.79 .svelte-kit/output/server/chunks/format.js                                                            5.94 kB │ gzip:  2.00 kB
#25 11.79 .svelte-kit/output/server/chunks/client.js                                                            5.94 kB │ gzip:  2.36 kB
#25 11.79 .svelte-kit/output/server/entries/pages/login/_page.svelte.js                                         6.08 kB │ gzip:  2.22 kB
#25 11.79 .svelte-kit/output/server/entries/pages/(console)/routes/_routeId_/revisions/_page.svelte.js          6.55 kB │ gzip:  1.92 kB
#25 11.79 .svelte-kit/output/server/chunks/providerEditor.js                                                    8.45 kB │ gzip:  2.50 kB
#25 11.79 .svelte-kit/output/server/chunks/RoutingPreferencesForm.js                                            8.84 kB │ gzip:  2.43 kB
#25 11.79 .svelte-kit/output/server/entries/pages/(console)/access/_page.svelte.js                              8.98 kB │ gzip:  2.79 kB
#25 11.79 .svelte-kit/output/server/entries/pages/(console)/routes/_page.svelte.js                              9.34 kB │ gzip:  2.46 kB
#25 11.79 .svelte-kit/output/server/chunks/routing.js                                                           9.40 kB │ gzip:  3.14 kB
#25 11.79 .svelte-kit/output/server/entries/pages/(console)/providers/_page.svelte.js                           9.46 kB │ gzip:  2.77 kB
#25 11.79 .svelte-kit/output/server/entries/pages/(console)/audit/_page.svelte.js                              10.60 kB │ gzip:  3.16 kB
#25 11.79 .svelte-kit/output/server/entries/pages/(console)/_layout.svelte.js                                  13.19 kB │ gzip:  3.39 kB
#25 11.79 .svelte-kit/output/server/chunks/MediaJobsPage.js                                                    14.43 kB │ gzip:  3.42 kB
#25 11.79 .svelte-kit/output/server/entries/pages/(console)/models/_page.svelte.js                             15.72 kB │ gzip:  4.32 kB
#25 11.79 .svelte-kit/output/server/entries/pages/_layout.svelte.js                                            16.64 kB │ gzip:  3.81 kB
#25 11.79 .svelte-kit/output/server/chunks/uneval.js                                                           17.25 kB │ gzip:  4.78 kB
#25 11.79 .svelte-kit/output/server/chunks/createQuery.js                                                      18.27 kB │ gzip:  4.58 kB
#25 11.79 .svelte-kit/output/server/chunks/ProviderValidationIssues.js                                         18.73 kB │ gzip:  4.20 kB
#25 11.79 .svelte-kit/output/server/entries/pages/(console)/_page.svelte.js                                    19.32 kB │ gzip:  4.89 kB
#25 11.79 .svelte-kit/output/server/entries/pages/(console)/playground/_page.svelte.js                         21.17 kB │ gzip:  5.50 kB
#25 11.79 .svelte-kit/output/server/entries/pages/(console)/settings/_page.svelte.js                           21.56 kB │ gzip:  5.32 kB
#25 11.79 .svelte-kit/output/server/chunks/context.js                                                          24.54 kB │ gzip:  6.37 kB
#25 11.79 .svelte-kit/output/server/chunks/RequestsPage.js                                                     25.61 kB │ gzip:  5.21 kB
#25 11.79 .svelte-kit/output/server/entries/pages/(console)/usage/_page.svelte.js                              25.86 kB │ gzip:  6.41 kB
#25 11.79 .svelte-kit/output/server/entries/pages/(console)/settings/profile/_page.svelte.js                   28.37 kB │ gzip:  6.42 kB
#25 11.79 .svelte-kit/output/server/chunks/lifecycle.js                                                        28.97 kB │ gzip:  7.68 kB
#25 11.79 .svelte-kit/output/server/chunks/shared.js                                                           30.01 kB │ gzip:  8.09 kB
#25 11.79 .svelte-kit/output/server/entries/pages/(console)/health/_page.svelte.js                             32.45 kB │ gzip:  7.60 kB
#25 11.79 .svelte-kit/output/server/chunks/RouteDraftEditor.js                                                 34.04 kB │ gzip:  8.03 kB
#25 11.79 .svelte-kit/output/server/chunks/ApiKeysPage.js                                                      35.36 kB │ gzip:  8.11 kB
#25 11.79 .svelte-kit/output/server/chunks/utils.js                                                            37.45 kB │ gzip: 10.84 kB
#25 11.79 .svelte-kit/output/server/chunks/internal2.js                                                        37.95 kB │ gzip: 10.34 kB
#25 11.79 .svelte-kit/output/server/entries/pages/(console)/providers/new/_page.svelte.js                      38.01 kB │ gzip:  9.03 kB
#25 11.79 .svelte-kit/output/server/entries/pages/(console)/providers/_providerId_/_page.svelte.js             54.08 kB │ gzip: 10.76 kB
#25 11.79 .svelte-kit/output/server/remote-entry.js                                                            55.47 kB │ gzip: 12.13 kB
#25 11.79 .svelte-kit/output/server/chunks/index-server.js                                                    126.18 kB │ gzip: 32.63 kB
#25 11.79 .svelte-kit/output/server/index.js                                                                  132.45 kB │ gzip: 33.27 kB
#25 11.79 
#25 11.79 [32m✓ built in 7.40s[39m
#25 11.79 
#25 11.79 Run npm run preview to preview your production build locally.
#25 11.79 
#25 11.79 > Using @sveltejs/adapter-static
#25 13.11   Wrote site to "build"
#25 13.11   ✔ done
#25 13.11 [33m[33m[PLUGIN_TIMINGS] [0mPlugin hooks ran for 8.6s. The build took 7.4s. Hooks such as `closeBundle` run after the build ends, so hook time can be more than build time.
#25 13.11 The slowest hooks, timed inside each callback (the wait before a callback starts is excluded, the time it awaits is included):
#25 13.11   - vite-plugin-sveltekit-compile writeBundle (62%, 4.6s, 1 call)
#25 13.11   - vite-plugin-svelte:compile transform (27%, 2.0s, 114 calls)
#25 13.11   - vite:css transform (18%, 1.3s, 76 calls)
#25 13.11   - vite-plugin-sveltekit-compile closeBundle (18%, 1.3s, 1 call)
#25 13.11 These rows add up to more than the total. Callbacks can overlap, so the same time counts for more than one row.
#25 13.11 1 hook is listed without a time. Its calls overlapped, so the time inside one call includes work from other calls. To find its cost, profile the build with `node --cpu-prof`:
#25 13.11   - vite-plugin-sveltekit-guard resolveId (1697 calls)
#25 13.11 See https://rolldown.rs/reference/InputOptions.checks#plugintimings for more details.
#25 13.11 [39m
#25 13.41 Verified console manifest: 413 assets
#25 DONE 13.5s

#32 [go-build 10/12] RUN version=$(sed -n 's/  "version": "\([^" ]*\)",/\1/p' package.json) &&     test -n "$version" && test "${OLP_VERSION:-$version}" = "$version" &&     mkdir -p /out && go build -mod=readonly -trimpath       -ldflags="-s -w -X github.com/tyk-swe/olp/internal/process.Version=$version" -o /out/olp ./cmd/olp
#32 DONE 48.8s

#33 [go-build 11/12] RUN go version -m /out/olp > /out/go-build-info.txt && ldd /out/olp > /out/native-link.txt
#33 DONE 0.1s

#34 [go-build 12/12] RUN glide_dir="$(go list -m -f '{{.Dir}}' github.com/valkey-io/valkey-glide/go/v2)" &&     cp "$glide_dir/LICENSE" /out/GLIDE-LICENSE &&     cp "$glide_dir/THIRD_PARTY_LICENSES_GO" /out/GLIDE-THIRD-PARTY-LICENSES
#34 DONE 0.1s

#35 [stage-2 2/6] COPY --from=go-build /out/olp /usr/local/bin/olp
#35 DONE 0.0s

#36 [stage-2 3/6] COPY --from=go-build /out/*LICENSE* /out/*txt /usr/share/doc/openllmproxy/
#36 DONE 0.0s

#37 [stage-2 4/6] COPY --from=go-build /out/native/ /usr/share/doc/openllmproxy/native/
#37 DONE 0.0s

#38 [stage-2 5/6] COPY --from=console-build /src/console/build /opt/olp/console
#38 DONE 0.1s

#39 [stage-2 6/6] COPY LICENSE /usr/share/doc/openllmproxy/
#39 DONE 0.0s

#40 exporting to image
#40 exporting layers
#40 exporting layers 0.6s done
#40 writing image sha256:057bf0eeb0f2ec48736c35edabdf402fa1ec54ea897f42e0b30278d4feac9999 done
#40 naming to docker.io/library/olp-go:candidate done
#40 DONE 0.6s
