2026-09-18T10:18:56.4992862Z Current runner version: '2.337.0'
2026-09-18T10:18:56.5013660Z ##[group]Runner Image Provisioner
2026-09-18T10:18:56.5014359Z Hosted Compute Agent
2026-09-18T10:18:56.5014912Z Version: 20260828.587
2026-09-18T10:18:56.5015459Z Commit: abac92662cab4cc7352de4f9f9d2e2419aad9c29
2026-09-18T10:18:56.5016112Z Build Date: 2026-08-28T16:44:25Z
2026-09-18T10:18:56.5016742Z Worker ID: {437dc2ae-8c58-4d06-a68a-7ff72248ed70}
2026-09-18T10:18:56.5017341Z Azure Region: westus3
2026-09-18T10:18:56.5017844Z ##[endgroup]
2026-09-18T10:18:56.5019330Z ##[group]Operating System
2026-09-18T10:18:56.5019865Z Ubuntu
2026-09-18T10:18:56.5020374Z 24.04.5
2026-09-18T10:18:56.5020804Z LTS
2026-09-18T10:18:56.5021227Z ##[endgroup]
2026-09-18T10:18:56.5021772Z ##[group]Runner Image
2026-09-18T10:18:56.5022316Z Image: ubuntu-24.04
2026-09-18T10:18:56.5022827Z Version: 20260907.300.1
2026-09-18T10:18:56.5023869Z Included Software: https://github.com/actions/runner-images/blob/ubuntu24/20260907.300/images/ubuntu/Ubuntu2404-Readme.md
2026-09-18T10:18:56.5025162Z Image Release: https://github.com/actions/runner-images/releases/tag/ubuntu24%2F20260907.300
2026-09-18T10:18:56.5025959Z ##[endgroup]
2026-09-18T10:18:56.5026870Z ##[group]GITHUB_TOKEN Permissions
2026-09-18T10:18:56.5028406Z Contents: read
2026-09-18T10:18:56.5029229Z Metadata: read
2026-09-18T10:18:56.5029694Z ##[endgroup]
2026-09-18T10:18:56.5031345Z Secret source: Actions
2026-09-18T10:18:56.5032228Z Cache mode: write
2026-09-18T10:18:56.5032772Z Prepare workflow directory
2026-09-18T10:18:56.6334852Z Prepare all required actions
2026-09-18T10:18:56.6388441Z Getting action download info
2026-09-18T10:18:56.9121354Z Download action repository 'actions/checkout@3d3c42e5aac5ba805825da76410c181273ba90b1' (SHA:3d3c42e5aac5ba805825da76410c181273ba90b1)
2026-09-18T10:18:57.4677812Z Uses: tyk-swe/olp/.github/workflows/ci.yml@refs/heads/tyk/go-release-retirement (ccd138f288a99f66a2bb1145eb75d5ce57398416)
2026-09-18T10:18:57.4681770Z Complete job name: qualification / dependencies
2026-09-18T10:18:57.5357663Z ##[group]Run actions/checkout@3d3c42e5aac5ba805825da76410c181273ba90b1
2026-09-18T10:18:57.5358681Z with:
2026-09-18T10:18:57.5359066Z   repository: tyk-swe/olp
2026-09-18T10:18:57.5362560Z   token: ***
2026-09-18T10:18:57.5362940Z   ssh-strict: true
2026-09-18T10:18:57.5363330Z   ssh-user: git
2026-09-18T10:18:57.5363718Z   persist-credentials: true
2026-09-18T10:18:57.5364146Z   clean: true
2026-09-18T10:18:57.5364544Z   sparse-checkout-cone-mode: true
2026-09-18T10:18:57.5364999Z   fetch-depth: 1
2026-09-18T10:18:57.5365373Z   fetch-tags: false
2026-09-18T10:18:57.5365765Z   show-progress: true
2026-09-18T10:18:57.5366167Z   lfs: false
2026-09-18T10:18:57.5366532Z   submodules: false
2026-09-18T10:18:57.5366936Z   set-safe-directory: true
2026-09-18T10:18:57.5367571Z   allow-unsafe-pr-checkout: false
2026-09-18T10:18:57.5368377Z ##[endgroup]
2026-09-18T10:18:57.6140939Z Syncing repository: tyk-swe/olp
2026-09-18T10:18:57.6143344Z ##[group]Getting Git version info
2026-09-18T10:18:57.6144396Z Working directory is '/home/runner/work/olp/olp'
2026-09-18T10:18:57.6145775Z [command]/usr/bin/git version
2026-09-18T10:18:57.6176769Z git version 2.55.0
2026-09-18T10:18:57.6192864Z ##[endgroup]
2026-09-18T10:18:57.6200908Z Temporarily overriding HOME='/home/runner/work/_temp/bae6adf4-99e5-419c-8263-7d43fafb0817' before making global git config changes
2026-09-18T10:18:57.6202919Z Adding repository directory to the temporary git global config as a safe directory
2026-09-18T10:18:57.6205372Z [command]/usr/bin/git config --global --add safe.directory /home/runner/work/olp/olp
2026-09-18T10:18:57.6250894Z Deleting the contents of '/home/runner/work/olp/olp'
2026-09-18T10:18:57.6254111Z ##[group]Determining repository object format
2026-09-18T10:18:57.6255585Z ##[endgroup]
2026-09-18T10:18:57.6256218Z ##[group]Initializing the repository
2026-09-18T10:18:57.6260096Z [command]/usr/bin/git init /home/runner/work/olp/olp
2026-09-18T10:18:57.6334771Z hint: Using 'master' as the name for the initial branch. This default branch name
2026-09-18T10:18:57.6336390Z hint: will change to "main" in Git 3.0. To configure the initial branch name
2026-09-18T10:18:57.6337913Z hint: to use in all of your new repositories, which will suppress this warning,
2026-09-18T10:18:57.6339137Z hint: call:
2026-09-18T10:18:57.6339753Z hint:
2026-09-18T10:18:57.6340498Z hint: 	git config --global init.defaultBranch <name>
2026-09-18T10:18:57.6341315Z hint:
2026-09-18T10:18:57.6341816Z hint: Names commonly chosen instead of 'master' are 'main', 'trunk' and
2026-09-18T10:18:57.6342844Z hint: 'development'. The just-created branch can be renamed via this command:
2026-09-18T10:18:57.6343541Z hint:
2026-09-18T10:18:57.6344003Z hint: 	git branch -m <name>
2026-09-18T10:18:57.6344701Z hint:
2026-09-18T10:18:57.6345257Z hint: Disable this message with "git config set advice.defaultBranchName false"
2026-09-18T10:18:57.6346096Z Initialized empty Git repository in /home/runner/work/olp/olp/.git/
2026-09-18T10:18:57.6347437Z [command]/usr/bin/git remote add origin https://github.com/tyk-swe/olp
2026-09-18T10:18:57.6383538Z ##[endgroup]
2026-09-18T10:18:57.6384590Z ##[group]Disabling automatic garbage collection
2026-09-18T10:18:57.6385674Z [command]/usr/bin/git config --local gc.auto 0
2026-09-18T10:18:57.6413176Z ##[endgroup]
2026-09-18T10:18:57.6414170Z ##[group]Setting up auth
2026-09-18T10:18:57.6414876Z Removing SSH command configuration
2026-09-18T10:18:57.6416908Z [command]/usr/bin/git config --local --name-only --get-regexp core\.sshCommand
2026-09-18T10:18:57.6445916Z [command]/usr/bin/git submodule foreach --recursive sh -c "git config --local --name-only --get-regexp 'core\.sshCommand' && git config --local --unset-all 'core.sshCommand' || :"
2026-09-18T10:18:57.6724449Z Removing HTTP extra header
2026-09-18T10:18:57.6732981Z [command]/usr/bin/git config --local --name-only --get-regexp http\.https\:\/\/github\.com\/\.extraheader
2026-09-18T10:18:57.6774114Z [command]/usr/bin/git submodule foreach --recursive sh -c "git config --local --name-only --get-regexp 'http\.https\:\/\/github\.com\/\.extraheader' && git config --local --unset-all 'http.https://github.com/.extraheader' || :"
2026-09-18T10:18:57.6960944Z Removing includeIf entries pointing to credentials config files
2026-09-18T10:18:57.6965270Z [command]/usr/bin/git config --local --name-only --get-regexp ^includeIf\.gitdir:
2026-09-18T10:18:57.6993757Z [command]/usr/bin/git submodule foreach --recursive git config --local --show-origin --name-only --get-regexp remote.origin.url
2026-09-18T10:18:57.7186162Z [command]/usr/bin/git config --file /home/runner/work/_temp/git-credentials-915d7b27-f059-4a0d-b1b6-1476be48924c.config http.https://github.com/.extraheader AUTHORIZATION: basic ***
2026-09-18T10:18:57.7217408Z [command]/usr/bin/git config --local includeIf.gitdir:/home/runner/work/olp/olp/.git.path /home/runner/work/_temp/git-credentials-915d7b27-f059-4a0d-b1b6-1476be48924c.config
2026-09-18T10:18:57.7244588Z [command]/usr/bin/git config --local includeIf.gitdir:/home/runner/work/olp/olp/.git/worktrees/*.path /home/runner/work/_temp/git-credentials-915d7b27-f059-4a0d-b1b6-1476be48924c.config
2026-09-18T10:18:57.7274212Z [command]/usr/bin/git config --local includeIf.gitdir:/github/workspace/.git.path /github/runner_temp/git-credentials-915d7b27-f059-4a0d-b1b6-1476be48924c.config
2026-09-18T10:18:57.7302341Z [command]/usr/bin/git config --local includeIf.gitdir:/github/workspace/.git/worktrees/*.path /github/runner_temp/git-credentials-915d7b27-f059-4a0d-b1b6-1476be48924c.config
2026-09-18T10:18:57.7327293Z ##[endgroup]
2026-09-18T10:18:57.7327950Z ##[group]Fetching the repository
2026-09-18T10:18:57.7332102Z [command]/usr/bin/git -c protocol.version=2 fetch --no-tags --prune --no-recurse-submodules --depth=1 origin +ccd138f288a99f66a2bb1145eb75d5ce57398416:refs/remotes/origin/tyk/go-release-retirement
2026-09-18T10:18:59.5293791Z From https://github.com/tyk-swe/olp
2026-09-18T10:18:59.5294850Z  * [new ref]         ccd138f288a99f66a2bb1145eb75d5ce57398416 -> origin/tyk/go-release-retirement
2026-09-18T10:18:59.5302294Z [command]/usr/bin/git branch --list --remote origin/tyk/go-release-retirement
2026-09-18T10:18:59.5326550Z   origin/tyk/go-release-retirement
2026-09-18T10:18:59.5332817Z [command]/usr/bin/git rev-parse refs/remotes/origin/tyk/go-release-retirement
2026-09-18T10:18:59.5354537Z ccd138f288a99f66a2bb1145eb75d5ce57398416
2026-09-18T10:18:59.5357685Z ##[endgroup]
2026-09-18T10:18:59.5358160Z ##[group]Determining the checkout info
2026-09-18T10:18:59.5358965Z ##[endgroup]
2026-09-18T10:18:59.5362341Z [command]/usr/bin/git sparse-checkout disable
2026-09-18T10:18:59.5403751Z [command]/usr/bin/git config --local --unset-all extensions.worktreeConfig
2026-09-18T10:18:59.5434161Z ##[group]Checking out the ref
2026-09-18T10:18:59.5435068Z [command]/usr/bin/git checkout --progress --force -B tyk/go-release-retirement refs/remotes/origin/tyk/go-release-retirement
2026-09-18T10:18:59.6051310Z Switched to a new branch 'tyk/go-release-retirement'
2026-09-18T10:18:59.6055969Z branch 'tyk/go-release-retirement' set up to track 'origin/tyk/go-release-retirement'.
2026-09-18T10:18:59.6062756Z ##[endgroup]
2026-09-18T10:18:59.6102957Z [command]/usr/bin/git log -1 --format=%H
2026-09-18T10:18:59.6126724Z ccd138f288a99f66a2bb1145eb75d5ce57398416
2026-09-18T10:18:59.6365780Z Prepare all required actions
2026-09-18T10:18:59.6366279Z Getting action download info
2026-09-18T10:18:59.7986702Z Download action repository 'actions/setup-go@924ae3a1cded613372ab5595356fb5720e22ba16' (SHA:924ae3a1cded613372ab5595356fb5720e22ba16)
2026-09-18T10:19:00.6026601Z Download action repository 'pnpm/action-setup@ea17c68df8912ef543352723c149a84f56e3d413' (SHA:ea17c68df8912ef543352723c149a84f56e3d413)
2026-09-18T10:19:01.0849680Z Download action repository 'actions/setup-node@820762786026740c76f36085b0efc47a31fe5020' (SHA:820762786026740c76f36085b0efc47a31fe5020)
2026-09-18T10:19:01.2172208Z ##[group]Run ./.github/actions/setup
2026-09-18T10:19:01.2172444Z with:
2026-09-18T10:19:01.2172607Z   services: false
2026-09-18T10:19:01.2172775Z ##[endgroup]
2026-09-18T10:19:01.2217580Z ##[start-action display=Run actions/setup-go@924ae3a1cded613372ab5595356fb5720e22ba16;id=__self.__actions_setup-go]
2026-09-18T10:19:01.2275845Z ##[group]Run actions/setup-go@924ae3a1cded613372ab5595356fb5720e22ba16
2026-09-18T10:19:01.2276161Z with:
2026-09-18T10:19:01.2276363Z   go-version-file: go.mod
2026-09-18T10:19:01.2276558Z   check-latest: false
2026-09-18T10:19:01.2279036Z   token: ***
2026-09-18T10:19:01.2279204Z   cache: true
2026-09-18T10:19:01.2279370Z ##[endgroup]
2026-09-18T10:19:01.3227334Z Setup go version spec 1.27.1
2026-09-18T10:19:01.3237137Z Attempting to download 1.27.1...
2026-09-18T10:19:02.2283738Z matching 1.27.1...
2026-09-18T10:19:02.2303727Z Acquiring 1.27.1 from https://github.com/actions/go-versions/releases/download/1.27.1-33583469715/go-1.27.1-linux-x64.tar.gz
2026-09-18T10:19:02.7708000Z Extracting Go...
2026-09-18T10:19:02.7789780Z [command]/usr/bin/tar xz --warning=no-unknown-keyword --overwrite -C /home/runner/work/_temp/dfecc05e-b4dd-4dfb-8aff-8231accdd4c6 -f /home/runner/work/_temp/5b2ca07f-36b0-4c89-945b-13b6f0335015
2026-09-18T10:19:04.2000054Z Successfully extracted go to /home/runner/work/_temp/dfecc05e-b4dd-4dfb-8aff-8231accdd4c6
2026-09-18T10:19:04.2000695Z Adding to the cache ...
2026-09-18T10:19:10.0147741Z Successfully cached go to /opt/hostedtoolcache/go/1.27.1/x64
2026-09-18T10:19:10.0149972Z Added go to the path
2026-09-18T10:19:10.0152094Z Successfully set up Go version 1.27.1
2026-09-18T10:19:10.0313640Z [command]/opt/hostedtoolcache/go/1.27.1/x64/bin/go env GOMODCACHE
2026-09-18T10:19:10.0341421Z [command]/opt/hostedtoolcache/go/1.27.1/x64/bin/go env GOCACHE
2026-09-18T10:19:10.0368925Z /home/runner/go/pkg/mod
2026-09-18T10:19:10.0384149Z /home/runner/.cache/go-build
2026-09-18T10:19:10.2368204Z Cache is not found
2026-09-18T10:19:10.2388755Z go version go1.27.1 linux/amd64
2026-09-18T10:19:10.2388922Z 
2026-09-18T10:19:10.2389172Z ##[group]go env
2026-09-18T10:19:10.6883835Z AR='ar'
2026-09-18T10:19:10.6884321Z CC='gcc'
2026-09-18T10:19:10.6884553Z CGO_CFLAGS='-O2 -g'
2026-09-18T10:19:10.6884809Z CGO_CPPFLAGS=''
2026-09-18T10:19:10.6885049Z CGO_CXXFLAGS='-O2 -g'
2026-09-18T10:19:10.6885288Z CGO_ENABLED='1'
2026-09-18T10:19:10.6885535Z CGO_FFLAGS='-O2 -g'
2026-09-18T10:19:10.6885760Z CGO_LDFLAGS='-O2 -g'
2026-09-18T10:19:10.6885986Z CXX='g++'
2026-09-18T10:19:10.6886194Z GCCGO='gccgo'
2026-09-18T10:19:10.6886402Z GO111MODULE=''
2026-09-18T10:19:10.6886621Z GOAMD64='v1'
2026-09-18T10:19:10.6886821Z GOARCH='amd64'
2026-09-18T10:19:10.6887019Z GOAUTH='netrc'
2026-09-18T10:19:10.6887345Z GOBIN='/home/runner/go/bin'
2026-09-18T10:19:10.6887655Z GOCACHE='/home/runner/.cache/go-build'
2026-09-18T10:19:10.6887990Z GOCACHEPROG=''
2026-09-18T10:19:10.6888224Z GODEBUG=''
2026-09-18T10:19:10.6888736Z GOENV='/home/runner/.config/go/env'
2026-09-18T10:19:10.6889061Z GOEXE=''
2026-09-18T10:19:10.6889279Z GOEXPERIMENT=''
2026-09-18T10:19:10.6889524Z GOFIPS140='off'
2026-09-18T10:19:10.6889764Z GOFLAGS=''
2026-09-18T10:19:10.6890652Z GOGCCFLAGS='-fPIC -m64 -pthread -Wl,--no-gc-sections -fmessage-length=0 -ffile-prefix-map=/tmp/go-build1032253280=/tmp/go-build -gno-record-gcc-switches'
2026-09-18T10:19:10.6891575Z GOHOSTARCH='amd64'
2026-09-18T10:19:10.6892137Z GOHOSTOS='linux'
2026-09-18T10:19:10.6892420Z GOINSECURE=''
2026-09-18T10:19:10.6892718Z GOMOD='/home/runner/work/olp/olp/go.mod'
2026-09-18T10:19:10.6893080Z GOMODCACHE='/home/runner/go/pkg/mod'
2026-09-18T10:19:10.6893401Z GONOPROXY=''
2026-09-18T10:19:10.6893639Z GONOSUMDB=''
2026-09-18T10:19:10.6893876Z GOOS='linux'
2026-09-18T10:19:10.6894124Z GOPACKAGESDRIVER=''
2026-09-18T10:19:10.6894408Z GOPATH='/home/runner/go'
2026-09-18T10:19:10.6894706Z GOPRIVATE=''
2026-09-18T10:19:10.6895035Z GOPROXY='https://proxy.golang.org,direct'
2026-09-18T10:19:10.6895516Z GOROOT='/opt/hostedtoolcache/go/1.27.1/x64'
2026-09-18T10:19:10.6895887Z GOSUMDB='sum.golang.org'
2026-09-18T10:19:10.6896158Z GOTELEMETRY='local'
2026-09-18T10:19:10.6896483Z GOTELEMETRYDIR='/home/runner/.config/go/telemetry'
2026-09-18T10:19:10.6896841Z GOTMPDIR=''
2026-09-18T10:19:10.6897079Z GOTOOLCHAIN='local'
2026-09-18T10:19:10.6897466Z GOTOOLDIR='/opt/hostedtoolcache/go/1.27.1/x64/pkg/tool/linux_amd64'
2026-09-18T10:19:10.6897907Z GOVCS=''
2026-09-18T10:19:10.6898175Z GOVERSION='go1.27.1'
2026-09-18T10:19:10.6898433Z GOWORK=''
2026-09-18T10:19:10.6898887Z PKG_CONFIG='pkg-config'
2026-09-18T10:19:10.6899058Z 
2026-09-18T10:19:10.6909864Z ##[endgroup]
2026-09-18T10:19:10.7041766Z ##[end-action id=__self.__actions_setup-go;outcome=success;conclusion=success;duration_ms=9482]
2026-09-18T10:19:10.7044059Z ##[start-action display=Run sudo apt-get update;id=__self.__run]
2026-09-18T10:19:10.7067191Z ##[group]Run sudo apt-get update
2026-09-18T10:19:10.7067478Z sudo apt-get update
2026-09-18T10:19:10.7067763Z sudo apt-get install -y build-essential ca-certificates
2026-09-18T10:19:10.7068063Z go mod download
2026-09-18T10:19:10.7104976Z shell: /usr/bin/bash --noprofile --norc -e -o pipefail {0}
2026-09-18T10:19:10.7105274Z env:
2026-09-18T10:19:10.7105434Z   GOTOOLCHAIN: local
2026-09-18T10:19:10.7105612Z ##[endgroup]
2026-09-18T10:19:10.7933501Z Get:1 file:/etc/apt/apt-mirrors.txt Mirrorlist [144 B]
2026-09-18T10:19:10.8171284Z Hit:2 http://azure.archive.ubuntu.com/ubuntu noble InRelease
2026-09-18T10:19:10.8208399Z Get:3 http://azure.archive.ubuntu.com/ubuntu noble-updates InRelease [126 kB]
2026-09-18T10:19:10.8229692Z Get:6 https://packages.microsoft.com/ubuntu/24.04/prod noble InRelease [3600 B]
2026-09-18T10:19:10.8238035Z Get:4 http://azure.archive.ubuntu.com/ubuntu noble-backports InRelease [126 kB]
2026-09-18T10:19:10.8330967Z Get:5 http://azure.archive.ubuntu.com/ubuntu noble-security InRelease [126 kB]
2026-09-18T10:19:10.8828876Z Get:7 https://dl.google.com/linux/chrome-stable/deb stable InRelease [2548 B]
2026-09-18T10:19:10.9082249Z Get:8 https://packages.microsoft.com/ubuntu/24.04/prod noble/main amd64 Packages [476 kB]
2026-09-18T10:19:10.9250993Z Get:9 https://packages.microsoft.com/ubuntu/24.04/prod noble/main arm64 Packages [427 kB]
2026-09-18T10:19:10.9551689Z Get:10 http://azure.archive.ubuntu.com/ubuntu noble-updates/main amd64 Packages [1275 kB]
2026-09-18T10:19:10.9619832Z Get:11 http://azure.archive.ubuntu.com/ubuntu noble-updates/main Translation-en [294 kB]
2026-09-18T10:19:10.9629046Z Get:12 http://azure.archive.ubuntu.com/ubuntu noble-updates/main amd64 Components [181 kB]
2026-09-18T10:19:10.9649653Z Get:13 http://azure.archive.ubuntu.com/ubuntu noble-updates/universe amd64 Packages [1689 kB]
2026-09-18T10:19:10.9715969Z Get:14 http://azure.archive.ubuntu.com/ubuntu noble-updates/universe Translation-en [338 kB]
2026-09-18T10:19:10.9736612Z Get:15 http://azure.archive.ubuntu.com/ubuntu noble-updates/universe amd64 Components [388 kB]
2026-09-18T10:19:10.9759490Z Get:16 http://azure.archive.ubuntu.com/ubuntu noble-updates/restricted amd64 Packages [1580 kB]
2026-09-18T10:19:10.9823933Z Get:17 http://azure.archive.ubuntu.com/ubuntu noble-updates/restricted Translation-en [359 kB]
2026-09-18T10:19:10.9851812Z Get:18 http://azure.archive.ubuntu.com/ubuntu noble-updates/multiverse amd64 Packages [45.7 kB]
2026-09-18T10:19:10.9861574Z Get:19 http://azure.archive.ubuntu.com/ubuntu noble-updates/multiverse Translation-en [13.1 kB]
2026-09-18T10:19:11.0317593Z Get:20 http://azure.archive.ubuntu.com/ubuntu noble-updates/multiverse amd64 Components [940 B]
2026-09-18T10:19:11.0338213Z Get:21 http://azure.archive.ubuntu.com/ubuntu noble-backports/main amd64 Packages [65.9 kB]
2026-09-18T10:19:11.0348980Z Get:22 http://azure.archive.ubuntu.com/ubuntu noble-backports/main amd64 Components [5748 B]
2026-09-18T10:19:11.0357934Z Get:23 http://azure.archive.ubuntu.com/ubuntu noble-backports/universe amd64 Packages [34.6 kB]
2026-09-18T10:19:11.0371114Z Get:24 http://azure.archive.ubuntu.com/ubuntu noble-backports/universe Translation-en [18.7 kB]
2026-09-18T10:19:11.0379183Z Get:25 http://azure.archive.ubuntu.com/ubuntu noble-backports/universe amd64 Components [12.6 kB]
2026-09-18T10:19:11.0463371Z Get:26 http://azure.archive.ubuntu.com/ubuntu noble-security/main amd64 Packages [1009 kB]
2026-09-18T10:19:11.0510962Z Get:27 http://azure.archive.ubuntu.com/ubuntu noble-security/main Translation-en [214 kB]
2026-09-18T10:19:11.0526368Z Get:28 http://azure.archive.ubuntu.com/ubuntu noble-security/main amd64 Components [46.4 kB]
2026-09-18T10:19:11.0537100Z Get:29 http://azure.archive.ubuntu.com/ubuntu noble-security/universe amd64 Packages [1208 kB]
2026-09-18T10:19:11.0591066Z Get:30 http://azure.archive.ubuntu.com/ubuntu noble-security/universe Translation-en [243 kB]
2026-09-18T10:19:11.0607526Z Get:31 http://azure.archive.ubuntu.com/ubuntu noble-security/universe amd64 Components [76.2 kB]
2026-09-18T10:19:11.0618865Z Get:32 http://azure.archive.ubuntu.com/ubuntu noble-security/restricted amd64 Packages [1449 kB]
2026-09-18T10:19:11.0683834Z Get:33 http://azure.archive.ubuntu.com/ubuntu noble-security/restricted Translation-en [336 kB]
2026-09-18T10:19:11.1115279Z Get:34 http://azure.archive.ubuntu.com/ubuntu noble-security/multiverse Translation-en [11.3 kB]
2026-09-18T10:19:11.1342658Z Get:35 https://dl.google.com/linux/chrome-stable/deb stable/main amd64 Packages [1408 B]
2026-09-18T10:19:15.3610513Z Fetched 12.2 MB in 1s (11.2 MB/s)
2026-09-18T10:19:15.9744602Z Reading package lists...
2026-09-18T10:19:16.0135308Z Reading package lists...
2026-09-18T10:19:16.1615453Z Building dependency tree...
2026-09-18T10:19:16.1621171Z Reading state information...
2026-09-18T10:19:16.3437741Z ca-certificates is already the newest version (20260601~24.04.1).
2026-09-18T10:19:16.3438304Z The following NEW packages will be installed:
2026-09-18T10:19:16.3442117Z   build-essential
2026-09-18T10:19:16.3581454Z 0 upgraded, 1 newly installed, 0 to remove and 73 not upgraded.
2026-09-18T10:19:16.3581950Z Need to get 4928 B of archives.
2026-09-18T10:19:16.3582392Z After this operation, 17.4 kB of additional disk space will be used.
2026-09-18T10:19:16.3582919Z Get:1 file:/etc/apt/apt-mirrors.txt Mirrorlist [144 B]
2026-09-18T10:19:16.4215385Z Get:2 http://azure.archive.ubuntu.com/ubuntu noble/main amd64 build-essential amd64 12.10ubuntu1 [4928 B]
2026-09-18T10:19:16.6693655Z Fetched 4928 B in 0s (68.6 kB/s)
2026-09-18T10:19:16.9763757Z Selecting previously unselected package build-essential.
2026-09-18T10:19:17.0971418Z (Reading database ... 
2026-09-18T10:19:17.0971752Z (Reading database ... 5%
2026-09-18T10:19:17.0972052Z (Reading database ... 10%
2026-09-18T10:19:17.0972246Z (Reading database ... 15%
2026-09-18T10:19:17.0972424Z (Reading database ... 20%
2026-09-18T10:19:17.0972607Z (Reading database ... 25%
2026-09-18T10:19:17.0972889Z (Reading database ... 30%
2026-09-18T10:19:17.0973191Z (Reading database ... 35%
2026-09-18T10:19:17.0973621Z (Reading database ... 40%
2026-09-18T10:19:17.0974005Z (Reading database ... 45%
2026-09-18T10:19:17.0974425Z (Reading database ... 50%
2026-09-18T10:19:17.1013864Z (Reading database ... 55%
2026-09-18T10:19:17.2465585Z (Reading database ... 60%
2026-09-18T10:19:17.4258336Z (Reading database ... 65%
2026-09-18T10:19:17.5893063Z (Reading database ... 70%
2026-09-18T10:19:17.7738145Z (Reading database ... 75%
2026-09-18T10:19:17.9498141Z (Reading database ... 80%
2026-09-18T10:19:18.1850096Z (Reading database ... 85%
2026-09-18T10:19:18.3762399Z (Reading database ... 90%
2026-09-18T10:19:18.5881664Z (Reading database ... 95%
2026-09-18T10:19:18.5881951Z (Reading database ... 100%
2026-09-18T10:19:18.5882271Z (Reading database ... 201818 files and directories currently installed.)
2026-09-18T10:19:18.5921321Z Preparing to unpack .../build-essential_12.10ubuntu1_amd64.deb ...
2026-09-18T10:19:18.5980730Z Unpacking build-essential (12.10ubuntu1) ...
2026-09-18T10:19:18.6336330Z Setting up build-essential (12.10ubuntu1) ...
2026-09-18T10:19:19.1217730Z 
2026-09-18T10:19:19.1218335Z Running kernel seems to be up-to-date.
2026-09-18T10:19:19.1218771Z 
2026-09-18T10:19:19.1218924Z No services need to be restarted.
2026-09-18T10:19:19.1219141Z 
2026-09-18T10:19:19.1219269Z No containers need to be restarted.
2026-09-18T10:19:19.1219511Z 
2026-09-18T10:19:19.1219672Z No user sessions are running outdated binaries.
2026-09-18T10:19:19.1219926Z 
2026-09-18T10:19:19.1220190Z No VM guests are running outdated hypervisor (qemu) binaries on this host.
2026-09-18T10:19:24.5474394Z ##[end-action id=__self.__run;outcome=success;conclusion=success;duration_ms=13842]
2026-09-18T10:19:24.5476736Z ##[start-action display=Run pnpm/action-setup@ea17c68df8912ef543352723c149a84f56e3d413;id=__self.__pnpm_action-setup]
2026-09-18T10:19:24.5503755Z ##[group]Run pnpm/action-setup@ea17c68df8912ef543352723c149a84f56e3d413
2026-09-18T10:19:24.5504041Z with:
2026-09-18T10:19:24.5504201Z   dest: ~/setup-pnpm
2026-09-18T10:19:24.5504373Z   run_install: null
2026-09-18T10:19:24.5504537Z   cache: false
2026-09-18T10:19:24.5504719Z   cache_dependency_path: pnpm-lock.yaml
2026-09-18T10:19:24.5504943Z   package_json_file: package.json
2026-09-18T10:19:24.5505148Z   standalone: false
2026-09-18T10:19:24.5505302Z env:
2026-09-18T10:19:24.5505465Z   GOTOOLCHAIN: local
2026-09-18T10:19:24.5505631Z ##[endgroup]
2026-09-18T10:19:24.6674365Z ##[group]Running self-installer...
2026-09-18T10:19:26.1353769Z 
2026-09-18T10:19:26.1354266Z added 1 package, and audited 2 packages in 1s
2026-09-18T10:19:26.1354560Z 
2026-09-18T10:19:26.1354690Z 1 package is looking for funding
2026-09-18T10:19:26.1355035Z   run `npm fund` for details
2026-09-18T10:19:26.1360068Z 
2026-09-18T10:19:26.1360339Z found 0 vulnerabilities
2026-09-18T10:19:26.6136942Z Checking for updates...
2026-09-18T10:19:26.7924602Z Switching pnpm from v11.25.0 to v11.24.0...
2026-09-18T10:19:27.8421490Z .../v11/a42-1a0b4073a08-509319ebe1217827 | Progress: resolved 1, reused 0, downloaded 0, added 0
2026-09-18T10:19:27.8434747Z .../v11/a42-1a0b4073a08-509319ebe1217827 |   +1 +
2026-09-18T10:19:28.0320438Z .../v11/a42-1a0b4073a08-509319ebe1217827 | Progress: resolved 1, reused 0, downloaded 1, added 1, done
2026-09-18T10:19:28.7076941Z [WARN] Detected a pnpm v10 installation layout at PNPM_HOME. The pnpm shims at PNPM_HOME have been refreshed so the new version is active, but pnpm v11 expects bins in PNPM_HOME/bin. Run "pnpm setup" to migrate your PATH to the v11 layout.
2026-09-18T10:19:28.7114868Z Successfully updated pnpm to v11.24.0
2026-09-18T10:19:28.8423171Z ##[endgroup]
2026-09-18T10:19:28.8423493Z Installation Completed!
2026-09-18T10:19:28.8494541Z ##[end-action id=__self.__pnpm_action-setup;outcome=success;conclusion=success;duration_ms=4301]
2026-09-18T10:19:28.8496785Z ##[start-action display=Run actions/setup-node@820762786026740c76f36085b0efc47a31fe5020;id=__self.__actions_setup-node]
2026-09-18T10:19:28.8532656Z ##[group]Run actions/setup-node@820762786026740c76f36085b0efc47a31fe5020
2026-09-18T10:19:28.8532948Z with:
2026-09-18T10:19:28.8533106Z   node-version: 26
2026-09-18T10:19:28.8533276Z   cache: pnpm
2026-09-18T10:19:28.8533441Z   check-latest: false
2026-09-18T10:19:28.8535814Z   token: ***
2026-09-18T10:19:28.8536000Z   package-manager-cache: true
2026-09-18T10:19:28.8536216Z env:
2026-09-18T10:19:28.8536374Z   GOTOOLCHAIN: local
2026-09-18T10:19:28.8536591Z   PNPM_HOME: /home/runner/setup-pnpm/node_modules/.bin
2026-09-18T10:19:28.8536831Z ##[endgroup]
2026-09-18T10:19:29.0216741Z Attempting to download 26...
2026-09-18T10:19:29.9938874Z Acquiring 26.9.0 - x64 from https://github.com/actions/node-versions/releases/download/26.9.0-35174947414/node-26.9.0-linux-x64.tar.gz
2026-09-18T10:19:30.5062257Z Extracting ...
2026-09-18T10:19:30.5156452Z [command]/usr/bin/tar xz --strip 1 --warning=no-unknown-keyword --overwrite -C /home/runner/work/_temp/c4133266-5da4-4830-bb51-34a0a5e63e09 -f /home/runner/work/_temp/aba86964-04fb-4be3-af70-687a0155a086
2026-09-18T10:19:31.6517360Z Adding to the cache ...
2026-09-18T10:19:33.7478280Z ##[group]Environment details
2026-09-18T10:19:33.9162697Z node: v26.9.0
2026-09-18T10:19:33.9162986Z npm: 11.19.1
2026-09-18T10:19:33.9163201Z yarn: 1.22.22
2026-09-18T10:19:33.9163714Z ##[endgroup]
2026-09-18T10:19:33.9180128Z [command]/home/runner/setup-pnpm/node_modules/.bin/bin/pnpm store path --silent
2026-09-18T10:19:34.3501614Z /home/runner/setup-pnpm/node_modules/.bin/store/v11
2026-09-18T10:19:34.5528298Z pnpm cache is not found
2026-09-18T10:19:34.5644032Z ##[end-action id=__self.__actions_setup-node;outcome=success;conclusion=success;duration_ms=5714]
2026-09-18T10:19:34.5646076Z ##[start-action display=Run pnpm install --frozen-lockfile;id=__self.__run_2]
2026-09-18T10:19:34.5660318Z ##[group]Run pnpm install --frozen-lockfile
2026-09-18T10:19:34.5660599Z pnpm install --frozen-lockfile
2026-09-18T10:19:34.5693314Z shell: /usr/bin/bash --noprofile --norc -e -o pipefail {0}
2026-09-18T10:19:34.5693586Z env:
2026-09-18T10:19:34.5693746Z   GOTOOLCHAIN: local
2026-09-18T10:19:34.5693965Z   PNPM_HOME: /home/runner/setup-pnpm/node_modules/.bin
2026-09-18T10:19:34.5694209Z ##[endgroup]
2026-09-18T10:19:34.8923991Z Scope: all 3 workspace projects
2026-09-18T10:19:34.9245952Z ? Verifying lockfile against supply-chain policies (325 entries)...
2026-09-18T10:19:34.9298821Z Lockfile is up to date, resolution step is skipped
2026-09-18T10:19:35.0042371Z Progress: resolved 1, reused 0, downloaded 0, added 0
2026-09-18T10:19:35.0395476Z Packages: +300
2026-09-18T10:19:35.0397510Z ++++++++++++++++++++++++++++++++++++++++++++++++++++++++++++++++++++++++++++++++
2026-09-18T10:19:36.0110064Z Progress: resolved 300, reused 0, downloaded 46, added 0
2026-09-18T10:19:36.4030295Z Packages are hard linked from the content-addressable store to the virtual store.
2026-09-18T10:19:36.4031280Z   Content-addressable store is at: /home/runner/setup-pnpm/node_modules/.bin/store/v11
2026-09-18T10:19:36.4031997Z   Virtual store is at:             node_modules/.pnpm
2026-09-18T10:19:37.0150964Z Progress: resolved 300, reused 0, downloaded 241, added 16
2026-09-18T10:19:37.5422756Z Progress: resolved 300, reused 0, downloaded 300, added 300, done
2026-09-18T10:19:38.1680508Z ✓ Lockfile passes supply-chain policies (325 entries in 3.2s)
2026-09-18T10:19:38.3155774Z 
2026-09-18T10:19:38.3998702Z Done in 3.8s using pnpm v11.24.0
2026-09-18T10:19:38.5526117Z ##[end-action id=__self.__run_2;outcome=success;conclusion=success;duration_ms=3987]
2026-09-18T10:19:38.5528266Z ##[start-action display=Run sudo apt-get update;id=__self.__run_3]
2026-09-18T10:19:38.5536706Z ##[end-action id=__self.__run_3;outcome=skipped;conclusion=skipped;duration_ms=0]
2026-09-18T10:19:38.5828365Z ##[group]Run ./scripts/check-dependencies.sh
2026-09-18T10:19:38.5828953Z ./scripts/check-dependencies.sh
2026-09-18T10:19:38.5862570Z shell: /usr/bin/bash --noprofile --norc -e -o pipefail {0}
2026-09-18T10:19:38.5862846Z env:
2026-09-18T10:19:38.5863002Z   GOTOOLCHAIN: local
2026-09-18T10:19:38.5863222Z   PNPM_HOME: /home/runner/setup-pnpm/node_modules/.bin
2026-09-18T10:19:38.5863466Z ##[endgroup]
2026-09-18T10:19:38.6562434Z go: downloading golang.org/x/vuln v1.8.0
2026-09-18T10:19:39.0149764Z go: downloading golang.org/x/telemetry v0.0.0-20260908163034-4bcc4b2ee518
2026-09-18T10:19:39.0482827Z go: downloading golang.org/x/tools v0.50.0
2026-09-18T10:19:57.0828232Z === Symbol Results ===
2026-09-18T10:19:57.0828855Z 
2026-09-18T10:19:57.0829088Z No vulnerabilities found.
2026-09-18T10:19:57.0829252Z 
2026-09-18T10:19:57.0829407Z Your code is affected by 0 vulnerabilities.
2026-09-18T10:19:57.0829891Z This scan also found 0 vulnerabilities in packages you import and 1
2026-09-18T10:19:57.0830389Z vulnerability in modules you require, but your code doesn't appear to call these
2026-09-18T10:19:57.0830716Z vulnerabilities.
2026-09-18T10:19:57.0830946Z Use '-show verbose' for more details.
2026-09-18T10:19:57.2113061Z go: downloading github.com/google/go-licenses/v2 v2.0.1
2026-09-18T10:19:57.4013399Z go: downloading github.com/otiai10/copy v1.10.0
2026-09-18T10:19:57.4016301Z go: downloading github.com/spf13/cobra v1.7.0
2026-09-18T10:19:57.4020673Z go: downloading golang.org/x/sync v0.16.0
2026-09-18T10:19:57.4022436Z go: downloading golang.org/x/text v0.28.0
2026-09-18T10:19:57.4882346Z go: downloading k8s.io/klog/v2 v2.90.1
2026-09-18T10:19:57.5076994Z go: downloading go.opencensus.io v0.24.0
2026-09-18T10:19:57.6025494Z go: downloading golang.org/x/net v0.43.0
2026-09-18T10:19:57.6034416Z go: downloading github.com/google/licenseclassifier/v2 v2.0.0
2026-09-18T10:19:57.7727307Z go: downloading golang.org/x/tools v0.36.0
2026-09-18T10:19:57.8431381Z go: downloading golang.org/x/sys v0.35.0
2026-09-18T10:19:57.9790225Z go: downloading github.com/spf13/pflag v1.0.5
2026-09-18T10:19:57.9872459Z go: downloading golang.org/x/mod v0.27.0
2026-09-18T10:19:58.0570047Z go: downloading github.com/go-logr/logr v1.2.0
2026-09-18T10:19:58.0694033Z go: downloading github.com/golang/groupcache v0.0.0-20210331224755-41bb18bfe9da
2026-09-18T10:19:58.0740311Z go: downloading github.com/davecgh/go-spew v1.1.1
2026-09-18T10:19:58.1096670Z go: downloading github.com/sergi/go-diff v1.2.0
2026-09-18T10:20:01.3239114Z W0918 10:20:01.323596    5843 library.go:141] "golang.org/x/crypto/argon2" contains non-Go code that can't be inspected for further dependencies:
2026-09-18T10:20:01.3240338Z /home/runner/go/pkg/mod/golang.org/x/crypto@v0.57.0/argon2/blamka_amd64.s
2026-09-18T10:20:01.3241606Z W0918 10:20:01.323630    5843 library.go:141] "golang.org/x/crypto/blake2b" contains non-Go code that can't be inspected for further dependencies:
2026-09-18T10:20:01.3242707Z /home/runner/go/pkg/mod/golang.org/x/crypto@v0.57.0/blake2b/blake2bAVX2_amd64.s
2026-09-18T10:20:01.3243489Z /home/runner/go/pkg/mod/golang.org/x/crypto@v0.57.0/blake2b/blake2b_amd64.s
2026-09-18T10:20:01.3244654Z W0918 10:20:01.323634    5843 library.go:141] "golang.org/x/sys/cpu" contains non-Go code that can't be inspected for further dependencies:
2026-09-18T10:20:01.3245602Z /home/runner/go/pkg/mod/golang.org/x/sys@v0.48.0/cpu/cpu_gc_x86.s
2026-09-18T10:20:01.3246811Z W0918 10:20:01.323664    5843 library.go:141] "github.com/valkey-io/valkey-glide/go/v2" contains non-Go code that can't be inspected for further dependencies:
2026-09-18T10:20:01.3247917Z /home/runner/go/pkg/mod/github.com/valkey-io/valkey-glide/go/v2@v2.5.2/lib.h
2026-09-18T10:20:01.3249541Z W0918 10:20:01.323990    5843 library.go:141] "golang.org/x/sys/unix" contains non-Go code that can't be inspected for further dependencies:
2026-09-18T10:20:01.3250515Z /home/runner/go/pkg/mod/golang.org/x/sys@v0.48.0/unix/asm_linux_amd64.s
2026-09-18T10:20:01.3251918Z W0918 10:20:01.324008    5843 library.go:141] "github.com/cespare/xxhash/v2" contains non-Go code that can't be inspected for further dependencies:
2026-09-18T10:20:01.3252976Z /home/runner/go/pkg/mod/github.com/cespare/xxhash/v2@v2.3.0/xxhash_amd64.s
2026-09-18T10:20:02.0642666Z No known vulnerabilities found
2026-09-18T10:20:02.2445071Z Verified GLIDE v2.5.2: 376 locked crates, 6 prebuilt archives
2026-09-18T10:20:02.2586771Z Post job cleanup.
2026-09-18T10:20:02.2591093Z ##[start-action display=Run actions/setup-node@820762786026740c76f36085b0efc47a31fe5020;id=__9dcb92d6-206f-4c33-bdd7-469ef59e830f.__actions_setup-node]
2026-09-18T10:20:02.2622542Z Post job cleanup.
2026-09-18T10:20:02.3646964Z [command]/usr/bin/tar --posix -cf cache.tzst --exclude cache.tzst -P -C /home/runner/work/olp/olp --files-from manifest.txt --use-compress-program zstdmt
2026-09-18T10:20:04.2605760Z Sent 39059456 of 57284249 (68.2%), 37.3 MBs/sec
2026-09-18T10:20:04.6948987Z Sent 57284249 of 57284249 (100.0%), 38.1 MBs/sec
2026-09-18T10:20:04.9383042Z Cache saved with the key: node-cache-Linux-x64-pnpm-9f58594c242bf5e569eea53d3e37b4ccf49bca194ccaae07d92574d4dca62533
2026-09-18T10:20:04.9447011Z ##[end-action id=__9dcb92d6-206f-4c33-bdd7-469ef59e830f.__actions_setup-node;outcome=success;conclusion=success;duration_ms=2685]
2026-09-18T10:20:04.9449761Z ##[start-action display=Run pnpm/action-setup@ea17c68df8912ef543352723c149a84f56e3d413;id=__9dcb92d6-206f-4c33-bdd7-469ef59e830f.__pnpm_action-setup]
2026-09-18T10:20:04.9477713Z Post job cleanup.
2026-09-18T10:20:05.0627962Z Pruning is unnecessary.
2026-09-18T10:20:05.0728099Z ##[end-action id=__9dcb92d6-206f-4c33-bdd7-469ef59e830f.__pnpm_action-setup;outcome=success;conclusion=success;duration_ms=127]
2026-09-18T10:20:05.0732060Z ##[start-action display=Run actions/setup-go@924ae3a1cded613372ab5595356fb5720e22ba16;id=__9dcb92d6-206f-4c33-bdd7-469ef59e830f.__actions_setup-go]
2026-09-18T10:20:05.0821538Z Post job cleanup.
2026-09-18T10:20:05.1815867Z [command]/opt/hostedtoolcache/go/1.27.1/x64/bin/go env GOMODCACHE
2026-09-18T10:20:05.1850923Z [command]/opt/hostedtoolcache/go/1.27.1/x64/bin/go env GOCACHE
2026-09-18T10:20:05.1877211Z /home/runner/go/pkg/mod
2026-09-18T10:20:05.1892270Z /home/runner/.cache/go-build
2026-09-18T10:20:05.2058667Z [command]/usr/bin/tar --posix -cf cache.tzst --exclude cache.tzst -P -C /home/runner/work/olp/olp --files-from manifest.txt --use-compress-program zstdmt
2026-09-18T10:20:08.1442269Z Sent 0 of 260538508 (0.0%), 0.0 MBs/sec
2026-09-18T10:20:08.7363219Z Sent 260538508 of 260538508 (100.0%), 156.0 MBs/sec
2026-09-18T10:20:08.9927492Z Cache saved with the key: setup-go-Linux-x64-ubuntu24-go-1.27.1-6907cd9f6b0643e4f370533693c6212e6e01d21c485d39d220f91f38f43c10b0
2026-09-18T10:20:08.9999282Z ##[end-action id=__9dcb92d6-206f-4c33-bdd7-469ef59e830f.__actions_setup-go;outcome=success;conclusion=success;duration_ms=3926]
2026-09-18T10:20:09.0862637Z Post job cleanup.
2026-09-18T10:20:09.1556384Z [command]/usr/bin/git version
2026-09-18T10:20:09.1591062Z git version 2.55.0
2026-09-18T10:20:09.1624437Z Temporarily overriding HOME='/home/runner/work/_temp/68288f9b-74c5-4d92-a592-63d392ed119b' before making global git config changes
2026-09-18T10:20:09.1625704Z Adding repository directory to the temporary git global config as a safe directory
2026-09-18T10:20:09.1628260Z [command]/usr/bin/git config --global --add safe.directory /home/runner/work/olp/olp
2026-09-18T10:20:09.1654871Z Removing SSH command configuration
2026-09-18T10:20:09.1660244Z [command]/usr/bin/git config --local --name-only --get-regexp core\.sshCommand
2026-09-18T10:20:09.1689792Z [command]/usr/bin/git submodule foreach --recursive sh -c "git config --local --name-only --get-regexp 'core\.sshCommand' && git config --local --unset-all 'core.sshCommand' || :"
2026-09-18T10:20:09.1902849Z Removing HTTP extra header
2026-09-18T10:20:09.1908312Z [command]/usr/bin/git config --local --name-only --get-regexp http\.https\:\/\/github\.com\/\.extraheader
2026-09-18T10:20:09.1941351Z [command]/usr/bin/git submodule foreach --recursive sh -c "git config --local --name-only --get-regexp 'http\.https\:\/\/github\.com\/\.extraheader' && git config --local --unset-all 'http.https://github.com/.extraheader' || :"
2026-09-18T10:20:09.2146758Z Removing includeIf entries pointing to credentials config files
2026-09-18T10:20:09.2153667Z [command]/usr/bin/git config --local --name-only --get-regexp ^includeIf\.gitdir:
2026-09-18T10:20:09.2182238Z includeif.gitdir:/home/runner/work/olp/olp/.git.path
2026-09-18T10:20:09.2183104Z includeif.gitdir:/home/runner/work/olp/olp/.git/worktrees/*.path
2026-09-18T10:20:09.2184015Z includeif.gitdir:/github/workspace/.git.path
2026-09-18T10:20:09.2184693Z includeif.gitdir:/github/workspace/.git/worktrees/*.path
2026-09-18T10:20:09.2190601Z [command]/usr/bin/git config --local --get-all includeif.gitdir:/home/runner/work/olp/olp/.git.path
2026-09-18T10:20:09.2212578Z /home/runner/work/_temp/git-credentials-915d7b27-f059-4a0d-b1b6-1476be48924c.config
2026-09-18T10:20:09.2220714Z [command]/usr/bin/git config --local --unset includeif.gitdir:/home/runner/work/olp/olp/.git.path \/home\/runner\/work\/_temp\/git\-credentials\-915d7b27\-f059\-4a0d\-b1b6\-1476be48924c\.config
2026-09-18T10:20:09.2256164Z [command]/usr/bin/git config --local --get-all includeif.gitdir:/home/runner/work/olp/olp/.git/worktrees/*.path
2026-09-18T10:20:09.2280187Z /home/runner/work/_temp/git-credentials-915d7b27-f059-4a0d-b1b6-1476be48924c.config
2026-09-18T10:20:09.2289144Z [command]/usr/bin/git config --local --unset includeif.gitdir:/home/runner/work/olp/olp/.git/worktrees/*.path \/home\/runner\/work\/_temp\/git\-credentials\-915d7b27\-f059\-4a0d\-b1b6\-1476be48924c\.config
2026-09-18T10:20:09.2349771Z [command]/usr/bin/git config --local --get-all includeif.gitdir:/github/workspace/.git.path
2026-09-18T10:20:09.2364331Z /github/runner_temp/git-credentials-915d7b27-f059-4a0d-b1b6-1476be48924c.config
2026-09-18T10:20:09.2375042Z [command]/usr/bin/git config --local --unset includeif.gitdir:/github/workspace/.git.path \/github\/runner_temp\/git\-credentials\-915d7b27\-f059\-4a0d\-b1b6\-1476be48924c\.config
2026-09-18T10:20:09.2401442Z [command]/usr/bin/git config --local --get-all includeif.gitdir:/github/workspace/.git/worktrees/*.path
2026-09-18T10:20:09.2425977Z /github/runner_temp/git-credentials-915d7b27-f059-4a0d-b1b6-1476be48924c.config
2026-09-18T10:20:09.2433873Z [command]/usr/bin/git config --local --unset includeif.gitdir:/github/workspace/.git/worktrees/*.path \/github\/runner_temp\/git\-credentials\-915d7b27\-f059\-4a0d\-b1b6\-1476be48924c\.config
2026-09-18T10:20:09.2467624Z [command]/usr/bin/git submodule foreach --recursive git config --local --show-origin --name-only --get-regexp remote.origin.url
2026-09-18T10:20:09.2655225Z Removing credentials config '/home/runner/work/_temp/git-credentials-915d7b27-f059-4a0d-b1b6-1476be48924c.config'
2026-09-18T10:20:09.2781414Z Cleaning up orphan processes
