/v1/chat/completions | none | 401 invalid_api_key "Provide an API key as a bearer token in the Authorization header."
/v1/chat/completions | bearer | key full
/v1/chat/completions | lowercase bearer | key full
/v1/chat/completions | padded bearer | key full
/v1/chat/completions | basic | 401 invalid_api_key "Provide an API key as a bearer token in the Authorization header."
/v1/chat/completions | x-api-key | 401 invalid_api_key "Provide an API key as a bearer token in the Authorization header."
/v1/chat/completions | x-goog-api-key | 401 invalid_api_key "Provide an API key as a bearer token in the Authorization header."
/v1/chat/completions | query key | 401 invalid_api_key "Provide an API key as a bearer token in the Authorization header."
/v1/chat/completions | x-olp-api-key | 401 invalid_api_key "Provide an API key as a bearer token in the Authorization header."
/v1/chat/completions | bearer over x-api-key | key full
/v1/chat/completions | x-goog-api-key over query | 401 invalid_api_key "Provide an API key as a bearer token in the Authorization header."
/v1/chat/completions | x-olp-api-key over bearer | key other_key
/v1/chat/completions | sigv4 only | 401 invalid_api_key "Provide an API key as a bearer token in the Authorization header."
/v1/chat/completions | unknown key | 401 invalid_api_key "Incorrect API key provided."
/v1/chat/completions | missing scope | 403 permission_denied "This API key does not have the inference scope."
/native/openai/models/m | none | 401 invalid_api_key "Provide an API key as a bearer token in the Authorization header."
/native/openai/models/m | bearer | key full
/native/openai/models/m | lowercase bearer | key full
/native/openai/models/m | padded bearer | key full
/native/openai/models/m | basic | 401 invalid_api_key "Provide an API key as a bearer token in the Authorization header."
/native/openai/models/m | x-api-key | 401 invalid_api_key "Provide an API key as a bearer token in the Authorization header."
/native/openai/models/m | x-goog-api-key | 401 invalid_api_key "Provide an API key as a bearer token in the Authorization header."
/native/openai/models/m | query key | 401 invalid_api_key "Provide an API key as a bearer token in the Authorization header."
/native/openai/models/m | x-olp-api-key | 401 invalid_api_key "Provide an API key as a bearer token in the Authorization header."
/native/openai/models/m | bearer over x-api-key | key full
/native/openai/models/m | x-goog-api-key over query | 401 invalid_api_key "Provide an API key as a bearer token in the Authorization header."
/native/openai/models/m | x-olp-api-key over bearer | key other_key
/native/openai/models/m | sigv4 only | 401 invalid_api_key "Provide an API key as a bearer token in the Authorization header."
/native/openai/models/m | unknown key | 401 invalid_api_key "Incorrect API key provided."
/native/openai/models/m | missing scope | 403 permission_denied "This API key does not have the inference scope."
/anthropic/v1/messages | none | 401 invalid_api_key "Provide an API key as a bearer token in the Authorization header."
/anthropic/v1/messages | bearer | key full
/anthropic/v1/messages | lowercase bearer | key full
/anthropic/v1/messages | padded bearer | key full
/anthropic/v1/messages | basic | 401 invalid_api_key "Provide an API key as a bearer token in the Authorization header."
/anthropic/v1/messages | x-api-key | key full
/anthropic/v1/messages | x-goog-api-key | 401 invalid_api_key "Provide an API key as a bearer token in the Authorization header."
/anthropic/v1/messages | query key | 401 invalid_api_key "Provide an API key as a bearer token in the Authorization header."
/anthropic/v1/messages | x-olp-api-key | 401 invalid_api_key "Provide an API key as a bearer token in the Authorization header."
/anthropic/v1/messages | bearer over x-api-key | key full
/anthropic/v1/messages | x-goog-api-key over query | 401 invalid_api_key "Provide an API key as a bearer token in the Authorization header."
/anthropic/v1/messages | x-olp-api-key over bearer | key other_key
/anthropic/v1/messages | sigv4 only | 401 invalid_api_key "Provide an API key as a bearer token in the Authorization header."
/anthropic/v1/messages | unknown key | 401 invalid_api_key "Incorrect API key provided."
/anthropic/v1/messages | missing scope | 403 permission_denied "This API key does not have the inference scope."
/gemini/v1beta/models/m:generateContent | none | 401 invalid_api_key "Provide an API key as a bearer token in the Authorization header."
/gemini/v1beta/models/m:generateContent | bearer | key full
/gemini/v1beta/models/m:generateContent | lowercase bearer | key full
/gemini/v1beta/models/m:generateContent | padded bearer | key full
/gemini/v1beta/models/m:generateContent | basic | 401 invalid_api_key "Provide an API key as a bearer token in the Authorization header."
/gemini/v1beta/models/m:generateContent | x-api-key | 401 invalid_api_key "Provide an API key as a bearer token in the Authorization header."
/gemini/v1beta/models/m:generateContent | x-goog-api-key | key full
/gemini/v1beta/models/m:generateContent | query key | key full
/gemini/v1beta/models/m:generateContent | x-olp-api-key | 401 invalid_api_key "Provide an API key as a bearer token in the Authorization header."
/gemini/v1beta/models/m:generateContent | bearer over x-api-key | key full
/gemini/v1beta/models/m:generateContent | x-goog-api-key over query | key other_key
/gemini/v1beta/models/m:generateContent | x-olp-api-key over bearer | key other_key
/gemini/v1beta/models/m:generateContent | sigv4 only | 401 invalid_api_key "Provide an API key as a bearer token in the Authorization header."
/gemini/v1beta/models/m:generateContent | unknown key | 401 invalid_api_key "Incorrect API key provided."
/gemini/v1beta/models/m:generateContent | missing scope | 403 permission_denied "This API key does not have the inference scope."
/ws/google.ai.generativelanguage.v1beta.GenerativeService.BidiGenerateContent | none | 401 invalid_api_key "Provide an API key as a bearer token in the Authorization header."
/ws/google.ai.generativelanguage.v1beta.GenerativeService.BidiGenerateContent | bearer | key full
/ws/google.ai.generativelanguage.v1beta.GenerativeService.BidiGenerateContent | lowercase bearer | key full
/ws/google.ai.generativelanguage.v1beta.GenerativeService.BidiGenerateContent | padded bearer | key full
/ws/google.ai.generativelanguage.v1beta.GenerativeService.BidiGenerateContent | basic | 401 invalid_api_key "Provide an API key as a bearer token in the Authorization header."
/ws/google.ai.generativelanguage.v1beta.GenerativeService.BidiGenerateContent | x-api-key | 401 invalid_api_key "Provide an API key as a bearer token in the Authorization header."
/ws/google.ai.generativelanguage.v1beta.GenerativeService.BidiGenerateContent | x-goog-api-key | key full
/ws/google.ai.generativelanguage.v1beta.GenerativeService.BidiGenerateContent | query key | key full
/ws/google.ai.generativelanguage.v1beta.GenerativeService.BidiGenerateContent | x-olp-api-key | 401 invalid_api_key "Provide an API key as a bearer token in the Authorization header."
/ws/google.ai.generativelanguage.v1beta.GenerativeService.BidiGenerateContent | bearer over x-api-key | key full
/ws/google.ai.generativelanguage.v1beta.GenerativeService.BidiGenerateContent | x-goog-api-key over query | key other_key
/ws/google.ai.generativelanguage.v1beta.GenerativeService.BidiGenerateContent | x-olp-api-key over bearer | key other_key
/ws/google.ai.generativelanguage.v1beta.GenerativeService.BidiGenerateContent | sigv4 only | 401 invalid_api_key "Provide an API key as a bearer token in the Authorization header."
/ws/google.ai.generativelanguage.v1beta.GenerativeService.BidiGenerateContent | unknown key | 401 invalid_api_key "Incorrect API key provided."
/ws/google.ai.generativelanguage.v1beta.GenerativeService.BidiGenerateContent | missing scope | 403 permission_denied "This API key does not have the inference scope."
/bedrock/model/m/converse | none | 401 invalid_api_key "Provide an API key as a bearer token in the Authorization header." | bedrock 401 missing_authorization "Provide the X-OLP-API-Key header or a bearer API key."
/bedrock/model/m/converse | bearer | key full | bedrock key full
/bedrock/model/m/converse | lowercase bearer | key full | bedrock key full
/bedrock/model/m/converse | padded bearer | key full | bedrock key full
/bedrock/model/m/converse | basic | 401 invalid_api_key "Provide an API key as a bearer token in the Authorization header." | bedrock 401 missing_authorization "Provide the X-OLP-API-Key header or a bearer API key."
/bedrock/model/m/converse | x-api-key | 401 invalid_api_key "Provide an API key as a bearer token in the Authorization header." | bedrock 401 missing_authorization "Provide the X-OLP-API-Key header or a bearer API key."
/bedrock/model/m/converse | x-goog-api-key | 401 invalid_api_key "Provide an API key as a bearer token in the Authorization header." | bedrock 401 missing_authorization "Provide the X-OLP-API-Key header or a bearer API key."
/bedrock/model/m/converse | query key | 401 invalid_api_key "Provide an API key as a bearer token in the Authorization header." | bedrock 401 missing_authorization "Provide the X-OLP-API-Key header or a bearer API key."
/bedrock/model/m/converse | x-olp-api-key | 401 invalid_api_key "Provide an API key as a bearer token in the Authorization header." | bedrock key full
/bedrock/model/m/converse | bearer over x-api-key | key full | bedrock key full
/bedrock/model/m/converse | x-goog-api-key over query | 401 invalid_api_key "Provide an API key as a bearer token in the Authorization header." | bedrock 401 missing_authorization "Provide the X-OLP-API-Key header or a bearer API key."
/bedrock/model/m/converse | x-olp-api-key over bearer | key other_key | bedrock key full
/bedrock/model/m/converse | sigv4 only | 401 invalid_api_key "Provide an API key as a bearer token in the Authorization header." | bedrock 401 missing_authorization "Provide the X-OLP-API-Key header or a bearer API key."
/bedrock/model/m/converse | unknown key | 401 invalid_api_key "Incorrect API key provided." | bedrock 401 invalid_api_key "Incorrect API key provided."
/bedrock/model/m/converse | missing scope | 403 permission_denied "This API key does not have the inference scope." | bedrock 403 permission_denied "This API key does not have the inference scope."
