#0 building with "default" instance using docker driver

#1 [internal] load build definition from Dockerfile
#1 transferring dockerfile: 2.89kB done
#1 DONE 0.0s

#2 resolve image config for docker-image://docker.io/docker/dockerfile:1
#2 DONE 0.3s

#3 docker-image://docker.io/docker/dockerfile:1@sha256:ecfaec9ed6d810b56388c508f4121597bfbba70d41a6dfeee4d8cad5f295fc32
#3 resolve docker.io/docker/dockerfile:1@sha256:ecfaec9ed6d810b56388c508f4121597bfbba70d41a6dfeee4d8cad5f295fc32 0.0s done
#3 CACHED

#4 [internal] load metadata for gcr.io/distroless/cc-debian13:nonroot@sha256:c31ff9abcb1910f3ab25c7957bdaf0bfe12a01eb546e8df2282f1c8f682b606c
#4 ...

#5 [internal] load metadata for docker.io/library/node:26.8.2-alpine@sha256:ef24c5053d50fdc3e4e56eb4e7ddb7861874ab0fdc797046ba897581deb8e868
#5 DONE 0.0s

#6 [internal] load metadata for docker.io/library/golang:1.27.1-trixie@sha256:9baa6b4187bbb98d240372a8a235ac0bb6b5ddd52bba1431dc2f7c0705862728
#6 DONE 0.0s

#4 [internal] load metadata for gcr.io/distroless/cc-debian13:nonroot@sha256:c31ff9abcb1910f3ab25c7957bdaf0bfe12a01eb546e8df2282f1c8f682b606c
#4 DONE 0.2s

#7 [internal] load .dockerignore
#7 transferring context: 968B done
#7 DONE 0.0s

#8 [internal] load build context
#8 transferring context: 39.21kB 0.1s done
#8 DONE 0.1s

#9 [go-build  1/12] FROM docker.io/library/golang:1.27.1-trixie@sha256:9baa6b4187bbb98d240372a8a235ac0bb6b5ddd52bba1431dc2f7c0705862728
#9 resolve docker.io/library/golang:1.27.1-trixie@sha256:9baa6b4187bbb98d240372a8a235ac0bb6b5ddd52bba1431dc2f7c0705862728 0.0s done
#9 DONE 0.0s

#10 [console-build  1/10] FROM docker.io/library/node:26.8.2-alpine@sha256:ef24c5053d50fdc3e4e56eb4e7ddb7861874ab0fdc797046ba897581deb8e868
#10 resolve docker.io/library/node:26.8.2-alpine@sha256:ef24c5053d50fdc3e4e56eb4e7ddb7861874ab0fdc797046ba897581deb8e868 0.0s done
#10 DONE 0.0s

#11 [stage-2 1/6] FROM gcr.io/distroless/cc-debian13:nonroot@sha256:c31ff9abcb1910f3ab25c7957bdaf0bfe12a01eb546e8df2282f1c8f682b606c
#11 resolve gcr.io/distroless/cc-debian13:nonroot@sha256:c31ff9abcb1910f3ab25c7957bdaf0bfe12a01eb546e8df2282f1c8f682b606c 0.0s done
#11 CACHED

#12 [console-build  2/10] WORKDIR /src
#12 CACHED

#13 [go-build  2/12] WORKDIR /src
#13 CACHED

#14 [go-build  3/12] RUN test "$(go env GOARCH)" = "amd64" && ! command -v cargo && ! command -v rustc
#14 DONE 0.3s

#15 [console-build  3/10] RUN npm install --global pnpm@11.24.0
#15 ...

#16 [go-build  4/12] COPY go.mod go.sum package.json ./
#16 DONE 0.1s

#17 [go-build  5/12] RUN go mod download
#17 ...

#15 [console-build  3/10] RUN npm install --global pnpm@11.24.0
#15 2.231 
#15 2.231 added 1 package in 2s
#15 2.231 
#15 2.231 1 package is looking for funding
#15 2.232   run `npm fund` for details
#15 DONE 2.4s

#18 [console-build  4/10] COPY package.json pnpm-workspace.yaml pnpm-lock.yaml ./
#18 DONE 0.1s

#19 [console-build  5/10] COPY console/package.json ./console/package.json
#19 DONE 0.0s

#20 [console-build  6/10] COPY tests/sdk-smoke/package.json ./tests/sdk-smoke/package.json
#20 DONE 0.0s

#17 [go-build  5/12] RUN go mod download
#17 ...

#21 [console-build  7/10] RUN --mount=type=cache,target=/pnpm/store pnpm install --frozen-lockfile --store-dir /pnpm/store
#21 1.418 Scope: all 3 workspace projects
#21 1.513 ? Verifying lockfile against supply-chain policies (325 entries)...
#21 1.533 Lockfile is up to date, resolution step is skipped
#21 1.751 Progress: resolved 1, reused 0, downloaded 0, added 0
#21 1.866 Packages: +300
#21 1.866 ++++++++++++++++++++++++++++++++++++++++++++++++++++++++++++++++++++++++++++++++
#21 2.760 Progress: resolved 300, reused 0, downloaded 0, added 0
#21 3.791 Progress: resolved 300, reused 0, downloaded 31, added 0
#21 4.240 Packages are copied from the content-addressable store to the virtual store.
#21 4.240   Content-addressable store is at: /pnpm/store/v11
#21 4.240   Virtual store is at:             node_modules/.pnpm
#21 4.829 Progress: resolved 300, reused 0, downloaded 124, added 7
#21 5.829 Progress: resolved 300, reused 0, downloaded 274, added 18
#21 6.828 Progress: resolved 300, reused 0, downloaded 300, added 171
#21 7.271 Progress: resolved 300, reused 0, downloaded 300, added 300, done
#21 8.527 ✓ Lockfile passes supply-chain policies (325 entries in 7s)
#21 8.632 
#21 8.699 Done in 8.4s using pnpm v11.24.0
#21 ...

#17 [go-build  5/12] RUN go mod download
#17 DONE 12.0s

#21 [console-build  7/10] RUN --mount=type=cache,target=/pnpm/store pnpm install --frozen-lockfile --store-dir /pnpm/store
#21 DONE 9.9s

#22 [console-build  8/10] COPY console ./console
#22 ...

#23 [go-build  6/12] COPY cmd ./cmd
#23 DONE 0.4s

#22 [console-build  8/10] COPY console ./console
#22 DONE 0.4s

#24 [go-build  7/12] COPY internal ./internal
#24 DONE 0.1s

#25 [console-build  9/10] COPY openapi/management.json ./openapi/management.json
#25 DONE 0.0s

#26 [go-build  8/12] COPY openapi ./openapi
#26 DONE 0.0s

#27 [go-build  9/12] COPY deploy/native /out/native
#27 DONE 0.1s

#28 [console-build 10/10] RUN pnpm --dir console api:generate && pnpm --dir console build
#28 1.411 $ openapi-typescript ../openapi/management.json -o src/lib/api/schema.d.ts
#28 2.403 ✨ openapi-typescript 7.13.0
#28 2.924 🚀 ../openapi/management.json → src/lib/api/schema.d.ts [528.3ms]
#28 4.007 $ vite build && node scripts/asset-manifest.mjs
#28 5.887 [36mvite v8.2.2 [32mbuilding ssr environment for production...[36m[39m
#28 5.916 transforming...
#28 9.658 ✓ 479 modules transformed.
#28 9.865 rendering chunks...
#28 ...

#29 [go-build 10/12] RUN version=$(sed -n 's/  "version": "\([^" ]*\)",/\1/p' package.json) &&     test -n "$version" && test "${OLP_VERSION:-$version}" = "$version" &&     mkdir -p /out && go build -mod=readonly -trimpath       -ldflags="-s -w -X github.com/tyk-swe/olp/internal/process.Version=$version" -o /out/olp ./cmd/olp
#29 ...

#28 [console-build 10/10] RUN pnpm --dir console api:generate && pnpm --dir console build
#28 12.01 [36mvite v8.2.2 [32mbuilding client environment for production...[36m[39m
#28 12.02 transforming...
#28 15.25 ✓ 519 modules transformed.
#28 15.43 rendering chunks...
#28 15.61 computing gzip size...
#28 15.62 .svelte-kit/output/client/_app/version.json                                                          0.02 kB │ gzip:  0.04 kB
#28 15.62 .svelte-kit/output/client/_app/immutable/assets/geist-mono-symbols2-wght-normal.CO5SzqOn.woff2       5.81 kB
#28 15.62 .svelte-kit/output/client/_app/immutable/assets/geist-mono-cyrillic-ext-wght-normal.X_5orZeX.woff2   6.17 kB
#28 15.62 .svelte-kit/output/client/_app/immutable/assets/geist-cyrillic-ext-wght-normal.DjL33-gN.woff2        7.42 kB
#28 15.62 .svelte-kit/output/client/_app/immutable/assets/geist-mono-vietnamese-wght-normal.DadHysG0.woff2     7.69 kB
#28 15.62 .svelte-kit/output/client/_app/immutable/assets/geist-vietnamese-wght-normal.6IgcOCM7.woff2          8.00 kB
#28 15.62 .svelte-kit/output/client/_app/immutable/assets/geist-mono-cyrillic-wght-normal.DiZS0aHC.woff2      12.94 kB
#28 15.62 .svelte-kit/output/client/_app/immutable/assets/geist-mono-latin-ext-wght-normal.Bwz-egvJ.woff2     14.69 kB
#28 15.62 .svelte-kit/output/client/_app/immutable/assets/geist-cyrillic-wght-normal.BEAKL7Jp.woff2           15.08 kB
#28 15.62 .svelte-kit/output/client/_app/immutable/assets/geist-latin-ext-wght-normal.DC-KSUi6.woff2          16.51 kB
#28 15.62 .svelte-kit/output/client/_app/immutable/assets/geist-mono-latin-wght-normal.XN7g48iV.woff2         23.12 kB
#28 15.62 .svelte-kit/output/client/_app/immutable/assets/geist-latin-wght-normal.BgDaEnEv.woff2              29.40 kB
#28 15.62 .svelte-kit/output/client/.vite/manifest.json                                                       39.57 kB │ gzip:  4.26 kB
#28 15.62 .svelte-kit/output/client/_app/immutable/assets/BrandMark.DWSde6Ww.css                               0.20 kB │ gzip:  0.14 kB
#28 15.62 .svelte-kit/output/client/_app/immutable/assets/CursorPagination.DbjTanq2.css                        0.37 kB │ gzip:  0.23 kB
#28 15.62 .svelte-kit/output/client/_app/immutable/assets/1.B6hFuh5l.css                                       0.48 kB │ gzip:  0.29 kB
#28 15.62 .svelte-kit/output/client/_app/immutable/assets/9.qI-HkGM6.css                                       0.52 kB │ gzip:  0.26 kB
#28 15.62 .svelte-kit/output/client/_app/immutable/assets/RoutingDecisions.BKVcnrD-.css                        0.55 kB │ gzip:  0.30 kB
#28 15.62 .svelte-kit/output/client/_app/immutable/assets/userKeys.D_MV4LJ6.css                                0.61 kB │ gzip:  0.34 kB
#28 15.62 .svelte-kit/output/client/_app/immutable/assets/RoutingPolicyEditor.BJZqratL.css                     0.64 kB │ gzip:  0.32 kB
#28 15.62 .svelte-kit/output/client/_app/immutable/assets/concurrentEdit.CsCOeo4a.css                          0.73 kB │ gzip:  0.32 kB
#28 15.62 .svelte-kit/output/client/_app/immutable/assets/24.C7XsZRMY.css                                      0.86 kB │ gzip:  0.38 kB
#28 15.62 .svelte-kit/output/client/_app/immutable/assets/19.D9y8bvuj.css                                      0.90 kB │ gzip:  0.38 kB
#28 15.62 .svelte-kit/output/client/_app/immutable/assets/SecretDialog.BrGd2n-3.css                            1.20 kB │ gzip:  0.52 kB
#28 15.62 .svelte-kit/output/client/_app/immutable/assets/RoutingPreferencesForm.CY3T8blZ.css                  1.26 kB │ gzip:  0.48 kB
#28 15.62 .svelte-kit/output/client/_app/immutable/assets/31.CEOwprLc.css                                      1.31 kB │ gzip:  0.47 kB
#28 15.62 .svelte-kit/output/client/_app/immutable/assets/32.BwL_XRn9.css                                      1.44 kB │ gzip:  0.54 kB
#28 15.62 .svelte-kit/output/client/_app/immutable/assets/13.Gsf7t1N4.css                                      1.52 kB │ gzip:  0.53 kB
#28 15.62 .svelte-kit/output/client/_app/immutable/assets/SetupFrame.D6wd0yGF.css                              1.76 kB │ gzip:  0.65 kB
#28 15.62 .svelte-kit/output/client/_app/immutable/assets/33.Dyc3CfHy.css                                      2.18 kB │ gzip:  0.69 kB
#28 15.62 .svelte-kit/output/client/_app/immutable/assets/17.DrPclZPa.css                                      2.76 kB │ gzip:  0.81 kB
#28 15.62 .svelte-kit/output/client/_app/immutable/assets/28.BCB9RDaG.css                                      2.79 kB │ gzip:  0.77 kB
#28 15.62 .svelte-kit/output/client/_app/immutable/assets/29.CYId_v8V.css                                      3.10 kB │ gzip:  0.79 kB
#28 15.62 .svelte-kit/output/client/_app/immutable/assets/ProviderValidationIssues.Bq4flAVf.css                3.47 kB │ gzip:  1.00 kB
#28 15.62 .svelte-kit/output/client/_app/immutable/assets/26.DlIVoB3o.css                                      3.74 kB │ gzip:  0.91 kB
#28 15.62 .svelte-kit/output/client/_app/immutable/assets/MediaJobsPage.DijQ2MQj.css                           3.80 kB │ gzip:  0.93 kB
#28 15.62 .svelte-kit/output/client/_app/immutable/assets/14.NR8GeMMd.css                                      3.99 kB │ gzip:  0.96 kB
#28 15.62 .svelte-kit/output/client/_app/immutable/assets/18.CdA5oDe0.css                                      4.31 kB │ gzip:  1.11 kB
#28 15.62 .svelte-kit/output/client/_app/immutable/assets/10.CijXb7Fq.css                                      4.96 kB │ gzip:  1.06 kB
#28 15.62 .svelte-kit/output/client/_app/immutable/assets/ApiKeysPage.C1150Hut.css                             5.75 kB │ gzip:  1.34 kB
#28 15.62 .svelte-kit/output/client/_app/immutable/assets/RequestsPage.BIk2CKIP.css                            5.95 kB │ gzip:  1.28 kB
#28 15.62 .svelte-kit/output/client/_app/immutable/assets/RouteDraftEditor.CIDBHk7l.css                        6.40 kB │ gzip:  1.38 kB
#28 15.62 .svelte-kit/output/client/_app/immutable/assets/30.CXOtVeLQ.css                                      6.52 kB │ gzip:  1.40 kB
#28 15.62 .svelte-kit/output/client/_app/immutable/assets/21.B3HoXNuv.css                                      6.78 kB │ gzip:  1.49 kB
#28 15.62 .svelte-kit/output/client/_app/immutable/assets/2.BnWPllTG.css                                       7.53 kB │ gzip:  1.71 kB
#28 15.62 .svelte-kit/output/client/_app/immutable/assets/8.BGP8xmCq.css                                       8.14 kB │ gzip:  1.60 kB
#28 15.62 .svelte-kit/output/client/_app/immutable/assets/20.3JpcSsMC.css                                      9.99 kB │ gzip:  1.88 kB
#28 15.62 .svelte-kit/output/client/_app/immutable/assets/0.Ch5s6Vn3.css                                      18.21 kB │ gzip:  4.36 kB
#28 15.62 .svelte-kit/output/client/_app/immutable/chunks/CuSxFcMQ.js                                          0.02 kB │ gzip:  0.04 kB
#28 15.62 .svelte-kit/output/client/_app/immutable/chunks/DpSOtwKn.js                                          0.03 kB │ gzip:  0.05 kB
#28 15.62 .svelte-kit/output/client/_app/immutable/chunks/xihTtKlq.js                                          0.06 kB │ gzip:  0.08 kB
#28 15.62 .svelte-kit/output/client/_app/immutable/chunks/Dro3YUrB.js                                          0.06 kB │ gzip:  0.07 kB
#28 15.62 .svelte-kit/output/client/_app/immutable/entry/start.VqYF86zl.js                                     0.08 kB │ gzip:  0.09 kB
#28 15.62 .svelte-kit/output/client/_app/immutable/chunks/4YQg3QUo.js                                          0.09 kB │ gzip:  0.10 kB
#28 15.62 .svelte-kit/output/client/_app/immutable/chunks/9ixZWaVC.js                                          0.09 kB │ gzip:  0.10 kB
#28 15.62 .svelte-kit/output/client/_app/immutable/chunks/VceKG1iP.js                                          0.10 kB │ gzip:  0.11 kB
#28 15.62 .svelte-kit/output/client/_app/immutable/chunks/Dgu-Izkv.js                                          0.13 kB │ gzip:  0.11 kB
#28 15.62 .svelte-kit/output/client/_app/immutable/chunks/C6gsH53v.js                                          0.17 kB │ gzip:  0.13 kB
#28 15.62 .svelte-kit/output/client/_app/immutable/nodes/27.ODSzaTH8.js                                        0.17 kB │ gzip:  0.13 kB
#28 15.62 .svelte-kit/output/client/_app/immutable/chunks/BEoGmjzu.js                                          0.21 kB │ gzip:  0.18 kB
#28 15.62 .svelte-kit/output/client/_app/immutable/chunks/BexL5aaV.js                                          0.21 kB │ gzip:  0.18 kB
#28 15.62 .svelte-kit/output/client/_app/immutable/chunks/Q5_vLEpc.js                                          0.24 kB │ gzip:  0.13 kB
#28 15.62 .svelte-kit/output/client/_app/immutable/nodes/3.3KyyLJsS.js                                         0.28 kB │ gzip:  0.21 kB
#28 15.62 .svelte-kit/output/client/_app/immutable/nodes/5.CyihaUtd.js                                         0.28 kB │ gzip:  0.21 kB
#28 15.62 .svelte-kit/output/client/_app/immutable/nodes/7.CeVLORsV.js                                         0.28 kB │ gzip:  0.21 kB
#28 15.62 .svelte-kit/output/client/_app/immutable/chunks/C3OMN1aR.js                                          0.28 kB │ gzip:  0.22 kB
#28 15.62 .svelte-kit/output/client/_app/immutable/chunks/DuT-lZg5.js                                          0.29 kB │ gzip:  0.16 kB
#28 15.62 .svelte-kit/output/client/_app/immutable/nodes/25.lKtt1e-N.js                                        0.30 kB │ gzip:  0.20 kB
#28 15.62 .svelte-kit/output/client/_app/immutable/chunks/BkjuMpiz.js                                          0.32 kB │ gzip:  0.24 kB
#28 15.62 .svelte-kit/output/client/_app/immutable/chunks/DP_eUzDF.js                                          0.33 kB │ gzip:  0.22 kB
#28 15.62 .svelte-kit/output/client/_app/immutable/nodes/11.Cs78F8aN.js                                        0.37 kB │ gzip:  0.24 kB
#28 15.62 .svelte-kit/output/client/_app/immutable/nodes/15.C20n0iQx.js                                        0.37 kB │ gzip:  0.24 kB
#28 15.62 .svelte-kit/output/client/_app/immutable/nodes/22.VkQfG-9I.js                                        0.37 kB │ gzip:  0.24 kB
#28 15.62 .svelte-kit/output/client/_app/immutable/nodes/12.B0iBtEie.js                                        0.37 kB │ gzip:  0.24 kB
#28 15.62 .svelte-kit/output/client/_app/immutable/chunks/BpcPbYLx.js                                          0.40 kB │ gzip:  0.26 kB
#28 15.62 .svelte-kit/output/client/_app/immutable/nodes/16.CO3mQhZl.js                                        0.44 kB │ gzip:  0.27 kB
#28 15.62 .svelte-kit/output/client/_app/immutable/nodes/4.DuVZKVf6.js                                         0.44 kB │ gzip:  0.29 kB
#28 15.62 .svelte-kit/output/client/_app/immutable/nodes/23.DIdQsRju.js                                        0.45 kB │ gzip:  0.27 kB
#28 15.62 .svelte-kit/output/client/_app/immutable/nodes/6.D6tRl8W0.js                                         0.45 kB │ gzip:  0.29 kB
#28 15.62 .svelte-kit/output/client/_app/immutable/chunks/OCadlyWW.js                                          0.51 kB │ gzip:  0.33 kB
#28 15.62 .svelte-kit/output/client/_app/immutable/chunks/CK2Rqlcq.js                                          0.60 kB │ gzip:  0.35 kB
#28 15.62 .svelte-kit/output/client/_app/immutable/chunks/yCSwBoVu.js                                          0.63 kB │ gzip:  0.32 kB
#28 15.62 .svelte-kit/output/client/_app/immutable/chunks/DmwcY4cW.js                                          0.63 kB │ gzip:  0.35 kB
#28 15.62 .svelte-kit/output/client/_app/immutable/chunks/CfY_-D1a.js                                          0.65 kB │ gzip:  0.34 kB
#28 15.62 .svelte-kit/output/client/_app/immutable/chunks/DtdWoN14.js                                          0.67 kB │ gzip:  0.40 kB
#28 15.62 .svelte-kit/output/client/_app/immutable/chunks/DqJX7kfI.js                                          0.69 kB │ gzip:  0.30 kB
#28 15.62 .svelte-kit/output/client/_app/immutable/chunks/DvObCNt0.js                                          0.75 kB │ gzip:  0.43 kB
#28 15.62 .svelte-kit/output/client/_app/immutable/chunks/Cik4LbLP.js                                          0.79 kB │ gzip:  0.42 kB
#28 15.62 .svelte-kit/output/client/_app/immutable/chunks/BiGfdzMQ.js                                          0.83 kB │ gzip:  0.28 kB
#28 15.62 .svelte-kit/output/client/_app/immutable/chunks/CeEVCS5h.js                                          0.85 kB │ gzip:  0.29 kB
#28 15.62 .svelte-kit/output/client/_app/immutable/nodes/9.D674qr4p.js                                         0.99 kB │ gzip:  0.57 kB
#28 15.62 .svelte-kit/output/client/_app/immutable/nodes/1.CxpY17wF.js                                         1.00 kB │ gzip:  0.56 kB
#28 15.62 .svelte-kit/output/client/_app/immutable/chunks/kh2qLI1n.js                                          1.34 kB │ gzip:  0.75 kB
#28 15.62 .svelte-kit/output/client/_app/immutable/chunks/meWJt6RJ.js                                          1.34 kB │ gzip:  0.73 kB
#28 15.62 .svelte-kit/output/client/_app/immutable/chunks/Bjy-W4x2.js                                          1.36 kB │ gzip:  0.65 kB
#28 15.62 .svelte-kit/output/client/_app/immutable/chunks/JcPKaOmk.js                                          1.37 kB │ gzip:  0.68 kB
#28 15.62 .svelte-kit/output/client/_app/immutable/chunks/BetgckNs.js                                          1.58 kB │ gzip:  0.62 kB
#28 15.62 .svelte-kit/output/client/_app/immutable/chunks/Bg-HN9sX.js                                          1.68 kB │ gzip:  0.75 kB
#28 15.62 .svelte-kit/output/client/_app/immutable/chunks/UOuSpEqw.js                                          1.75 kB │ gzip:  0.84 kB
#28 15.62 .svelte-kit/output/client/_app/immutable/chunks/Dklz0Izb.js                                          1.78 kB │ gzip:  0.79 kB
#28 15.62 .svelte-kit/output/client/_app/immutable/chunks/Cvg4LN7Y.js                                          1.83 kB │ gzip:  0.60 kB
#28 15.62 .svelte-kit/output/client/_app/immutable/chunks/DmM3jFS-.js                                          1.84 kB │ gzip:  0.70 kB
#28 15.62 .svelte-kit/output/client/_app/immutable/chunks/DcD5QFHo.js                                          2.01 kB │ gzip:  0.87 kB
#28 15.62 .svelte-kit/output/client/_app/immutable/chunks/CDpK0viA.js                                          2.06 kB │ gzip:  0.63 kB
#28 15.62 .svelte-kit/output/client/_app/immutable/chunks/BzB2OK0L.js                                          2.53 kB │ gzip:  1.01 kB
#28 15.62 .svelte-kit/output/client/_app/immutable/chunks/cp2uMWdm.js                                          2.85 kB │ gzip:  0.83 kB
#28 15.62 .svelte-kit/output/client/_app/immutable/chunks/BAe-Pd6w.js                                          3.43 kB │ gzip:  1.14 kB
#28 15.62 .svelte-kit/output/client/_app/immutable/chunks/Dc2oxeW2.js                                          3.43 kB │ gzip:  1.36 kB
#28 15.62 .svelte-kit/output/client/_app/immutable/chunks/CJU8ewOl.js                                          4.00 kB │ gzip:  1.60 kB
#28 15.62 .svelte-kit/output/client/_app/immutable/chunks/CCZZzsws.js                                          4.69 kB │ gzip:  1.67 kB
#28 15.62 .svelte-kit/output/client/_app/immutable/chunks/jt9CXBz0.js                                          5.16 kB │ gzip:  1.93 kB
#28 15.62 .svelte-kit/output/client/_app/immutable/nodes/32.CXeuKIsx.js                                        5.24 kB │ gzip:  2.36 kB
#28 15.62 .svelte-kit/output/client/_app/immutable/chunks/uZ6yJw4o.js                                          5.36 kB │ gzip:  2.34 kB
#28 15.62 .svelte-kit/output/client/_app/immutable/nodes/31.0MeqZZoi.js                                        5.64 kB │ gzip:  2.15 kB
#28 15.62 .svelte-kit/output/client/_app/immutable/chunks/BxFWDhdJ.js                                          7.00 kB │ gzip:  2.53 kB
#28 15.62 .svelte-kit/output/client/_app/immutable/chunks/CT4NHZiG.js                                          7.05 kB │ gzip:  2.75 kB
#28 15.62 .svelte-kit/output/client/_app/immutable/nodes/24.Do0S7nJW.js                                        7.32 kB │ gzip:  2.72 kB
#28 15.62 .svelte-kit/output/client/_app/immutable/nodes/0.B9-E0KUf.js                                         7.65 kB │ gzip:  2.51 kB
#28 15.62 .svelte-kit/output/client/_app/immutable/nodes/13.BwvrzEOl.js                                        8.21 kB │ gzip:  3.33 kB
#28 15.62 .svelte-kit/output/client/_app/immutable/nodes/19.1JuGFW2C.js                                        8.51 kB │ gzip:  3.68 kB
#28 15.62 .svelte-kit/output/client/_app/immutable/nodes/33.BfTZ-H7j.js                                        8.86 kB │ gzip:  3.17 kB
#28 15.62 .svelte-kit/output/client/_app/immutable/nodes/26.D27NoyHi.js                                        9.25 kB │ gzip:  3.18 kB
#28 15.62 .svelte-kit/output/client/_app/immutable/chunks/CHIhzoJV.js                                         10.71 kB │ gzip:  3.88 kB
#28 15.62 .svelte-kit/output/client/_app/immutable/chunks/Bbn9jEbP.js                                         11.51 kB │ gzip:  3.98 kB
#28 15.62 .svelte-kit/output/client/_app/immutable/nodes/2.CS0Cye1v.js                                        11.69 kB │ gzip:  4.38 kB
#28 15.62 .svelte-kit/output/client/_app/immutable/chunks/BsrOlz1t.js                                         12.96 kB │ gzip:  4.23 kB
#28 15.62 .svelte-kit/output/client/_app/immutable/entry/app.CwveiV7P.js                                      13.57 kB │ gzip:  4.37 kB
#28 15.62 .svelte-kit/output/client/_app/immutable/nodes/17.BjiCGwn6.js                                       14.57 kB │ gzip:  5.69 kB
#28 15.62 .svelte-kit/output/client/_app/immutable/chunks/CT-RevDF.js                                         15.81 kB │ gzip:  4.86 kB
#28 15.62 .svelte-kit/output/client/_app/immutable/nodes/8.Bzer1ToZ.js                                        16.38 kB │ gzip:  5.87 kB
#28 15.62 .svelte-kit/output/client/_app/immutable/chunks/Bf_-Ck34.js                                         16.79 kB │ gzip:  5.82 kB
#28 15.62 .svelte-kit/output/client/_app/immutable/nodes/18.DvfHud_d.js                                       18.60 kB │ gzip:  6.55 kB
#28 15.62 .svelte-kit/output/client/_app/immutable/nodes/28.DsyrHYkp.js                                       19.36 kB │ gzip:  6.85 kB
#28 15.62 .svelte-kit/output/client/_app/immutable/nodes/29.BKTvkyUw.js                                       20.82 kB │ gzip:  6.66 kB
#28 15.62 .svelte-kit/output/client/_app/immutable/nodes/30.XUTd_GHm.js                                       22.40 kB │ gzip:  7.50 kB
#28 15.62 .svelte-kit/output/client/_app/immutable/chunks/BdYhyGh_.js                                         24.59 kB │ gzip:  6.80 kB
#28 15.62 .svelte-kit/output/client/_app/immutable/nodes/10.ehUrdd8i.js                                       26.34 kB │ gzip:  9.04 kB
#28 15.62 .svelte-kit/output/client/_app/immutable/chunks/u3oWOwuO.js                                         27.50 kB │ gzip:  8.78 kB
#28 15.62 .svelte-kit/output/client/_app/immutable/nodes/14.-021pPTV.js                                       27.70 kB │ gzip:  8.69 kB
#28 15.62 .svelte-kit/output/client/_app/immutable/chunks/CCZ1x-sj.js                                         30.07 kB │ gzip: 11.63 kB
#28 15.62 .svelte-kit/output/client/_app/immutable/nodes/21.jD7mIz7f.js                                       30.63 kB │ gzip:  9.88 kB
#28 15.62 .svelte-kit/output/client/_app/immutable/chunks/4leE81nQ.js                                         34.85 kB │ gzip: 11.84 kB
#28 15.62 .svelte-kit/output/client/_app/immutable/nodes/20.DRSFddFX.js                                       50.19 kB │ gzip: 14.88 kB
#28 15.62 .svelte-kit/output/client/_app/immutable/chunks/Cg9fePgA.js                                         50.94 kB │ gzip: 19.36 kB
#28 15.62 
#28 15.63 [32m✓ built in 3.62s[39m
#28 15.63 [33m[33m[PLUGIN_TIMINGS] [0mPlugin hooks ran for 3.4s of this 3.6s build (94%).
#28 15.63 The slowest hooks, timed inside each callback (the wait before a callback starts is excluded, the time it awaits is included):
#28 15.63   - vite-plugin-svelte:compile transform (66%, 2.4s, 114 calls)
#28 15.63 Additional hook time came from the hooks below and from hooks under 1s.
#28 15.63 2 hooks are listed without a time. Their calls overlapped, so the time inside one call includes work from other calls. To find their cost, profile the build with `node --cpu-prof`:
#28 15.63   - vite-plugin-sveltekit-guard resolveId (1995 calls)
#28 15.63   - vite:css transform (76 calls)
#28 15.63 See https://rolldown.rs/reference/InputOptions.checks#plugintimings for more details.
#28 15.63 [39m
#28 17.55 computing gzip size...
#28 17.56 .svelte-kit/output/server/_app/immutable/assets/geist-mono-symbols2-wght-normal.CO5SzqOn.woff2        5.81 kB
#28 17.56 .svelte-kit/output/server/_app/immutable/assets/geist-mono-cyrillic-ext-wght-normal.X_5orZeX.woff2    6.17 kB
#28 17.56 .svelte-kit/output/server/_app/immutable/assets/geist-cyrillic-ext-wght-normal.DjL33-gN.woff2         7.42 kB
#28 17.56 .svelte-kit/output/server/_app/immutable/assets/geist-mono-vietnamese-wght-normal.DadHysG0.woff2      7.69 kB
#28 17.56 .svelte-kit/output/server/_app/immutable/assets/geist-vietnamese-wght-normal.6IgcOCM7.woff2           8.00 kB
#28 17.56 .svelte-kit/output/server/_app/immutable/assets/geist-mono-cyrillic-wght-normal.DiZS0aHC.woff2       12.94 kB
#28 17.56 .svelte-kit/output/server/_app/immutable/assets/geist-mono-latin-ext-wght-normal.Bwz-egvJ.woff2      14.69 kB
#28 17.56 .svelte-kit/output/server/_app/immutable/assets/geist-cyrillic-wght-normal.BEAKL7Jp.woff2            15.08 kB
#28 17.56 .svelte-kit/output/server/_app/immutable/assets/geist-latin-ext-wght-normal.DC-KSUi6.woff2           16.51 kB
#28 17.56 .svelte-kit/output/server/_app/immutable/assets/geist-mono-latin-wght-normal.XN7g48iV.woff2          23.12 kB
#28 17.56 .svelte-kit/output/server/_app/immutable/assets/geist-latin-wght-normal.BgDaEnEv.woff2               29.40 kB
#28 17.56 .svelte-kit/output/server/.vite/manifest.json                                                        39.39 kB │ gzip:  3.99 kB
#28 17.56 .svelte-kit/output/server/_app/immutable/assets/BrandMark.DWSde6Ww.css                                0.20 kB │ gzip:  0.14 kB
#28 17.56 .svelte-kit/output/server/_app/immutable/assets/CursorPagination.DbjTanq2.css                         0.37 kB │ gzip:  0.23 kB
#28 17.56 .svelte-kit/output/server/_app/immutable/assets/_error.B6hFuh5l.css                                   0.48 kB │ gzip:  0.29 kB
#28 17.56 .svelte-kit/output/server/_app/immutable/assets/_page.qI-HkGM6.css                                    0.52 kB │ gzip:  0.26 kB
#28 17.56 .svelte-kit/output/server/_app/immutable/assets/RoutingDecisions.BKVcnrD-.css                         0.55 kB │ gzip:  0.30 kB
#28 17.56 .svelte-kit/output/server/_app/immutable/assets/userKeys.D_MV4LJ6.css                                 0.61 kB │ gzip:  0.34 kB
#28 17.56 .svelte-kit/output/server/_app/immutable/assets/RoutingPolicyEditor.BJZqratL.css                      0.64 kB │ gzip:  0.32 kB
#28 17.56 .svelte-kit/output/server/_app/immutable/assets/ConflictNotice.CsCOeo4a.css                           0.73 kB │ gzip:  0.32 kB
#28 17.56 .svelte-kit/output/server/_app/immutable/assets/_page.BkP3pjFd.css                                    0.81 kB │ gzip:  0.37 kB
#28 17.56 .svelte-kit/output/server/_app/immutable/assets/_page.lJnZ3fco.css                                    0.85 kB │ gzip:  0.38 kB
#28 17.56 .svelte-kit/output/server/_app/immutable/assets/SecretDialog.BrGd2n-3.css                             1.20 kB │ gzip:  0.52 kB
#28 17.56 .svelte-kit/output/server/_app/immutable/assets/RoutingPreferencesForm.CY3T8blZ.css                   1.26 kB │ gzip:  0.48 kB
#28 17.56 .svelte-kit/output/server/_app/immutable/assets/_page.CEOwprLc.css                                    1.31 kB │ gzip:  0.47 kB
#28 17.56 .svelte-kit/output/server/_app/immutable/assets/_page.BwL_XRn9.css                                    1.44 kB │ gzip:  0.54 kB
#28 17.56 .svelte-kit/output/server/_app/immutable/assets/_page.Gsf7t1N4.css                                    1.52 kB │ gzip:  0.53 kB
#28 17.56 .svelte-kit/output/server/_app/immutable/assets/_page.DYuTP756.css                                    1.71 kB │ gzip:  0.59 kB
#28 17.56 .svelte-kit/output/server/_app/immutable/assets/SetupFrame.D6wd0yGF.css                               1.76 kB │ gzip:  0.65 kB
#28 17.56 .svelte-kit/output/server/_app/immutable/assets/_page.Dyc3CfHy.css                                    2.18 kB │ gzip:  0.69 kB
#28 17.56 .svelte-kit/output/server/_app/immutable/assets/_page.rrQ-NEpm.css                                    2.71 kB │ gzip:  0.80 kB
#28 17.56 .svelte-kit/output/server/_app/immutable/assets/_page.BCB9RDaG.css                                    2.79 kB │ gzip:  0.77 kB
#28 17.56 .svelte-kit/output/server/_app/immutable/assets/_page.CYId_v8V.css                                    3.10 kB │ gzip:  0.79 kB
#28 17.56 .svelte-kit/output/server/_app/immutable/assets/ProviderValidationIssues.Bq4flAVf.css                 3.47 kB │ gzip:  1.00 kB
#28 17.56 .svelte-kit/output/server/_app/immutable/assets/_page.DlIVoB3o.css                                    3.74 kB │ gzip:  0.91 kB
#28 17.56 .svelte-kit/output/server/_app/immutable/assets/MediaJobsPage.DijQ2MQj.css                            3.80 kB │ gzip:  0.93 kB
#28 17.56 .svelte-kit/output/server/_app/immutable/assets/_page.NR8GeMMd.css                                    3.99 kB │ gzip:  0.96 kB
#28 17.56 .svelte-kit/output/server/_app/immutable/assets/_page.CdA5oDe0.css                                    4.31 kB │ gzip:  1.11 kB
#28 17.56 .svelte-kit/output/server/_app/immutable/assets/ApiKeysPage.C1150Hut.css                              5.75 kB │ gzip:  1.34 kB
#28 17.56 .svelte-kit/output/server/_app/immutable/assets/RequestsPage.DUtItHAT.css                             5.84 kB │ gzip:  1.27 kB
#28 17.56 .svelte-kit/output/server/_app/immutable/assets/RouteDraftEditor.r4fVuFeG.css                         6.30 kB │ gzip:  1.37 kB
#28 17.56 .svelte-kit/output/server/_app/immutable/assets/_page.LYuNuxZE.css                                    6.42 kB │ gzip:  1.40 kB
#28 17.56 .svelte-kit/output/server/_app/immutable/assets/_page.3siVHESI.css                                    6.73 kB │ gzip:  1.48 kB
#28 17.56 .svelte-kit/output/server/_app/immutable/assets/_layout.BnWPllTG.css                                  7.53 kB │ gzip:  1.71 kB
#28 17.56 .svelte-kit/output/server/_app/immutable/assets/_page.D08K6GzD.css                                    8.09 kB │ gzip:  1.59 kB
#28 17.56 .svelte-kit/output/server/_app/immutable/assets/_page.3JpcSsMC.css                                    9.99 kB │ gzip:  1.88 kB
#28 17.56 .svelte-kit/output/server/_app/immutable/assets/_layout.BMARtlm5.css                                 18.02 kB │ gzip:  4.32 kB
#28 17.56 .svelte-kit/output/server/chunks/navigation.js                                                        0.03 kB │ gzip:  0.05 kB
#28 17.56 .svelte-kit/output/server/entries/pages/_layout.ts.js                                                 0.07 kB │ gzip:  0.09 kB
#28 17.56 .svelte-kit/output/server/env.js                                                                      0.22 kB │ gzip:  0.14 kB
#28 17.56 .svelte-kit/output/server/chunks/apiKeyListState.js                                                   0.22 kB │ gzip:  0.16 kB
#28 17.56 .svelte-kit/output/server/chunks/providerPagination.js                                                0.25 kB │ gzip:  0.18 kB
#28 17.56 .svelte-kit/output/server/chunks/routeListState.js                                                    0.26 kB │ gzip:  0.18 kB
#28 17.56 .svelte-kit/output/server/chunks/env.js                                                               0.28 kB │ gzip:  0.17 kB
#28 17.56 .svelte-kit/output/server/entries/pages/(console)/routes/new/_page.svelte.js                          0.29 kB │ gzip:  0.19 kB
#28 17.56 .svelte-kit/output/server/chunks/requestKeys.js                                                       0.30 kB │ gzip:  0.20 kB
#28 17.56 .svelte-kit/output/server/chunks/apiKeyQueries.js                                                     0.34 kB │ gzip:  0.21 kB
#28 17.56 .svelte-kit/output/server/chunks/ReadOnlyNote.js                                                      0.35 kB │ gzip:  0.24 kB
#28 17.56 .svelte-kit/output/server/internal.js                                                                 0.40 kB │ gzip:  0.19 kB
#28 17.56 .svelte-kit/output/server/entries/pages/(console)/routes/_routeId_/_page.svelte.js                    0.44 kB │ gzip:  0.24 kB
#28 17.56 .svelte-kit/output/server/entries/pages/(console)/routes/_layout.svelte.js                            0.45 kB │ gzip:  0.26 kB
#28 17.56 .svelte-kit/output/server/entries/pages/(console)/api-keys/_layout.svelte.js                          0.45 kB │ gzip:  0.27 kB
#28 17.56 .svelte-kit/output/server/entries/pages/(console)/providers/_layout.svelte.js                         0.46 kB │ gzip:  0.28 kB
#28 17.56 .svelte-kit/output/server/chunks/unsavedChanges.js                                                    0.46 kB │ gzip:  0.27 kB
#28 17.56 .svelte-kit/output/server/chunks/useRole.svelte.js                                                    0.48 kB │ gzip:  0.26 kB
#28 17.56 .svelte-kit/output/server/chunks/focusError.js                                                        0.50 kB │ gzip:  0.33 kB
#28 17.56 .svelte-kit/output/server/chunks/routeKeys.js                                                         0.54 kB │ gzip:  0.26 kB
#28 17.56 .svelte-kit/output/server/chunks/api.js                                                               0.58 kB │ gzip:  0.36 kB
#28 17.56 .svelte-kit/output/server/chunks/query.js                                                             0.62 kB │ gzip:  0.39 kB
#28 17.56 .svelte-kit/output/server/chunks/CursorPagination.js                                                  0.71 kB │ gzip:  0.38 kB
#28 17.56 .svelte-kit/output/server/chunks/BrandMark.js                                                         0.74 kB │ gzip:  0.42 kB
#28 17.56 .svelte-kit/output/server/entries/pages/(console)/media-jobs/_layout.svelte.js                        0.75 kB │ gzip:  0.37 kB
#28 17.56 .svelte-kit/output/server/entries/pages/(console)/requests/_layout.svelte.js                          0.75 kB │ gzip:  0.36 kB
#28 17.56 .svelte-kit/output/server/chunks/urlSync.svelte.js                                                    0.77 kB │ gzip:  0.43 kB
#28 17.56 .svelte-kit/output/server/entries/pages/(console)/api-keys/_page.svelte.js                            0.83 kB │ gzip:  0.37 kB
#28 17.56 .svelte-kit/output/server/entries/pages/(console)/requests/_page.svelte.js                            0.84 kB │ gzip:  0.36 kB
#28 17.56 .svelte-kit/output/server/entries/pages/(console)/media-jobs/_page.svelte.js                          0.85 kB │ gzip:  0.37 kB
#28 17.56 .svelte-kit/output/server/entries/pages/(console)/api-keys/new/_page.svelte.js                        0.86 kB │ gzip:  0.38 kB
#28 17.56 .svelte-kit/output/server/entries/pages/_error.svelte.js                                              0.87 kB │ gzip:  0.46 kB
#28 17.56 .svelte-kit/output/server/chunks/pagination2.js                                                       0.87 kB │ gzip:  0.48 kB
#28 17.56 .svelte-kit/output/server/entries/pages/(console)/media-jobs/_jobId_/_page.svelte.js                  0.96 kB │ gzip:  0.40 kB
#28 17.56 .svelte-kit/output/server/entries/pages/(console)/requests/_requestId_/_page.svelte.js                0.96 kB │ gzip:  0.39 kB
#28 17.56 .svelte-kit/output/server/entries/pages/(console)/_...path_/_page.svelte.js                           1.02 kB │ gzip:  0.54 kB
#28 17.56 .svelte-kit/output/server/chunks/api2.js                                                              1.05 kB │ gzip:  0.48 kB
#28 17.56 .svelte-kit/output/server/chunks/SecretDialog.js                                                      1.07 kB │ gzip:  0.50 kB
#28 17.56 .svelte-kit/output/server/chunks/ConflictNotice.js                                                    1.07 kB │ gzip:  0.54 kB
#28 17.56 .svelte-kit/output/server/chunks/serviceCapabilities.svelte.js                                        1.13 kB │ gzip:  0.42 kB
#28 17.56 .svelte-kit/output/server/chunks/paths.js                                                             1.15 kB │ gzip:  0.65 kB
#28 17.56 .svelte-kit/output/server/chunks/usage.js                                                             1.20 kB │ gzip:  0.37 kB
#28 17.56 .svelte-kit/output/server/chunks/concurrentEdit.js                                                    1.23 kB │ gzip:  0.39 kB
#28 17.56 .svelte-kit/output/server/chunks/displayNamePolicy.js                                                 1.29 kB │ gzip:  0.61 kB
#28 17.56 .svelte-kit/output/server/entries/pages/setup/_page.svelte.js                                         1.31 kB │ gzip:  0.58 kB
#28 17.56 .svelte-kit/output/server/chunks/internal.js                                                          1.31 kB │ gzip:  0.54 kB
#28 17.56 .svelte-kit/output/server/chunks/authorization.js                                                     1.32 kB │ gzip:  0.49 kB
#28 17.56 .svelte-kit/output/server/entries/pages/invitations/accept/_page.svelte.js                            1.34 kB │ gzip:  0.56 kB
#28 17.56 .svelte-kit/output/server/chunks/client2.js                                                           1.41 kB │ gzip:  0.70 kB
#28 17.56 .svelte-kit/output/server/chunks/providerKeys.js                                                      1.48 kB │ gzip:  0.45 kB
#28 17.56 .svelte-kit/output/server/chunks/pagination.js                                                        1.56 kB │ gzip:  0.65 kB
#28 17.56 .svelte-kit/output/server/chunks/auth.js                                                              1.61 kB │ gzip:  0.58 kB
#28 17.56 .svelte-kit/output/server/chunks/SetupFrame.js                                                        1.82 kB │ gzip:  0.78 kB
#28 17.56 .svelte-kit/output/server/chunks/api3.js                                                              2.16 kB │ gzip:  0.84 kB
#28 17.56 .svelte-kit/output/server/chunks/api4.js                                                              2.28 kB │ gzip:  0.70 kB
#28 17.56 .svelte-kit/output/server/chunks/state.js                                                             2.69 kB │ gzip:  1.13 kB
#28 17.56 .svelte-kit/output/server/chunks/mediaJobListState.js                                                 2.90 kB │ gzip:  1.05 kB
#28 17.56 .svelte-kit/output/server/chunks/budgetPresentation.js                                                2.93 kB │ gzip:  1.22 kB
#28 17.56 .svelte-kit/output/server/chunks/requestListState.js                                                  2.96 kB │ gzip:  1.08 kB
#28 17.56 .svelte-kit/output/server/chunks/models.js                                                            3.47 kB │ gzip:  0.82 kB
#28 17.56 .svelte-kit/output/server/chunks/NavIcon.js                                                           3.49 kB │ gzip:  1.20 kB
#28 17.56 .svelte-kit/output/server/chunks/filters.js                                                           3.52 kB │ gzip:  1.55 kB
#28 17.56 .svelte-kit/output/server/chunks/exports.js                                                           4.66 kB │ gzip:  1.52 kB
#28 17.56 .svelte-kit/output/server/chunks/api5.js                                                              4.95 kB │ gzip:  1.38 kB
#28 17.56 .svelte-kit/output/server/chunks/userKeys.js                                                          5.32 kB │ gzip:  1.55 kB
#28 17.56 .svelte-kit/output/server/chunks/RoutingDecisions.js                                                  5.72 kB │ gzip:  1.88 kB
#28 17.56 .svelte-kit/output/server/chunks/RoutingPolicyEditor.js                                               5.76 kB │ gzip:  1.91 kB
#28 17.56 .svelte-kit/output/server/chunks/mutation.js                                                          5.86 kB │ gzip:  1.55 kB
#28 17.56 .svelte-kit/output/server/chunks/format.js                                                            5.94 kB │ gzip:  2.00 kB
#28 17.56 .svelte-kit/output/server/chunks/client.js                                                            5.94 kB │ gzip:  2.36 kB
#28 17.56 .svelte-kit/output/server/entries/pages/login/_page.svelte.js                                         6.08 kB │ gzip:  2.22 kB
#28 17.56 .svelte-kit/output/server/entries/pages/(console)/routes/_routeId_/revisions/_page.svelte.js          6.55 kB │ gzip:  1.92 kB
#28 17.56 .svelte-kit/output/server/chunks/providerEditor.js                                                    8.45 kB │ gzip:  2.50 kB
#28 17.56 .svelte-kit/output/server/chunks/RoutingPreferencesForm.js                                            8.84 kB │ gzip:  2.43 kB
#28 17.56 .svelte-kit/output/server/entries/pages/(console)/access/_page.svelte.js                              8.98 kB │ gzip:  2.79 kB
#28 17.56 .svelte-kit/output/server/entries/pages/(console)/routes/_page.svelte.js                              9.34 kB │ gzip:  2.46 kB
#28 17.56 .svelte-kit/output/server/chunks/routing.js                                                           9.40 kB │ gzip:  3.14 kB
#28 17.56 .svelte-kit/output/server/entries/pages/(console)/providers/_page.svelte.js                           9.46 kB │ gzip:  2.77 kB
#28 17.56 .svelte-kit/output/server/entries/pages/(console)/audit/_page.svelte.js                              10.60 kB │ gzip:  3.16 kB
#28 17.56 .svelte-kit/output/server/entries/pages/(console)/_layout.svelte.js                                  13.19 kB │ gzip:  3.39 kB
#28 17.56 .svelte-kit/output/server/chunks/MediaJobsPage.js                                                    14.43 kB │ gzip:  3.42 kB
#28 17.56 .svelte-kit/output/server/entries/pages/(console)/models/_page.svelte.js                             15.72 kB │ gzip:  4.32 kB
#28 17.56 .svelte-kit/output/server/entries/pages/_layout.svelte.js                                            16.64 kB │ gzip:  3.81 kB
#28 17.56 .svelte-kit/output/server/chunks/uneval.js                                                           17.25 kB │ gzip:  4.78 kB
#28 17.56 .svelte-kit/output/server/chunks/createQuery.js                                                      18.27 kB │ gzip:  4.58 kB
#28 17.56 .svelte-kit/output/server/chunks/ProviderValidationIssues.js                                         18.73 kB │ gzip:  4.20 kB
#28 17.56 .svelte-kit/output/server/entries/pages/(console)/_page.svelte.js                                    19.32 kB │ gzip:  4.89 kB
#28 17.56 .svelte-kit/output/server/entries/pages/(console)/playground/_page.svelte.js                         21.17 kB │ gzip:  5.50 kB
#28 17.56 .svelte-kit/output/server/entries/pages/(console)/settings/_page.svelte.js                           21.56 kB │ gzip:  5.32 kB
#28 17.56 .svelte-kit/output/server/chunks/context.js                                                          24.54 kB │ gzip:  6.37 kB
#28 17.56 .svelte-kit/output/server/chunks/RequestsPage.js                                                     25.61 kB │ gzip:  5.21 kB
#28 17.56 .svelte-kit/output/server/entries/pages/(console)/usage/_page.svelte.js                              25.86 kB │ gzip:  6.41 kB
#28 17.56 .svelte-kit/output/server/entries/pages/(console)/settings/profile/_page.svelte.js                   28.37 kB │ gzip:  6.42 kB
#28 17.56 .svelte-kit/output/server/chunks/lifecycle.js                                                        28.97 kB │ gzip:  7.68 kB
#28 17.56 .svelte-kit/output/server/chunks/shared.js                                                           30.01 kB │ gzip:  8.09 kB
#28 17.56 .svelte-kit/output/server/entries/pages/(console)/health/_page.svelte.js                             32.45 kB │ gzip:  7.60 kB
#28 17.56 .svelte-kit/output/server/chunks/RouteDraftEditor.js                                                 34.04 kB │ gzip:  8.03 kB
#28 17.56 .svelte-kit/output/server/chunks/ApiKeysPage.js                                                      35.36 kB │ gzip:  8.11 kB
#28 17.56 .svelte-kit/output/server/chunks/utils.js                                                            37.45 kB │ gzip: 10.84 kB
#28 17.56 .svelte-kit/output/server/chunks/internal2.js                                                        37.95 kB │ gzip: 10.34 kB
#28 17.56 .svelte-kit/output/server/entries/pages/(console)/providers/new/_page.svelte.js                      38.01 kB │ gzip:  9.03 kB
#28 17.56 .svelte-kit/output/server/entries/pages/(console)/providers/_providerId_/_page.svelte.js             54.08 kB │ gzip: 10.76 kB
#28 17.56 .svelte-kit/output/server/remote-entry.js                                                            55.47 kB │ gzip: 12.13 kB
#28 17.56 .svelte-kit/output/server/chunks/index-server.js                                                    126.18 kB │ gzip: 32.63 kB
#28 17.56 .svelte-kit/output/server/index.js                                                                  132.45 kB │ gzip: 33.27 kB
#28 17.56 
#28 17.57 [32m✓ built in 11.67s[39m
#28 17.57 
#28 17.57 Run npm run preview to preview your production build locally.
#28 17.57 
#28 17.57 > Using @sveltejs/adapter-static
#28 18.98   Wrote site to "build"
#28 18.98   ✔ done
#28 18.98 [33m[33m[PLUGIN_TIMINGS] [0mPlugin hooks ran for 12.9s. The build took 11.7s. Hooks such as `closeBundle` run after the build ends, so hook time can be more than build time.
#28 18.98 The slowest hooks, timed inside each callback (the wait before a callback starts is excluded, the time it awaits is included):
#28 18.98   - vite-plugin-sveltekit-compile writeBundle (65%, 7.6s, 1 call)
#28 18.98   - vite-plugin-svelte:compile transform (25%, 2.9s, 114 calls)
#28 18.98   - vite-plugin-sveltekit-compile closeBundle (12%, 1.4s, 1 call)
#28 18.98 Additional hook time came from the hooks below and from hooks under 1s.
#28 18.98 2 hooks are listed without a time. Their calls overlapped, so the time inside one call includes work from other calls. To find their cost, profile the build with `node --cpu-prof`:
#28 18.98   - vite-plugin-sveltekit-guard resolveId (1697 calls)
#28 18.98   - vite:css transform (76 calls)
#28 18.98 See https://rolldown.rs/reference/InputOptions.checks#plugintimings for more details.
#28 18.98 [39m
#28 19.33 Verified console manifest: 413 assets
#28 DONE 19.7s

#29 [go-build 10/12] RUN version=$(sed -n 's/  "version": "\([^" ]*\)",/\1/p' package.json) &&     test -n "$version" && test "${OLP_VERSION:-$version}" = "$version" &&     mkdir -p /out && go build -mod=readonly -trimpath       -ldflags="-s -w -X github.com/tyk-swe/olp/internal/process.Version=$version" -o /out/olp ./cmd/olp
#29 DONE 50.6s

#30 [go-build 11/12] RUN go version -m /out/olp > /out/go-build-info.txt && ldd /out/olp > /out/native-link.txt
#30 DONE 0.2s

#31 [go-build 12/12] RUN glide_dir="$(go list -m -f '{{.Dir}}' github.com/valkey-io/valkey-glide/go/v2)" &&     cp "$glide_dir/LICENSE" /out/GLIDE-LICENSE &&     cp "$glide_dir/THIRD_PARTY_LICENSES_GO" /out/GLIDE-THIRD-PARTY-LICENSES
#31 DONE 0.2s

#32 [stage-2 2/6] COPY --from=go-build /out/olp /usr/local/bin/olp
#32 DONE 0.1s

#33 [stage-2 3/6] COPY --from=go-build /out/*LICENSE* /out/*txt /usr/share/doc/openllmproxy/
#33 DONE 0.0s

#34 [stage-2 4/6] COPY --from=go-build /out/native/ /usr/share/doc/openllmproxy/native/
#34 DONE 0.0s

#35 [stage-2 5/6] COPY --from=console-build /src/console/build /opt/olp/console
#35 DONE 0.1s

#36 [stage-2 6/6] COPY LICENSE /usr/share/doc/openllmproxy/
#36 DONE 0.0s

#37 exporting to image
#37 exporting layers
#37 exporting layers 2.6s done
#37 exporting manifest sha256:c77d017bb37b72366a08222baab747885bfffe3bb6cfaa5944d12f5b6d1b1ea8
#37 exporting manifest sha256:c77d017bb37b72366a08222baab747885bfffe3bb6cfaa5944d12f5b6d1b1ea8 done
#37 exporting config sha256:5477fcdc15aa2298ddee9385c9d7ccd9a3254c50c2a4a8683d55f0a89c1c6978 done
#37 exporting attestation manifest sha256:9464e31d935276f7b135c80ec53c8e589b3a79a9a5a270e5ed890df77c5e0899 done
#37 exporting manifest list sha256:72523c3153c53b631a85d56dddcc9478db8d6cff0b2cc8c4bcf3c468265712bc done
#37 naming to moby-dangling@sha256:72523c3153c53b631a85d56dddcc9478db8d6cff0b2cc8c4bcf3c468265712bc done
#37 unpacking to moby-dangling@sha256:72523c3153c53b631a85d56dddcc9478db8d6cff0b2cc8c4bcf3c468265712bc
#37 unpacking to moby-dangling@sha256:72523c3153c53b631a85d56dddcc9478db8d6cff0b2cc8c4bcf3c468265712bc 0.4s done
#37 DONE 3.1s
